Archive member included to satisfy reference by file (symbol)

f:/gcc_arm_none_eabi/version_10_3_1/bin/../lib/gcc/arm-none-eabi/10.3.1/thumb/v7e-m/nofp\libgcc.a(_arm_mulsf3.o)
                              CMakeFiles/infantry.elf.dir/infantry/chassis.c.obj (__aeabi_fmul)
f:/gcc_arm_none_eabi/version_10_3_1/bin/../lib/gcc/arm-none-eabi/10.3.1/thumb/v7e-m/nofp\libgcc.a(_arm_addsubdf3.o)
                              CMakeFiles/infantry.elf.dir/infantry/chassis.c.obj (__aeabi_dsub)
f:/gcc_arm_none_eabi/version_10_3_1/bin/../lib/gcc/arm-none-eabi/10.3.1/thumb/v7e-m/nofp\libgcc.a(_arm_cmpdf2.o)
                              CMakeFiles/infantry.elf.dir/infantry/chassis.c.obj (__aeabi_dcmplt)
f:/gcc_arm_none_eabi/version_10_3_1/bin/../lib/gcc/arm-none-eabi/10.3.1/thumb/v7e-m/nofp\libgcc.a(_arm_truncdfsf2.o)
                              CMakeFiles/infantry.elf.dir/infantry/chassis.c.obj (__aeabi_d2f)
f:/gcc_arm_none_eabi/version_10_3_1/bin/../lib/gcc/arm-none-eabi/10.3.1/thumb/v7e-m/nofp\libgcc.a(_arm_addsubsf3.o)
                              CMakeFiles/infantry.elf.dir/infantry/chassis.c.obj (__aeabi_fsub)
f:/gcc_arm_none_eabi/version_10_3_1/bin/../lib/gcc/arm-none-eabi/10.3.1/thumb/v7e-m/nofp\libgcc.a(_arm_muldivsf3.o)
                              CMakeFiles/infantry.elf.dir/infantry/chassis.c.obj (__aeabi_fdiv)
f:/gcc_arm_none_eabi/version_10_3_1/bin/../lib/gcc/arm-none-eabi/10.3.1/thumb/v7e-m/nofp\libgcc.a(_arm_cmpsf2.o)
                              CMakeFiles/infantry.elf.dir/infantry/chassis.c.obj (__aeabi_fcmpeq)
f:/gcc_arm_none_eabi/version_10_3_1/bin/../lib/gcc/arm-none-eabi/10.3.1/thumb/v7e-m/nofp\libgcc.a(_arm_fixsfsi.o)
                              CMakeFiles/infantry.elf.dir/infantry/gimbal.c.obj (__aeabi_f2iz)
f:/gcc_arm_none_eabi/version_10_3_1/bin/../lib/gcc/arm-none-eabi/10.3.1/thumb/v7e-m/nofp\libgcc.a(_aeabi_uldivmod.o)
                              CMakeFiles/infantry.elf.dir/Drivers/STM32F4xx_HAL_Driver/Src/stm32f4xx_hal_rcc.c.obj (__aeabi_uldivmod)
f:/gcc_arm_none_eabi/version_10_3_1/bin/../lib/gcc/arm-none-eabi/10.3.1/thumb/v7e-m/nofp\libgcc.a(_udivmoddi4.o)
                              f:/gcc_arm_none_eabi/version_10_3_1/bin/../lib/gcc/arm-none-eabi/10.3.1/thumb/v7e-m/nofp\libgcc.a(_aeabi_uldivmod.o) (__udivmoddi4)
f:/gcc_arm_none_eabi/version_10_3_1/bin/../lib/gcc/arm-none-eabi/10.3.1/thumb/v7e-m/nofp\libgcc.a(_dvmd_tls.o)
                              f:/gcc_arm_none_eabi/version_10_3_1/bin/../lib/gcc/arm-none-eabi/10.3.1/thumb/v7e-m/nofp\libgcc.a(_aeabi_uldivmod.o) (__aeabi_ldiv0)
f:/gcc_arm_none_eabi/version_10_3_1/bin/../lib/gcc/arm-none-eabi/10.3.1/../../../../arm-none-eabi/lib/thumb/v7e-m/nofp\libg.a(lib_a-errno.o)
                              CMakeFiles/infantry.elf.dir/Core/Src/syscalls.c.obj (__errno)
f:/gcc_arm_none_eabi/version_10_3_1/bin/../lib/gcc/arm-none-eabi/10.3.1/../../../../arm-none-eabi/lib/thumb/v7e-m/nofp\libg.a(lib_a-exit.o)
                              f:/gcc_arm_none_eabi/version_10_3_1/bin/../lib/gcc/arm-none-eabi/10.3.1/../../../../arm-none-eabi/lib/thumb/v7e-m/nofp/crt0.o (exit)
f:/gcc_arm_none_eabi/version_10_3_1/bin/../lib/gcc/arm-none-eabi/10.3.1/../../../../arm-none-eabi/lib/thumb/v7e-m/nofp\libg.a(lib_a-impure.o)
                              f:/gcc_arm_none_eabi/version_10_3_1/bin/../lib/gcc/arm-none-eabi/10.3.1/../../../../arm-none-eabi/lib/thumb/v7e-m/nofp\libg.a(lib_a-exit.o) (_global_impure_ptr)
f:/gcc_arm_none_eabi/version_10_3_1/bin/../lib/gcc/arm-none-eabi/10.3.1/../../../../arm-none-eabi/lib/thumb/v7e-m/nofp\libg.a(lib_a-init.o)
                              f:/gcc_arm_none_eabi/version_10_3_1/bin/../lib/gcc/arm-none-eabi/10.3.1/../../../../arm-none-eabi/lib/thumb/v7e-m/nofp/crt0.o (__libc_init_array)
f:/gcc_arm_none_eabi/version_10_3_1/bin/../lib/gcc/arm-none-eabi/10.3.1/../../../../arm-none-eabi/lib/thumb/v7e-m/nofp\libg.a(lib_a-memset.o)
                              f:/gcc_arm_none_eabi/version_10_3_1/bin/../lib/gcc/arm-none-eabi/10.3.1/../../../../arm-none-eabi/lib/thumb/v7e-m/nofp/crt0.o (memset)
f:/gcc_arm_none_eabi/version_10_3_1/bin/../lib/gcc/arm-none-eabi/10.3.1/../../../../arm-none-eabi/lib/thumb/v7e-m/nofp\libg.a(lib_a-__call_atexit.o)
                              f:/gcc_arm_none_eabi/version_10_3_1/bin/../lib/gcc/arm-none-eabi/10.3.1/../../../../arm-none-eabi/lib/thumb/v7e-m/nofp\libg.a(lib_a-exit.o) (__call_exitprocs)
f:/gcc_arm_none_eabi/version_10_3_1/bin/../lib/gcc/arm-none-eabi/10.3.1/../../../../arm-none-eabi/lib/thumb/v7e-m/nofp\libg.a(lib_a-atexit.o)
                              f:/gcc_arm_none_eabi/version_10_3_1/bin/../lib/gcc/arm-none-eabi/10.3.1/../../../../arm-none-eabi/lib/thumb/v7e-m/nofp\libg.a(lib_a-__call_atexit.o) (atexit)
f:/gcc_arm_none_eabi/version_10_3_1/bin/../lib/gcc/arm-none-eabi/10.3.1/../../../../arm-none-eabi/lib/thumb/v7e-m/nofp\libg.a(lib_a-fini.o)
[...]
Memory Configuration

Name             Origin             Length             Attributes
CCMRAM           0x10000000         0x00010000         xrw
RAM              0x20000000         0x00020000         xrw
FLASH            0x08000000         0x00100000         xr
*default*        0x00000000         0xffffffff

Linker script and memory map

LOAD f:/gcc_arm_none_eabi/version_10_3_1/bin/../lib/gcc/arm-none-eabi/10.3.1/thumb/v7e-m/nofp/crti.o
LOAD f:/gcc_arm_none_eabi/version_10_3_1/bin/../lib/gcc/arm-none-eabi/10.3.1/thumb/v7e-m/nofp/crtbegin.o
LOAD f:/gcc_arm_none_eabi/version_10_3_1/bin/../lib/gcc/arm-none-eabi/10.3.1/../../../../arm-none-eabi/lib/thumb/v7e-m/nofp/crt0.o
LOAD CMakeFiles/infantry.elf.dir/infantry/chassis.c.obj
LOAD CMakeFiles/infantry.elf.dir/infantry/gimbal.c.obj
LOAD CMakeFiles/infantry.elf.dir/infantry/imu.c.obj
LOAD CMakeFiles/infantry.elf.dir/infantry/motors.c.obj
LOAD CMakeFiles/infantry.elf.dir/infantry/pid.c.obj
LOAD CMakeFiles/infantry.elf.dir/infantry/rc.c.obj
LOAD CMakeFiles/infantry.elf.dir/infantry/referee.c.obj
LOAD CMakeFiles/infantry.elf.dir/Core/Src/can.c.obj
LOAD CMakeFiles/infantry.elf.dir/Core/Src/dma.c.obj
LOAD CMakeFiles/infantry.elf.dir/Core/Src/gpio.c.obj
LOAD CMakeFiles/infantry.elf.dir/Core/Src/iwdg.c.obj
LOAD CMakeFiles/infantry.elf.dir/Core/Src/main.c.obj
LOAD CMakeFiles/infantry.elf.dir/Core/Src/spi.c.obj
LOAD CMakeFiles/infantry.elf.dir/Core/Src/stm32f4xx_hal_msp.c.obj
LOAD CMakeFiles/infantry.elf.dir/Core/Src/stm32f4xx_it.c.obj
LOAD CMakeFiles/infantry.elf.dir/Core/Src/syscalls.c.obj
LOAD CMakeFiles/infantry.elf.dir/Core/Src/sysmem.c.obj
LOAD CMakeFiles/infantry.elf.dir/Core/Src/system_stm32f4xx.c.obj
LOAD CMakeFiles/infantry.elf.dir/Core/Src/tim.c.obj
LOAD CMakeFiles/infantry.elf.dir/Core/Src/usart.c.obj
LOAD CMakeFiles/infantry.elf.dir/Core/Startup/startup_stm32f407ighx.s.obj
LOAD CMakeFiles/infantry.elf.dir/Drivers/STM32F4xx_HAL_Driver/Src/stm32f4xx_hal.c.obj
LOAD CMakeFiles/infantry.elf.dir/Drivers/STM32F4xx_HAL_Driver/Src/stm32f4xx_hal_can.c.obj
LOAD CMakeFiles/infantry.elf.dir/Drivers/STM32F4xx_HAL_Driver/Src/stm32f4xx_hal_cortex.c.obj
LOAD CMakeFiles/infantry.elf.dir/Drivers/STM32F4xx_HAL_Driver/Src/stm32f4xx_hal_dma.c.obj
LOAD CMakeFiles/infantry.elf.dir/Drivers/STM32F4xx_HAL_Driver/Src/stm32f4xx_hal_dma_ex.c.obj
LOAD CMakeFiles/infantry.elf.dir/Drivers/STM32F4xx_HAL_Driver/Src/stm32f4xx_hal_exti.c.obj
LOAD CMakeFiles/infantry.elf.dir/Drivers/STM32F4xx_HAL_Driver/Src/stm32f4xx_hal_flash.c.obj
LOAD CMakeFiles/infantry.elf.dir/Drivers/STM32F4xx_HAL_Driver/Src/stm32f4xx_hal_flash_ex.c.obj
LOAD CMakeFiles/infantry.elf.dir/Drivers/STM32F4xx_HAL_Driver/Src/stm32f4xx_hal_flash_ramfunc.c.obj
LOAD CMakeFiles/infantry.elf.dir/Drivers/STM32F4xx_HAL_Driver/Src/stm32f4xx_hal_gpio.c.obj
LOAD CMakeFiles/infantry.elf.dir/Drivers/STM32F4xx_HAL_Driver/Src/stm32f4xx_hal_iwdg.c.obj
LOAD CMakeFiles/infantry.elf.dir/Drivers/STM32F4xx_HAL_Driver/Src/stm32f4xx_hal_pwr.c.obj
LOAD CMakeFiles/infantry.elf.dir/Drivers/STM32F4xx_HAL_Driver/Src/stm32f4xx_hal_pwr_ex.c.obj
LOAD CMakeFiles/infantry.elf.dir/Drivers/STM32F4xx_HAL_Driver/Src/stm32f4xx_hal_rcc.c.obj
LOAD CMakeFiles/infantry.elf.dir/Drivers/STM32F4xx_HAL_Driver/Src/stm32f4xx_hal_rcc_ex.c.obj
LOAD CMakeFiles/infantry.elf.dir/Drivers/STM32F4xx_HAL_Driver/Src/stm32f4xx_hal_spi.c.obj
LOAD CMakeFiles/infantry.elf.dir/Drivers/STM32F4xx_HAL_Driver/Src/stm32f4xx_hal_tim.c.obj
LOAD CMakeFiles/infantry.elf.dir/Drivers/STM32F4xx_HAL_Driver/Src/stm32f4xx_hal_tim_ex.c.obj
LOAD CMakeFiles/infantry.elf.dir/Drivers/STM32F4xx_HAL_Driver/Src/stm32f4xx_hal_uart.c.obj
START GROUP
LOAD f:/gcc_arm_none_eabi/version_10_3_1/bin/../lib/gcc/arm-none-eabi/10.3.1/thumb/v7e-m/nofp\libgcc.a
LOAD f:/gcc_arm_none_eabi/version_10_3_1/bin/../lib/gcc/arm-none-eabi/10.3.1/../../../../arm-none-eabi/lib/thumb/v7e-m/nofp\libg.a
LOAD f:/gcc_arm_none_eabi/version_10_3_1/bin/../lib/gcc/arm-none-eabi/10.3.1/../../../../arm-none-eabi/lib/thumb/v7e-m/nofp\libc.a
END GROUP
LOAD f:/gcc_arm_none_eabi/version_10_3_1/bin/../lib/gcc/arm-none-eabi/10.3.1/thumb/v7e-m/nofp/crtend.o
LOAD f:/gcc_arm_none_eabi/version_10_3_1/bin/../lib/gcc/arm-none-eabi/10.3.1/thumb/v7e-m/nofp/crtn.o
                0x20020000                _estack = (ORIGIN (RAM) + LENGTH (RAM))
                0x00000200                _Min_Heap_Size = 0x200
                0x00000400                _Min_Stack_Size = 0x400

.isr_vector     0x08000000      0x188
                0x08000000                . = ALIGN (0x4)
 *(.isr_vector)
 .isr_vector    0x08000000      0x188 CMakeFiles/infantry.elf.dir/Core/Startup/startup_stm32f407ighx.s.obj
                0x08000000                g_pfnVectors
                0x08000188                . = ALIGN (0x4)

.text           0x08000188     0x7cfc
                0x08000188                . = ALIGN (0x4)
 *(.text)
 .text          0x08000188       0x40 f:/gcc_arm_none_eabi/version_10_3_1/bin/../lib/gcc/arm-none-eabi/10.3.1/thumb/v7e-m/nofp/crtbegin.o
 .text          0x080001c8      0x378 f:/gcc_arm_none_eabi/version_10_3_1/bin/../lib/gcc/arm-none-eabi/10.3.1/thumb/v7e-m/nofp\libgcc.a(_arm_addsubdf3.o)
                0x080001c8                __aeabi_drsub
                0x080001d0                __aeabi_dsub
                0x080001d0                __subdf3
                0x080001d4                __aeabi_dadd
                0x080001d4                __adddf3
                0x0800044c                __floatunsidf
                0x0800044c                __aeabi_ui2d
                0x0800046c                __floatsidf
                0x0800046c                __aeabi_i2d
                0x08000490                __aeabi_f2d
                0x08000490                __extendsfdf2
                0x080004d4                __floatundidf
                0x080004d4                __aeabi_ul2d
                0x080004e4                __floatdidf
                0x080004e4                __aeabi_l2d
 .text          0x08000540      0x110 f:/gcc_arm_none_eabi/version_10_3_1/bin/../lib/gcc/arm-none-eabi/10.3.1/thumb/v7e-m/nofp\libgcc.a(_arm_cmpdf2.o)
                0x08000540                __gtdf2
                0x08000540                __gedf2
                0x08000548                __ltdf2
                0x08000548                __ledf2
                0x08000550                __nedf2
                0x08000550                __eqdf2
                0x08000550                __cmpdf2
                0x080005cc                __aeabi_cdrcmple
                0x080005dc                __aeabi_cdcmpeq
                0x080005dc                __aeabi_cdcmple
                0x080005ec                __aeabi_dcmpeq
                0x08000600                __aeabi_dcmplt
                0x08000614                __aeabi_dcmple
                0x08000628                __aeabi_dcmpge
                0x0800063c                __aeabi_dcmpgt
 .text          0x08000650       0xa0 f:/gcc_arm_none_eabi/version_10_3_1/bin/../lib/gcc/arm-none-eabi/10.3.1/thumb/v7e-m/nofp\libgcc.a(_arm_truncdfsf2.o)
                0x08000650                __truncdfsf2
                0x08000650                __aeabi_d2f
 .text          0x080006f0      0x21c f:/gcc_arm_none_eabi/version_10_3_1/bin/../lib/gcc/arm-none-eabi/10.3.1/thumb/v7e-m/nofp\libgcc.a(_arm_addsubsf3.o)
                0x080006f0                __aeabi_frsub
                0x080006f8                __subsf3
                0x080006f8                __aeabi_fsub
                0x080006fc                __aeabi_fadd
                0x080006fc                __addsf3
                0x0800085c                __aeabi_ui2f
                0x0800085c                __floatunsisf
                0x08000864                __aeabi_i2f
                0x08000864                __floatsisf
                0x08000880                __aeabi_ul2f
                0x08000880                __floatundisf
                0x08000890                __aeabi_l2f
                0x08000890                __floatdisf
 .text          0x0800090c      0x2a0 f:/gcc_arm_none_eabi/version_10_3_1/bin/../lib/gcc/arm-none-eabi/10.3.1/thumb/v7e-m/nofp\libgcc.a(_arm_muldivsf3.o)
                0x0800090c                __mulsf3
                0x0800090c                __aeabi_fmul
                0x08000a74                __aeabi_fdiv
                0x08000a74                __divsf3
 .text          0x08000bac       0xec f:/gcc_arm_none_eabi/version_10_3_1/bin/../lib/gcc/arm-none-eabi/10.3.1/thumb/v7e-m/nofp\libgcc.a(_arm_cmpsf2.o)
                0x08000bac                __gesf2
                0x08000bac                __gtsf2
                0x08000bb4                __lesf2
                0x08000bb4                __ltsf2
                0x08000bbc                __nesf2
                0x08000bbc                __eqsf2
                0x08000bbc                __cmpsf2
                0x08000c1c                __aeabi_cfrcmple
                0x08000c24                __aeabi_cfcmpeq
                0x08000c24                __aeabi_cfcmple
                0x08000c34                __aeabi_fcmpeq
                0x08000c48                __aeabi_fcmplt
                0x08000c5c                __aeabi_fcmple
                0x08000c70                __aeabi_fcmpge
                0x08000c84                __aeabi_fcmpgt
 .text          0x08000c98       0x4c f:/gcc_arm_none_eabi/version_10_3_1/bin/../lib/gcc/arm-none-eabi/10.3.1/thumb/v7e-m/nofp\libgcc.a(_arm_fixsfsi.o)
                0x08000c98                __aeabi_f2iz
                0x08000c98                __fixsfsi
 .text          0x08000ce4       0x30 f:/gcc_arm_none_eabi/version_10_3_1/bin/../lib/gcc/arm-none-eabi/10.3.1/thumb/v7e-m/nofp\libgcc.a(_aeabi_uldivmod.o)
                0x08000ce4                __aeabi_uldivmod
 .text          0x08000d14      0x2d0 f:/gcc_arm_none_eabi/version_10_3_1/bin/../lib/gcc/arm-none-eabi/10.3.1/thumb/v7e-m/nofp\libgcc.a(_udivmoddi4.o)
                0x08000d14                __udivmoddi4
 .text          0x08000fe4        0x4 f:/gcc_arm_none_eabi/version_10_3_1/bin/../lib/gcc/arm-none-eabi/10.3.1/thumb/v7e-m/nofp\libgcc.a(_dvmd_tls.o)
                0x08000fe4                __aeabi_idiv0
                0x08000fe4                __aeabi_ldiv0
 .text          0x08000fe8       0x2c f:/gcc_arm_none_eabi/version_10_3_1/bin/../lib/gcc/arm-none-eabi/10.3.1/thumb/v7e-m/nofp\libgcc.a(_arm_unordsf2.o)
                0x08000fe8                __unordsf2
                0x08000fe8                __aeabi_fcmpun
 *(.text*)
 *fill*         0x08001014        0x4 
 .text.yHandler
                0x08001018       0xfc CMakeFiles/infantry.elf.dir/infantry/chassis.c.obj
                0x08001018                yHandler
 *fill*         0x08001114        0x4 
 .text.xHandler
                0x08001118       0xfc CMakeFiles/infantry.elf.dir/infantry/chassis.c.obj
                0x08001118                xHandler
 .text.Chassis_M3508_CMD
                0x08001214      0x2a4 CMakeFiles/infantry.elf.dir/infantry/chassis.c.obj
                0x08001214                Chassis_M3508_CMD
 .text.Capacitor_Control
                0x080014b8       0x54 CMakeFiles/infantry.elf.dir/infantry/chassis.c.obj
                0x080014b8                Capacitor_Control
 .text.Calc_Mouse_Yaw
                0x0800150c       0x20 CMakeFiles/infantry.elf.dir/infantry/chassis.c.obj
                0x0800150c                Calc_Mouse_Yaw
 .text.Chassis_Yaw6020_CMD
                0x0800152c      0x120 CMakeFiles/infantry.elf.dir/infantry/chassis.c.obj
                0x0800152c                Chassis_Yaw6020_CMD
 .text.Calc_Mouse_Pitch
                0x0800164c       0x20 CMakeFiles/infantry.elf.dir/infantry/gimbal.c.obj
                0x0800164c                Calc_Mouse_Pitch
 .text.Gimbal_Task
                0x0800166c      0x1d8 CMakeFiles/infantry.elf.dir/infantry/gimbal.c.obj
                0x0800166c                Gimbal_Task
 .text.BMI088_Write_Gyro_Single_Reg
                0x08001844       0x60 CMakeFiles/infantry.elf.dir/infantry/imu.c.obj
                0x08001844                BMI088_Write_Gyro_Single_Reg
 .text.BMI088_Read_Gyro_Single_Reg
                0x080018a4       0x5c CMakeFiles/infantry.elf.dir/infantry/imu.c.obj
                0x080018a4                BMI088_Read_Gyro_Single_Reg
 .text.BMI088_Read_Gyro_Multi_Reg
                0x08001900       0x64 CMakeFiles/infantry.elf.dir/infantry/imu.c.obj
                0x08001900                BMI088_Read_Gyro_Multi_Reg
 .text.BMI088_Write_Acc_Single_Reg
                0x08001964       0x60 CMakeFiles/infantry.elf.dir/infantry/imu.c.obj
                0x08001964                BMI088_Write_Acc_Single_Reg
 .text.BMI088_Read_Acc_Single_Reg
                0x080019c4       0x74 CMakeFiles/infantry.elf.dir/infantry/imu.c.obj
                0x080019c4                BMI088_Read_Acc_Single_Reg
 .text.BMI088_Read_Acc_Multi_Reg
                0x08001a38       0x78 CMakeFiles/infantry.elf.dir/infantry/imu.c.obj
                0x08001a38                BMI088_Read_Acc_Multi_Reg
 .text.IMU_Get_Data
                0x08001ab0       0xf4 CMakeFiles/infantry.elf.dir/infantry/imu.c.obj
                0x08001ab0                IMU_Get_Data
 .text.bmi_delay_us
                0x08001ba4       0x38 CMakeFiles/infantry.elf.dir/infantry/imu.c.obj
                0x08001ba4                bmi_delay_us
 .text.BMI088_Gyro_Init
                0x08001bdc       0x98 CMakeFiles/infantry.elf.dir/infantry/imu.c.obj
                0x08001bdc                BMI088_Gyro_Init
 .text.BMI088_Acc_Init
                0x08001c74       0xa8 CMakeFiles/infantry.elf.dir/infantry/imu.c.obj
                0x08001c74                BMI088_Acc_Init
 .text.BMI088_Init
                0x08001d1c       0x34 CMakeFiles/infantry.elf.dir/infantry/imu.c.obj
                0x08001d1c                BMI088_Init
 .text.invSqrt  0x08001d50       0x3c CMakeFiles/infantry.elf.dir/infantry/imu.c.obj
                0x08001d50                invSqrt
 .text.MahonyAHRSupdateIMU
                0x08001d8c      0x330 CMakeFiles/infantry.elf.dir/infantry/imu.c.obj
                0x08001d8c                MahonyAHRSupdateIMU
 .text.Get_IMU_Data
                0x080020bc      0x138 CMakeFiles/infantry.elf.dir/infantry/imu.c.obj
                0x080020bc                Get_IMU_Data
 .text.Enable_Motors
                0x080021f4       0xac CMakeFiles/infantry.elf.dir/infantry/motors.c.obj
                0x080021f4                Enable_Motors
 .text.Gimbal_CAN_Tx
                0x080022a0       0x7c CMakeFiles/infantry.elf.dir/infantry/motors.c.obj
                0x080022a0                Gimbal_CAN_Tx
 .text.Chassis_M3508_Tx
                0x0800231c       0x8c CMakeFiles/infantry.elf.dir/infantry/motors.c.obj
                0x0800231c                Chassis_M3508_Tx
 .text.Chassis_GM6020_Tx
                0x080023a8       0x54 CMakeFiles/infantry.elf.dir/infantry/motors.c.obj
                0x080023a8                Chassis_GM6020_Tx
 .text.Chassis_Capacitor_Tx
                0x080023fc       0x60 CMakeFiles/infantry.elf.dir/infantry/motors.c.obj
                0x080023fc                Chassis_Capacitor_Tx
 .text.HAL_CAN_RxFifo0MsgPendingCallback
                0x0800245c       0xf8 CMakeFiles/infantry.elf.dir/infantry/motors.c.obj
                0x0800245c                HAL_CAN_RxFifo0MsgPendingCallback
 .text.HAL_CAN_RxFifo1MsgPendingCallback
                0x08002554       0xc0 CMakeFiles/infantry.elf.dir/infantry/motors.c.obj
                0x08002554                HAL_CAN_RxFifo1MsgPendingCallback
 .text.Chassis_M3508_PID
                0x08002614       0xa4 CMakeFiles/infantry.elf.dir/infantry/pid.c.obj
                0x08002614                Chassis_M3508_PID
 .text.Chas_Calc_Z
                0x080026b8       0x58 CMakeFiles/infantry.elf.dir/infantry/pid.c.obj
                0x080026b8                Chas_Calc_Z
 .text.yaw6020_velocity_to_voltage
                0x08002710       0x84 CMakeFiles/infantry.elf.dir/infantry/pid.c.obj
                0x08002710                yaw6020_velocity_to_voltage
 .text.Yaw6020_PID
                0x08002794       0x60 CMakeFiles/infantry.elf.dir/infantry/pid.c.obj
                0x08002794                Yaw6020_PID
 *fill*         0x080027f4        0x4 
 .text.pitch6020_velocity_to_voltage
                0x080027f8       0xbc CMakeFiles/infantry.elf.dir/infantry/pid.c.obj
                0x080027f8                pitch6020_velocity_to_voltage
 .text.Pitch6020_PID
                0x080028b4       0xb4 CMakeFiles/infantry.elf.dir/infantry/pid.c.obj
                0x080028b4                Pitch6020_PID
 .text.Loader_M2006_PID
                0x08002968       0x84 CMakeFiles/infantry.elf.dir/infantry/pid.c.obj
                0x08002968                Loader_M2006_PID
 .text.Dbus_Init
                0x080029ec       0x7c CMakeFiles/infantry.elf.dir/infantry/rc.c.obj
                0x080029ec                Dbus_Init
 .text.Dbus_Data_Process
                0x08002a68      0x124 CMakeFiles/infantry.elf.dir/infantry/rc.c.obj
                0x08002a68                Dbus_Data_Process
 .text.Dbus_UART_IRQHandler
                0x08002b8c       0xf8 CMakeFiles/infantry.elf.dir/infantry/rc.c.obj
                0x08002b8c                Dbus_UART_IRQHandler
 .text.Start_Referee_Rx
                0x08002c84       0x18 CMakeFiles/infantry.elf.dir/infantry/referee.c.obj
                0x08002c84                Start_Referee_Rx
 .text.Manage_Power_Limit
                0x08002c9c       0x30 CMakeFiles/infantry.elf.dir/infantry/referee.c.obj
                0x08002c9c                Manage_Power_Limit
 .text.Get_CRC8_Check_Sum
                0x08002ccc       0x20 CMakeFiles/infantry.elf.dir/infantry/referee.c.obj
                0x08002ccc                Get_CRC8_Check_Sum
 .text.Verify_CRC8_Check_Sum
                0x08002cec       0x28 CMakeFiles/infantry.elf.dir/infantry/referee.c.obj
                0x08002cec                Verify_CRC8_Check_Sum
 .text.HAL_UART_RxCpltCallback
                0x08002d14       0xd4 CMakeFiles/infantry.elf.dir/infantry/referee.c.obj
                0x08002d14                HAL_UART_RxCpltCallback
 .text.MX_CAN1_Init
                0x08002de8       0x40 CMakeFiles/infantry.elf.dir/Core/Src/can.c.obj
                0x08002de8                MX_CAN1_Init
 .text.MX_CAN2_Init
                0x08002e28       0x40 CMakeFiles/infantry.elf.dir/Core/Src/can.c.obj
                0x08002e28                MX_CAN2_Init
 .text.HAL_CAN_MspInit
                0x08002e68      0x120 CMakeFiles/infantry.elf.dir/Core/Src/can.c.obj
                0x08002e68                HAL_CAN_MspInit
 .text.MX_DMA_Init
                0x08002f88       0x58 CMakeFiles/infantry.elf.dir/Core/Src/dma.c.obj
                0x08002f88                MX_DMA_Init
 .text.MX_GPIO_Init
                0x08002fe0      0x130 CMakeFiles/infantry.elf.dir/Core/Src/gpio.c.obj
                0x08002fe0                MX_GPIO_Init
 .text.MX_IWDG_Init
                0x08003110       0x28 CMakeFiles/infantry.elf.dir/Core/Src/iwdg.c.obj
                0x08003110                MX_IWDG_Init
 .text.MCU_Beep_Up
                0x08003138       0x28 CMakeFiles/infantry.elf.dir/Core/Src/main.c.obj
                0x08003138                MCU_Beep_Up
 .text.Laser_OFF
                0x08003160       0x14 CMakeFiles/infantry.elf.dir/Core/Src/main.c.obj
                0x08003160                Laser_OFF
 .text.Laser_ON
                0x08003174       0x14 CMakeFiles/infantry.elf.dir/Core/Src/main.c.obj
                0x08003174                Laser_ON
 .text.Blink    0x08003188       0x14 CMakeFiles/infantry.elf.dir/Core/Src/main.c.obj
                0x08003188                Blink
 .text.Error_Handler
                0x0800319c        0x4 CMakeFiles/infantry.elf.dir/Core/Src/main.c.obj
                0x0800319c                Error_Handler
 .text.SystemClock_Config
                0x080031a0       0xac CMakeFiles/infantry.elf.dir/Core/Src/main.c.obj
                0x080031a0                SystemClock_Config
 .text.main     0x0800324c       0x84 CMakeFiles/infantry.elf.dir/Core/Src/main.c.obj
                0x0800324c                main
 .text.MX_SPI1_Init
                0x080032d0       0x48 CMakeFiles/infantry.elf.dir/Core/Src/spi.c.obj
                0x080032d0                MX_SPI1_Init
 .text.HAL_SPI_MspInit
                0x08003318       0x98 CMakeFiles/infantry.elf.dir/Core/Src/spi.c.obj
                0x08003318                HAL_SPI_MspInit
 .text.HAL_MspInit
                0x080033b0       0x38 CMakeFiles/infantry.elf.dir/Core/Src/stm32f4xx_hal_msp.c.obj
                0x080033b0                HAL_MspInit
 .text.NMI_Handler
                0x080033e8        0x2 CMakeFiles/infantry.elf.dir/Core/Src/stm32f4xx_it.c.obj
                0x080033e8                NMI_Handler
 .text.HardFault_Handler
                0x080033ea        0x2 CMakeFiles/infantry.elf.dir/Core/Src/stm32f4xx_it.c.obj
                0x080033ea                HardFault_Handler
 .text.MemManage_Handler
                0x080033ec        0x2 CMakeFiles/infantry.elf.dir/Core/Src/stm32f4xx_it.c.obj
                0x080033ec                MemManage_Handler
 .text.BusFault_Handler
                0x080033ee        0x2 CMakeFiles/infantry.elf.dir/Core/Src/stm32f4xx_it.c.obj
                0x080033ee                BusFault_Handler
 .text.UsageFault_Handler
                0x080033f0        0x2 CMakeFiles/infantry.elf.dir/Core/Src/stm32f4xx_it.c.obj
                0x080033f0                UsageFault_Handler
 .text.SVC_Handler
                0x080033f2        0x2 CMakeFiles/infantry.elf.dir/Core/Src/stm32f4xx_it.c.obj
                0x080033f2                SVC_Handler
 .text.DebugMon_Handler
                0x080033f4        0x2 CMakeFiles/infantry.elf.dir/Core/Src/stm32f4xx_it.c.obj
                0x080033f4                DebugMon_Handler
 .text.PendSV_Handler
                0x080033f6        0x2 CMakeFiles/infantry.elf.dir/Core/Src/stm32f4xx_it.c.obj
                0x080033f6                PendSV_Handler
 .text.SysTick_Handler
                0x080033f8        0x8 CMakeFiles/infantry.elf.dir/Core/Src/stm32f4xx_it.c.obj
                0x080033f8                SysTick_Handler
 .text.DMA1_Stream1_IRQHandler
                0x08003400       0x10 CMakeFiles/infantry.elf.dir/Core/Src/stm32f4xx_it.c.obj
                0x08003400                DMA1_Stream1_IRQHandler
 .text.CAN1_RX0_IRQHandler
                0x08003410       0x10 CMakeFiles/infantry.elf.dir/Core/Src/stm32f4xx_it.c.obj
                0x08003410                CAN1_RX0_IRQHandler
 .text.TIM2_IRQHandler
                0x08003420       0x14 CMakeFiles/infantry.elf.dir/Core/Src/stm32f4xx_it.c.obj
                0x08003420                TIM2_IRQHandler
 .text.TIM3_IRQHandler
                0x08003434       0x18 CMakeFiles/infantry.elf.dir/Core/Src/stm32f4xx_it.c.obj
                0x08003434                TIM3_IRQHandler
 .text.USART3_IRQHandler
                0x0800344c       0x14 CMakeFiles/infantry.elf.dir/Core/Src/stm32f4xx_it.c.obj
                0x0800344c                USART3_IRQHandler
 .text.TIM5_IRQHandler
                0x08003460       0x14 CMakeFiles/infantry.elf.dir/Core/Src/stm32f4xx_it.c.obj
                0x08003460                TIM5_IRQHandler
 .text.TIM7_IRQHandler
                0x08003474       0x14 CMakeFiles/infantry.elf.dir/Core/Src/stm32f4xx_it.c.obj
                0x08003474                TIM7_IRQHandler
 .text.DMA2_Stream1_IRQHandler
                0x08003488       0x10 CMakeFiles/infantry.elf.dir/Core/Src/stm32f4xx_it.c.obj
                0x08003488                DMA2_Stream1_IRQHandler
 .text.CAN2_RX1_IRQHandler
                0x08003498       0x10 CMakeFiles/infantry.elf.dir/Core/Src/stm32f4xx_it.c.obj
                0x08003498                CAN2_RX1_IRQHandler
 .text.USART6_IRQHandler
                0x080034a8       0x10 CMakeFiles/infantry.elf.dir/Core/Src/stm32f4xx_it.c.obj
                0x080034a8                USART6_IRQHandler
 .text.SystemInit
                0x080034b8        0x2 CMakeFiles/infantry.elf.dir/Core/Src/system_stm32f4xx.c.obj
                0x080034b8                SystemInit
 *fill*         0x080034ba        0x2 
 .text.MX_TIM2_Init
                0x080034bc       0x6c CMakeFiles/infantry.elf.dir/Core/Src/tim.c.obj
                0x080034bc                MX_TIM2_Init
 .text.MX_TIM3_Init
                0x08003528       0x70 CMakeFiles/infantry.elf.dir/Core/Src/tim.c.obj
                0x08003528                MX_TIM3_Init
 .text.MX_TIM5_Init
                0x08003598       0x70 CMakeFiles/infantry.elf.dir/Core/Src/tim.c.obj
                0x08003598                MX_TIM5_Init
 .text.MX_TIM7_Init
                0x08003608       0x50 CMakeFiles/infantry.elf.dir/Core/Src/tim.c.obj
                0x08003608                MX_TIM7_Init
 .text.HAL_TIM_Base_MspInit
                0x08003658       0xfc CMakeFiles/infantry.elf.dir/Core/Src/tim.c.obj
                0x08003658                HAL_TIM_Base_MspInit
 .text.HAL_TIM_MspPostInit
                0x08003754       0x58 CMakeFiles/infantry.elf.dir/Core/Src/tim.c.obj
                0x08003754                HAL_TIM_MspPostInit
 .text.MX_TIM4_Init
                0x080037ac       0xb0 CMakeFiles/infantry.elf.dir/Core/Src/tim.c.obj
                0x080037ac                MX_TIM4_Init
 .text.MX_USART1_UART_Init
                0x0800385c       0x34 CMakeFiles/infantry.elf.dir/Core/Src/usart.c.obj
                0x0800385c                MX_USART1_UART_Init
 .text.MX_USART3_UART_Init
                0x08003890       0x38 CMakeFiles/infantry.elf.dir/Core/Src/usart.c.obj
                0x08003890                MX_USART3_UART_Init
 .text.MX_USART6_UART_Init
                0x080038c8       0x34 CMakeFiles/infantry.elf.dir/Core/Src/usart.c.obj
                0x080038c8                MX_USART6_UART_Init
 .text.HAL_UART_MspInit
                0x080038fc      0x1ec CMakeFiles/infantry.elf.dir/Core/Src/usart.c.obj
                0x080038fc                HAL_UART_MspInit
 .text.Reset_Handler
                0x08003ae8       0x50 CMakeFiles/infantry.elf.dir/Core/Startup/startup_stm32f407ighx.s.obj
                0x08003ae8                Reset_Handler
 .text.Default_Handler
                0x08003b38        0x2 CMakeFiles/infantry.elf.dir/Core/Startup/startup_stm32f407ighx.s.obj
                0x08003b38                RTC_Alarm_IRQHandler
                0x08003b38                HASH_RNG_IRQHandler
                0x08003b38                EXTI2_IRQHandler
                0x08003b38                TIM8_CC_IRQHandler
                0x08003b38                TIM1_CC_IRQHandler
                0x08003b38                DMA2_Stream5_IRQHandler
                0x08003b38                DMA1_Stream5_IRQHandler
                0x08003b38                PVD_IRQHandler
                0x08003b38                SDIO_IRQHandler
                0x08003b38                TAMP_STAMP_IRQHandler
                0x08003b38                EXTI3_IRQHandler
                0x08003b38                TIM8_TRG_COM_TIM14_IRQHandler
                0x08003b38                TIM1_UP_TIM10_IRQHandler
                0x08003b38                TIM8_UP_TIM13_IRQHandler
                0x08003b38                I2C3_ER_IRQHandler
                0x08003b38                EXTI0_IRQHandler
                0x08003b38                I2C2_EV_IRQHandler
                0x08003b38                DMA1_Stream2_IRQHandler
                0x08003b38                FPU_IRQHandler
                0x08003b38                OTG_HS_WKUP_IRQHandler
                0x08003b38                CAN2_SCE_IRQHandler
                0x08003b38                DMA2_Stream2_IRQHandler
                0x08003b38                SPI1_IRQHandler
                0x08003b38                TIM6_DAC_IRQHandler
                0x08003b38                TIM1_BRK_TIM9_IRQHandler
                0x08003b38                DCMI_IRQHandler
                0x08003b38                CAN2_RX0_IRQHandler
                0x08003b38                DMA2_Stream3_IRQHandler
                0x08003b38                CAN1_RX1_IRQHandler
                0x08003b38                UART5_IRQHandler
                0x08003b38                DMA2_Stream0_IRQHandler
                0x08003b38                TIM4_IRQHandler
                0x08003b38                I2C1_EV_IRQHandler
                0x08003b38                DMA1_Stream6_IRQHandler
                0x08003b38                UART4_IRQHandler
                0x08003b38                RCC_IRQHandler
                0x08003b38                TIM8_BRK_TIM12_IRQHandler
                0x08003b38                Default_Handler
                0x08003b38                EXTI15_10_IRQHandler
                0x08003b38                ADC_IRQHandler
                0x08003b38                DMA1_Stream7_IRQHandler
                0x08003b38                CAN2_TX_IRQHandler
                0x08003b38                DMA2_Stream7_IRQHandler
                0x08003b38                I2C3_EV_IRQHandler
                0x08003b38                EXTI9_5_IRQHandler
                0x08003b38                RTC_WKUP_IRQHandler
                0x08003b38                ETH_WKUP_IRQHandler
                0x08003b38                SPI2_IRQHandler
                0x08003b38                OTG_HS_EP1_IN_IRQHandler
                0x08003b38                DMA1_Stream0_IRQHandler
                0x08003b38                CAN1_TX_IRQHandler
                0x08003b38                EXTI4_IRQHandler
                0x08003b38                FSMC_IRQHandler
                0x08003b38                ETH_IRQHandler
                0x08003b38                OTG_HS_EP1_OUT_IRQHandler
                0x08003b38                WWDG_IRQHandler
                0x08003b38                OTG_FS_WKUP_IRQHandler
                0x08003b38                TIM1_TRG_COM_TIM11_IRQHandler
                0x08003b38                OTG_HS_IRQHandler
                0x08003b38                EXTI1_IRQHandler
                0x08003b38                USART2_IRQHandler
                0x08003b38                I2C2_ER_IRQHandler
                0x08003b38                CAN1_SCE_IRQHandler
                0x08003b38                FLASH_IRQHandler
                0x08003b38                DMA2_Stream4_IRQHandler
                0x08003b38                USART1_IRQHandler
                0x08003b38                OTG_FS_IRQHandler
                0x08003b38                SPI3_IRQHandler
                0x08003b38                DMA1_Stream4_IRQHandler
                0x08003b38                I2C1_ER_IRQHandler
                0x08003b38                DMA2_Stream6_IRQHandler
                0x08003b38                DMA1_Stream3_IRQHandler
 *fill*         0x08003b3a        0x2 
 .text.HAL_InitTick
                0x08003b3c       0x4c CMakeFiles/infantry.elf.dir/Drivers/STM32F4xx_HAL_Driver/Src/stm32f4xx_hal.c.obj
                0x08003b3c                HAL_InitTick
 .text.HAL_Init
                0x08003b88       0x34 CMakeFiles/infantry.elf.dir/Drivers/STM32F4xx_HAL_Driver/Src/stm32f4xx_hal.c.obj
                0x08003b88                HAL_Init
 .text.HAL_IncTick
                0x08003bbc       0x18 CMakeFiles/infantry.elf.dir/Drivers/STM32F4xx_HAL_Driver/Src/stm32f4xx_hal.c.obj
                0x08003bbc                HAL_IncTick
 .text.HAL_GetTick
                0x08003bd4        0xc CMakeFiles/infantry.elf.dir/Drivers/STM32F4xx_HAL_Driver/Src/stm32f4xx_hal.c.obj
                0x08003bd4                HAL_GetTick
 .text.HAL_Delay
                0x08003be0       0x28 CMakeFiles/infantry.elf.dir/Drivers/STM32F4xx_HAL_Driver/Src/stm32f4xx_hal.c.obj
                0x08003be0                HAL_Delay
 .text.HAL_CAN_Init
                0x08003c08      0x14c CMakeFiles/infantry.elf.dir/Drivers/STM32F4xx_HAL_Driver/Src/stm32f4xx_hal_can.c.obj
                0x08003c08                HAL_CAN_Init
 .text.HAL_CAN_ConfigFilter
                0x08003d54      0x13c CMakeFiles/infantry.elf.dir/Drivers/STM32F4xx_HAL_Driver/Src/stm32f4xx_hal_can.c.obj
                0x08003d54                HAL_CAN_ConfigFilter
 .text.HAL_CAN_Start
                0x08003e90       0x5c CMakeFiles/infantry.elf.dir/Drivers/STM32F4xx_HAL_Driver/Src/stm32f4xx_hal_can.c.obj
                0x08003e90                HAL_CAN_Start
 .text.HAL_CAN_AddTxMessage
                0x08003eec       0xfc CMakeFiles/infantry.elf.dir/Drivers/STM32F4xx_HAL_Driver/Src/stm32f4xx_hal_can.c.obj
                0x08003eec                HAL_CAN_AddTxMessage
 .text.HAL_CAN_GetRxMessage
                0x08003fe8      0x156 CMakeFiles/infantry.elf.dir/Drivers/STM32F4xx_HAL_Driver/Src/stm32f4xx_hal_can.c.obj
                0x08003fe8                HAL_CAN_GetRxMessage
 .text.HAL_CAN_ActivateNotification
                0x0800413e       0x24 CMakeFiles/infantry.elf.dir/Drivers/STM32F4xx_HAL_Driver/Src/stm32f4xx_hal_can.c.obj
                0x0800413e                HAL_CAN_ActivateNotification
 .text.HAL_CAN_TxMailbox0CompleteCallback
                0x08004162        0x2 CMakeFiles/infantry.elf.dir/Drivers/STM32F4xx_HAL_Driver/Src/stm32f4xx_hal_can.c.obj
                0x08004162                HAL_CAN_TxMailbox0CompleteCallback
 .text.HAL_CAN_TxMailbox1CompleteCallback
                0x08004164        0x2 CMakeFiles/infantry.elf.dir/Drivers/STM32F4xx_HAL_Driver/Src/stm32f4xx_hal_can.c.obj
                0x08004164                HAL_CAN_TxMailbox1CompleteCallback
 .text.HAL_CAN_TxMailbox2CompleteCallback
                0x08004166        0x2 CMakeFiles/infantry.elf.dir/Drivers/STM32F4xx_HAL_Driver/Src/stm32f4xx_hal_can.c.obj
                0x08004166                HAL_CAN_TxMailbox2CompleteCallback
 .text.HAL_CAN_TxMailbox0AbortCallback
                0x08004168        0x2 CMakeFiles/infantry.elf.dir/Drivers/STM32F4xx_HAL_Driver/Src/stm32f4xx_hal_can.c.obj
                0x08004168                HAL_CAN_TxMailbox0AbortCallback
 .text.HAL_CAN_TxMailbox1AbortCallback
                0x0800416a        0x2 CMakeFiles/infantry.elf.dir/Drivers/STM32F4xx_HAL_Driver/Src/stm32f4xx_hal_can.c.obj
                0x0800416a                HAL_CAN_TxMailbox1AbortCallback
 .text.HAL_CAN_TxMailbox2AbortCallback
                0x0800416c        0x2 CMakeFiles/infantry.elf.dir/Drivers/STM32F4xx_HAL_Driver/Src/stm32f4xx_hal_can.c.obj
                0x0800416c                HAL_CAN_TxMailbox2AbortCallback
 .text.HAL_CAN_RxFifo0FullCallback
                0x0800416e        0x2 CMakeFiles/infantry.elf.dir/Drivers/STM32F4xx_HAL_Driver/Src/stm32f4xx_hal_can.c.obj
                0x0800416e                HAL_CAN_RxFifo0FullCallback
 .text.HAL_CAN_RxFifo1FullCallback
                0x08004170        0x2 CMakeFiles/infantry.elf.dir/Drivers/STM32F4xx_HAL_Driver/Src/stm32f4xx_hal_can.c.obj
                0x08004170                HAL_CAN_RxFifo1FullCallback
 .text.HAL_CAN_SleepCallback
                0x08004172        0x2 CMakeFiles/infantry.elf.dir/Drivers/STM32F4xx_HAL_Driver/Src/stm32f4xx_hal_can.c.obj
                0x08004172                HAL_CAN_SleepCallback
 .text.HAL_CAN_WakeUpFromRxMsgCallback
                0x08004174        0x2 CMakeFiles/infantry.elf.dir/Drivers/STM32F4xx_HAL_Driver/Src/stm32f4xx_hal_can.c.obj
                0x08004174                HAL_CAN_WakeUpFromRxMsgCallback
 .text.HAL_CAN_ErrorCallback
                0x08004176        0x2 CMakeFiles/infantry.elf.dir/Drivers/STM32F4xx_HAL_Driver/Src/stm32f4xx_hal_can.c.obj
                0x08004176                HAL_CAN_ErrorCallback
 .text.HAL_CAN_IRQHandler
                0x08004178      0x24a CMakeFiles/infantry.elf.dir/Drivers/STM32F4xx_HAL_Driver/Src/stm32f4xx_hal_can.c.obj
                0x08004178                HAL_CAN_IRQHandler
 *fill*         0x080043c2        0x2 
 .text.HAL_NVIC_SetPriorityGrouping
                0x080043c4       0x24 CMakeFiles/infantry.elf.dir/Drivers/STM32F4xx_HAL_Driver/Src/stm32f4xx_hal_cortex.c.obj
                0x080043c4                HAL_NVIC_SetPriorityGrouping
 .text.HAL_NVIC_SetPriority
                0x080043e8       0x70 CMakeFiles/infantry.elf.dir/Drivers/STM32F4xx_HAL_Driver/Src/stm32f4xx_hal_cortex.c.obj
                0x080043e8                HAL_NVIC_SetPriority
 .text.HAL_NVIC_EnableIRQ
                0x08004458       0x1c CMakeFiles/infantry.elf.dir/Drivers/STM32F4xx_HAL_Driver/Src/stm32f4xx_hal_cortex.c.obj
                0x08004458                HAL_NVIC_EnableIRQ
 .text.HAL_SYSTICK_Config
                0x08004474       0x28 CMakeFiles/infantry.elf.dir/Drivers/STM32F4xx_HAL_Driver/Src/stm32f4xx_hal_cortex.c.obj
                0x08004474                HAL_SYSTICK_Config
 .text.DMA_SetConfig
                0x0800449c       0x2c CMakeFiles/infantry.elf.dir/Drivers/STM32F4xx_HAL_Driver/Src/stm32f4xx_hal_dma.c.obj
 .text.DMA_CalcBaseAndBitshift
                0x080044c8       0x40 CMakeFiles/infantry.elf.dir/Drivers/STM32F4xx_HAL_Driver/Src/stm32f4xx_hal_dma.c.obj
 .text.DMA_CheckFifoParam
                0x08004508       0x8e CMakeFiles/infantry.elf.dir/Drivers/STM32F4xx_HAL_Driver/Src/stm32f4xx_hal_dma.c.obj
 *fill*         0x08004596        0x2 
 .text.HAL_DMA_Init
                0x08004598       0xcc CMakeFiles/infantry.elf.dir/Drivers/STM32F4xx_HAL_Driver/Src/stm32f4xx_hal_dma.c.obj
                0x08004598                HAL_DMA_Init
 .text.HAL_DMA_Start_IT
                0x08004664       0x6a CMakeFiles/infantry.elf.dir/Drivers/STM32F4xx_HAL_Driver/Src/stm32f4xx_hal_dma.c.obj
                0x08004664                HAL_DMA_Start_IT
 .text.HAL_DMA_Abort
                0x080046ce       0x94 CMakeFiles/infantry.elf.dir/Drivers/STM32F4xx_HAL_Driver/Src/stm32f4xx_hal_dma.c.obj
                0x080046ce                HAL_DMA_Abort
 .text.HAL_DMA_Abort_IT
                0x08004762       0x26 CMakeFiles/infantry.elf.dir/Drivers/STM32F4xx_HAL_Driver/Src/stm32f4xx_hal_dma.c.obj
                0x08004762                HAL_DMA_Abort_IT
 .text.HAL_DMA_IRQHandler
                0x08004788      0x1dc CMakeFiles/infantry.elf.dir/Drivers/STM32F4xx_HAL_Driver/Src/stm32f4xx_hal_dma.c.obj
                0x08004788                HAL_DMA_IRQHandler
 .text.HAL_GPIO_Init
                0x08004964      0x1e4 CMakeFiles/infantry.elf.dir/Drivers/STM32F4xx_HAL_Driver/Src/stm32f4xx_hal_gpio.c.obj
                0x08004964                HAL_GPIO_Init
 .text.HAL_GPIO_WritePin
                0x08004b48        0xc CMakeFiles/infantry.elf.dir/Drivers/STM32F4xx_HAL_Driver/Src/stm32f4xx_hal_gpio.c.obj
                0x08004b48                HAL_GPIO_WritePin
 .text.HAL_GPIO_TogglePin
                0x08004b54       0x12 CMakeFiles/infantry.elf.dir/Drivers/STM32F4xx_HAL_Driver/Src/stm32f4xx_hal_gpio.c.obj
                0x08004b54                HAL_GPIO_TogglePin
 .text.HAL_IWDG_Init
                0x08004b66       0x58 CMakeFiles/infantry.elf.dir/Drivers/STM32F4xx_HAL_Driver/Src/stm32f4xx_hal_iwdg.c.obj
                0x08004b66                HAL_IWDG_Init
 .text.HAL_IWDG_Refresh
                0x08004bbe        0xc CMakeFiles/infantry.elf.dir/Drivers/STM32F4xx_HAL_Driver/Src/stm32f4xx_hal_iwdg.c.obj
                0x08004bbe                HAL_IWDG_Refresh
 *fill*         0x08004bca        0x2 
 .text.HAL_RCC_OscConfig
                0x08004bcc      0x3f8 CMakeFiles/infantry.elf.dir/Drivers/STM32F4xx_HAL_Driver/Src/stm32f4xx_hal_rcc.c.obj
                0x08004bcc                HAL_RCC_OscConfig
 .text.HAL_RCC_GetSysClockFreq
                0x08004fc4       0xa4 CMakeFiles/infantry.elf.dir/Drivers/STM32F4xx_HAL_Driver/Src/stm32f4xx_hal_rcc.c.obj
                0x08004fc4                HAL_RCC_GetSysClockFreq
 .text.HAL_RCC_ClockConfig
                0x08005068      0x160 CMakeFiles/infantry.elf.dir/Drivers/STM32F4xx_HAL_Driver/Src/stm32f4xx_hal_rcc.c.obj
                0x08005068                HAL_RCC_ClockConfig
 .text.HAL_RCC_GetHCLKFreq
                0x080051c8        0xc CMakeFiles/infantry.elf.dir/Drivers/STM32F4xx_HAL_Driver/Src/stm32f4xx_hal_rcc.c.obj
                0x080051c8                HAL_RCC_GetHCLKFreq
 .text.HAL_RCC_GetPCLK1Freq
                0x080051d4       0x20 CMakeFiles/infantry.elf.dir/Drivers/STM32F4xx_HAL_Driver/Src/stm32f4xx_hal_rcc.c.obj
                0x080051d4                HAL_RCC_GetPCLK1Freq
 .text.HAL_RCC_GetPCLK2Freq
                0x080051f4       0x20 CMakeFiles/infantry.elf.dir/Drivers/STM32F4xx_HAL_Driver/Src/stm32f4xx_hal_rcc.c.obj
                0x080051f4                HAL_RCC_GetPCLK2Freq
 .text.SPI_WaitFlagStateUntilTimeout
                0x08005214       0xd4 CMakeFiles/infantry.elf.dir/Drivers/STM32F4xx_HAL_Driver/Src/stm32f4xx_hal_spi.c.obj
 .text.SPI_EndRxTxTransaction
                0x080052e8       0x68 CMakeFiles/infantry.elf.dir/Drivers/STM32F4xx_HAL_Driver/Src/stm32f4xx_hal_spi.c.obj
 .text.HAL_SPI_Init
                0x08005350       0xbe CMakeFiles/infantry.elf.dir/Drivers/STM32F4xx_HAL_Driver/Src/stm32f4xx_hal_spi.c.obj
                0x08005350                HAL_SPI_Init
 .text.HAL_SPI_TransmitReceive
                0x0800540e      0x238 CMakeFiles/infantry.elf.dir/Drivers/STM32F4xx_HAL_Driver/Src/stm32f4xx_hal_spi.c.obj
                0x0800540e                HAL_SPI_TransmitReceive
 *fill*         0x08005646        0x2 
 .text.TIM_OC1_SetConfig
                0x08005648       0x68 CMakeFiles/infantry.elf.dir/Drivers/STM32F4xx_HAL_Driver/Src/stm32f4xx_hal_tim.c.obj
 .text.TIM_OC3_SetConfig
                0x080056b0       0x70 CMakeFiles/infantry.elf.dir/Drivers/STM32F4xx_HAL_Driver/Src/stm32f4xx_hal_tim.c.obj
 .text.TIM_OC4_SetConfig
                0x08005720       0x50 CMakeFiles/infantry.elf.dir/Drivers/STM32F4xx_HAL_Driver/Src/stm32f4xx_hal_tim.c.obj
 .text.TIM_TI1_ConfigInputStage
                0x08005770       0x24 CMakeFiles/infantry.elf.dir/Drivers/STM32F4xx_HAL_Driver/Src/stm32f4xx_hal_tim.c.obj
 .text.TIM_TI2_ConfigInputStage
                0x08005794       0x26 CMakeFiles/infantry.elf.dir/Drivers/STM32F4xx_HAL_Driver/Src/stm32f4xx_hal_tim.c.obj
 .text.TIM_ITRx_SetConfig
                0x080057ba       0x10 CMakeFiles/infantry.elf.dir/Drivers/STM32F4xx_HAL_Driver/Src/stm32f4xx_hal_tim.c.obj
 *fill*         0x080057ca        0x2 
 .text.HAL_TIM_Base_Start_IT
                0x080057cc       0x88 CMakeFiles/infantry.elf.dir/Drivers/STM32F4xx_HAL_Driver/Src/stm32f4xx_hal_tim.c.obj
                0x080057cc                HAL_TIM_Base_Start_IT
 .text.HAL_TIM_PWM_MspInit
                0x08005854        0x2 CMakeFiles/infantry.elf.dir/Drivers/STM32F4xx_HAL_Driver/Src/stm32f4xx_hal_tim.c.obj
                0x08005854                HAL_TIM_PWM_MspInit
 .text.HAL_TIM_PeriodElapsedCallback
                0x08005856        0x2 CMakeFiles/infantry.elf.dir/Drivers/STM32F4xx_HAL_Driver/Src/stm32f4xx_hal_tim.c.obj
                0x08005856                HAL_TIM_PeriodElapsedCallback
 .text.HAL_TIM_OC_DelayElapsedCallback
                0x08005858        0x2 CMakeFiles/infantry.elf.dir/Drivers/STM32F4xx_HAL_Driver/Src/stm32f4xx_hal_tim.c.obj
                0x08005858                HAL_TIM_OC_DelayElapsedCallback
 .text.HAL_TIM_IC_CaptureCallback
                0x0800585a        0x2 CMakeFiles/infantry.elf.dir/Drivers/STM32F4xx_HAL_Driver/Src/stm32f4xx_hal_tim.c.obj
                0x0800585a                HAL_TIM_IC_CaptureCallback
 .text.HAL_TIM_PWM_PulseFinishedCallback
                0x0800585c        0x2 CMakeFiles/infantry.elf.dir/Drivers/STM32F4xx_HAL_Driver/Src/stm32f4xx_hal_tim.c.obj
                0x0800585c                HAL_TIM_PWM_PulseFinishedCallback
 .text.HAL_TIM_TriggerCallback
                0x0800585e        0x2 CMakeFiles/infantry.elf.dir/Drivers/STM32F4xx_HAL_Driver/Src/stm32f4xx_hal_tim.c.obj
                0x0800585e                HAL_TIM_TriggerCallback
 .text.HAL_TIM_IRQHandler
                0x08005860      0x17a CMakeFiles/infantry.elf.dir/Drivers/STM32F4xx_HAL_Driver/Src/stm32f4xx_hal_tim.c.obj
                0x08005860                HAL_TIM_IRQHandler
 *fill*         0x080059da        0x2 
 .text.TIM_Base_SetConfig
                0x080059dc       0xc8 CMakeFiles/infantry.elf.dir/Drivers/STM32F4xx_HAL_Driver/Src/stm32f4xx_hal_tim.c.obj
                0x080059dc                TIM_Base_SetConfig
 .text.HAL_TIM_Base_Init
                0x08005aa4       0x58 CMakeFiles/infantry.elf.dir/Drivers/STM32F4xx_HAL_Driver/Src/stm32f4xx_hal_tim.c.obj
                0x08005aa4                HAL_TIM_Base_Init
 .text.HAL_TIM_PWM_Init
                0x08005afc       0x58 CMakeFiles/infantry.elf.dir/Drivers/STM32F4xx_HAL_Driver/Src/stm32f4xx_hal_tim.c.obj
                0x08005afc                HAL_TIM_PWM_Init
 .text.TIM_OC2_SetConfig
                0x08005b54       0x70 CMakeFiles/infantry.elf.dir/Drivers/STM32F4xx_HAL_Driver/Src/stm32f4xx_hal_tim.c.obj
                0x08005b54                TIM_OC2_SetConfig
 .text.HAL_TIM_PWM_ConfigChannel
                0x08005bc4       0xdc CMakeFiles/infantry.elf.dir/Drivers/STM32F4xx_HAL_Driver/Src/stm32f4xx_hal_tim.c.obj
                0x08005bc4                HAL_TIM_PWM_ConfigChannel
 .text.TIM_ETR_SetConfig
                0x08005ca0       0x18 CMakeFiles/infantry.elf.dir/Drivers/STM32F4xx_HAL_Driver/Src/stm32f4xx_hal_tim.c.obj
                0x08005ca0                TIM_ETR_SetConfig
 .text.HAL_TIM_ConfigClockSource
                0x08005cb8       0xfe CMakeFiles/infantry.elf.dir/Drivers/STM32F4xx_HAL_Driver/Src/stm32f4xx_hal_tim.c.obj
                0x08005cb8                HAL_TIM_ConfigClockSource
 .text.TIM_CCxChannelCmd
                0x08005db6       0x1e CMakeFiles/infantry.elf.dir/Drivers/STM32F4xx_HAL_Driver/Src/stm32f4xx_hal_tim.c.obj
                0x08005db6                TIM_CCxChannelCmd
 .text.HAL_TIM_PWM_Start
                0x08005dd4      0x104 CMakeFiles/infantry.elf.dir/Drivers/STM32F4xx_HAL_Driver/Src/stm32f4xx_hal_tim.c.obj
                0x08005dd4                HAL_TIM_PWM_Start
 .text.HAL_TIMEx_MasterConfigSynchronization
                0x08005ed8       0x8c CMakeFiles/infantry.elf.dir/Drivers/STM32F4xx_HAL_Driver/Src/stm32f4xx_hal_tim_ex.c.obj
                0x08005ed8                HAL_TIMEx_MasterConfigSynchronization
 .text.HAL_TIMEx_CommutCallback
                0x08005f64        0x2 CMakeFiles/infantry.elf.dir/Drivers/STM32F4xx_HAL_Driver/Src/stm32f4xx_hal_tim_ex.c.obj
                0x08005f64                HAL_TIMEx_CommutCallback
 .text.HAL_TIMEx_BreakCallback
                0x08005f66        0x2 CMakeFiles/infantry.elf.dir/Drivers/STM32F4xx_HAL_Driver/Src/stm32f4xx_hal_tim_ex.c.obj
                0x08005f66                HAL_TIMEx_BreakCallback
 .text.UART_EndTxTransfer
                0x08005f68       0x20 CMakeFiles/infantry.elf.dir/Drivers/STM32F4xx_HAL_Driver/Src/stm32f4xx_hal_uart.c.obj
 .text.UART_EndRxTransfer
                0x08005f88       0x5c CMakeFiles/infantry.elf.dir/Drivers/STM32F4xx_HAL_Driver/Src/stm32f4xx_hal_uart.c.obj
 .text.UART_Transmit_IT
                0x08005fe4       0x60 CMakeFiles/infantry.elf.dir/Drivers/STM32F4xx_HAL_Driver/Src/stm32f4xx_hal_uart.c.obj
 .text.UART_SetConfig
                0x08006044      0x110 CMakeFiles/infantry.elf.dir/Drivers/STM32F4xx_HAL_Driver/Src/stm32f4xx_hal_uart.c.obj
 .text.HAL_UART_Init
                0x08006154       0x5e CMakeFiles/infantry.elf.dir/Drivers/STM32F4xx_HAL_Driver/Src/stm32f4xx_hal_uart.c.obj
                0x08006154                HAL_UART_Init
 .text.HAL_UART_TxCpltCallback
                0x080061b2        0x2 CMakeFiles/infantry.elf.dir/Drivers/STM32F4xx_HAL_Driver/Src/stm32f4xx_hal_uart.c.obj
                0x080061b2                HAL_UART_TxCpltCallback
 .text.UART_EndTransmit_IT
                0x080061b4       0x1a CMakeFiles/infantry.elf.dir/Drivers/STM32F4xx_HAL_Driver/Src/stm32f4xx_hal_uart.c.obj
 .text.HAL_UART_RxHalfCpltCallback
                0x080061ce        0x2 CMakeFiles/infantry.elf.dir/Drivers/STM32F4xx_HAL_Driver/Src/stm32f4xx_hal_uart.c.obj
                0x080061ce                HAL_UART_RxHalfCpltCallback
 .text.HAL_UART_ErrorCallback
                0x080061d0        0x2 CMakeFiles/infantry.elf.dir/Drivers/STM32F4xx_HAL_Driver/Src/stm32f4xx_hal_uart.c.obj
                0x080061d0                HAL_UART_ErrorCallback
 .text.UART_DMAError
                0x080061d2       0x58 CMakeFiles/infantry.elf.dir/Drivers/STM32F4xx_HAL_Driver/Src/stm32f4xx_hal_uart.c.obj
 .text.UART_DMAAbortOnError
                0x0800622a       0x10 CMakeFiles/infantry.elf.dir/Drivers/STM32F4xx_HAL_Driver/Src/stm32f4xx_hal_uart.c.obj
 .text.HAL_UARTEx_RxEventCallback
                0x0800623a        0x2 CMakeFiles/infantry.elf.dir/Drivers/STM32F4xx_HAL_Driver/Src/stm32f4xx_hal_uart.c.obj
                0x0800623a                HAL_UARTEx_RxEventCallback
 .text.UART_Receive_IT
                0x0800623c       0xe2 CMakeFiles/infantry.elf.dir/Drivers/STM32F4xx_HAL_Driver/Src/stm32f4xx_hal_uart.c.obj
 *fill*         0x0800631e        0x2 
 .text.HAL_UART_IRQHandler
                0x08006320      0x280 CMakeFiles/infantry.elf.dir/Drivers/STM32F4xx_HAL_Driver/Src/stm32f4xx_hal_uart.c.obj
                0x08006320                HAL_UART_IRQHandler
 .text.UART_DMARxHalfCplt
                0x080065a0       0x1a CMakeFiles/infantry.elf.dir/Drivers/STM32F4xx_HAL_Driver/Src/stm32f4xx_hal_uart.c.obj
 .text.UART_DMAReceiveCplt
                0x080065ba       0x96 CMakeFiles/infantry.elf.dir/Drivers/STM32F4xx_HAL_Driver/Src/stm32f4xx_hal_uart.c.obj
 .text.UART_Start_Receive_DMA
                0x08006650       0xa8 CMakeFiles/infantry.elf.dir/Drivers/STM32F4xx_HAL_Driver/Src/stm32f4xx_hal_uart.c.obj
                0x08006650                UART_Start_Receive_DMA
 .text.HAL_UART_Receive_DMA
                0x080066f8       0x38 CMakeFiles/infantry.elf.dir/Drivers/STM32F4xx_HAL_Driver/Src/stm32f4xx_hal_uart.c.obj
                0x080066f8                HAL_UART_Receive_DMA
 .text.__errno  0x08006730        0xc f:/gcc_arm_none_eabi/version_10_3_1/bin/../lib/gcc/arm-none-eabi/10.3.1/../../../../arm-none-eabi/lib/thumb/v7e-m/nofp\libg.a(lib_a-errno.o)
                0x08006730                __errno
 .text.__libc_init_array
                0x0800673c       0x48 f:/gcc_arm_none_eabi/version_10_3_1/bin/../lib/gcc/arm-none-eabi/10.3.1/../../../../arm-none-eabi/lib/thumb/v7e-m/nofp\libg.a(lib_a-init.o)
                0x0800673c                __libc_init_array
 .text.memset   0x08006784       0xa4 f:/gcc_arm_none_eabi/version_10_3_1/bin/../lib/gcc/arm-none-eabi/10.3.1/../../../../arm-none-eabi/lib/thumb/v7e-m/nofp\libg.a(lib_a-memset.o)
                0x08006784                memset
 .text.startup.register_fini
                0x08006828       0x14 f:/gcc_arm_none_eabi/version_10_3_1/bin/../lib/gcc/arm-none-eabi/10.3.1/../../../../arm-none-eabi/lib/thumb/v7e-m/nofp\libg.a(lib_a-__call_atexit.o)
 .text.atexit   0x0800683c        0xc f:/gcc_arm_none_eabi/version_10_3_1/bin/../lib/gcc/arm-none-eabi/10.3.1/../../../../arm-none-eabi/lib/thumb/v7e-m/nofp\libg.a(lib_a-atexit.o)
                0x0800683c                atexit
 .text.__libc_fini_array
                0x08006848       0x2c f:/gcc_arm_none_eabi/version_10_3_1/bin/../lib/gcc/arm-none-eabi/10.3.1/../../../../arm-none-eabi/lib/thumb/v7e-m/nofp\libg.a(lib_a-fini.o)
                0x08006848                __libc_fini_array
 .text.__retarget_lock_acquire_recursive
                0x08006874        0x4 f:/gcc_arm_none_eabi/version_10_3_1/bin/../lib/gcc/arm-none-eabi/10.3.1/../../../../arm-none-eabi/lib/thumb/v7e-m/nofp\libg.a(lib_a-lock.o)
                0x08006874                __retarget_lock_acquire_recursive
 .text.__retarget_lock_release_recursive
                0x08006878        0x4 f:/gcc_arm_none_eabi/version_10_3_1/bin/../lib/gcc/arm-none-eabi/10.3.1/../../../../arm-none-eabi/lib/thumb/v7e-m/nofp\libg.a(lib_a-lock.o)
                0x08006878                __retarget_lock_release_recursive
 .text.__register_exitproc
                0x0800687c       0x8c f:/gcc_arm_none_eabi/version_10_3_1/bin/../lib/gcc/arm-none-eabi/10.3.1/../../../../arm-none-eabi/lib/thumb/v7e-m/nofp\libg.a(lib_a-__atexit.o)
                0x0800687c                __register_exitproc
 .text.cosf     0x08006908       0x64 f:/gcc_arm_none_eabi/version_10_3_1/bin/../lib/gcc/arm-none-eabi/10.3.1/../../../../arm-none-eabi/lib/thumb/v7e-m/nofp\libm.a(lib_a-sf_cos.o)
                0x08006908                cosf
 .text.sinf     0x0800696c       0x70 f:/gcc_arm_none_eabi/version_10_3_1/bin/../lib/gcc/arm-none-eabi/10.3.1/../../../../arm-none-eabi/lib/thumb/v7e-m/nofp\libm.a(lib_a-sf_sin.o)
                0x0800696c                sinf
 .text.asinf    0x080069dc       0x40 f:/gcc_arm_none_eabi/version_10_3_1/bin/../lib/gcc/arm-none-eabi/10.3.1/../../../../arm-none-eabi/lib/thumb/v7e-m/nofp\libm.a(lib_a-wf_asin.o)
                0x080069dc                asinf
 .text.atan2f   0x08006a1c        0x4 f:/gcc_arm_none_eabi/version_10_3_1/bin/../lib/gcc/arm-none-eabi/10.3.1/../../../../arm-none-eabi/lib/thumb/v7e-m/nofp\libm.a(lib_a-wf_atan2.o)
                0x08006a1c                atan2f
 .text.sqrtf    0x08006a20       0x38 f:/gcc_arm_none_eabi/version_10_3_1/bin/../lib/gcc/arm-none-eabi/10.3.1/../../../../arm-none-eabi/lib/thumb/v7e-m/nofp\libm.a(lib_a-wf_sqrt.o)
                0x08006a20                sqrtf
 .text.__ieee754_asinf
                0x08006a58      0x298 f:/gcc_arm_none_eabi/version_10_3_1/bin/../lib/gcc/arm-none-eabi/10.3.1/../../../../arm-none-eabi/lib/thumb/v7e-m/nofp\libm.a(lib_a-ef_asin.o)
                0x08006a58                __ieee754_asinf
 .text.__ieee754_atan2f
                0x08006cf0      0x110 f:/gcc_arm_none_eabi/version_10_3_1/bin/../lib/gcc/arm-none-eabi/10.3.1/../../../../arm-none-eabi/lib/thumb/v7e-m/nofp\libm.a(lib_a-ef_atan2.o)
                0x08006cf0                __ieee754_atan2f
 .text.__ieee754_rem_pio2f
                0x08006e00      0x2e8 f:/gcc_arm_none_eabi/version_10_3_1/bin/../lib/gcc/arm-none-eabi/10.3.1/../../../../arm-none-eabi/lib/thumb/v7e-m/nofp\libm.a(lib_a-ef_rem_pio2.o)
                0x08006e00                __ieee754_rem_pio2f
 .text.__ieee754_sqrtf
                0x080070e8       0xb0 f:/gcc_arm_none_eabi/version_10_3_1/bin/../lib/gcc/arm-none-eabi/10.3.1/../../../../arm-none-eabi/lib/thumb/v7e-m/nofp\libm.a(lib_a-ef_sqrt.o)
                0x080070e8                __ieee754_sqrtf
 .text.__kernel_cosf
                0x08007198      0x18c f:/gcc_arm_none_eabi/version_10_3_1/bin/../lib/gcc/arm-none-eabi/10.3.1/../../../../arm-none-eabi/lib/thumb/v7e-m/nofp\libm.a(lib_a-kf_cos.o)
                0x08007198                __kernel_cosf
 .text.__kernel_rem_pio2f
                0x08007324      0x6e0 f:/gcc_arm_none_eabi/version_10_3_1/bin/../lib/gcc/arm-none-eabi/10.3.1/../../../../arm-none-eabi/lib/thumb/v7e-m/nofp\libm.a(lib_a-kf_rem_pio2.o)
                0x08007324                __kernel_rem_pio2f
 .text.__kernel_sinf
                0x08007a04       0xec f:/gcc_arm_none_eabi/version_10_3_1/bin/../lib/gcc/arm-none-eabi/10.3.1/../../../../arm-none-eabi/lib/thumb/v7e-m/nofp\libm.a(lib_a-kf_sin.o)
                0x08007a04                __kernel_sinf
 .text.atanf    0x08007af0      0x230 f:/gcc_arm_none_eabi/version_10_3_1/bin/../lib/gcc/arm-none-eabi/10.3.1/../../../../arm-none-eabi/lib/thumb/v7e-m/nofp\libm.a(lib_a-sf_atan.o)
                0x08007af0                atanf
 .text.fabsf    0x08007d20        0x8 f:/gcc_arm_none_eabi/version_10_3_1/bin/../lib/gcc/arm-none-eabi/10.3.1/../../../../arm-none-eabi/lib/thumb/v7e-m/nofp\libm.a(lib_a-sf_fabs.o)
                0x08007d20                fabsf
 .text.floorf   0x08007d28       0x80 f:/gcc_arm_none_eabi/version_10_3_1/bin/../lib/gcc/arm-none-eabi/10.3.1/../../../../arm-none-eabi/lib/thumb/v7e-m/nofp\libm.a(lib_a-sf_floor.o)
                0x08007d28                floorf
 .text.nanf     0x08007da8        0x8 f:/gcc_arm_none_eabi/version_10_3_1/bin/../lib/gcc/arm-none-eabi/10.3.1/../../../../arm-none-eabi/lib/thumb/v7e-m/nofp\libm.a(lib_a-sf_nan.o)
                0x08007da8                nanf
 .text.scalbnf  0x08007db0       0xbc f:/gcc_arm_none_eabi/version_10_3_1/bin/../lib/gcc/arm-none-eabi/10.3.1/../../../../arm-none-eabi/lib/thumb/v7e-m/nofp\libm.a(lib_a-sf_scalbn.o)
                0x08007db0                scalbnf
 *(.glue_7)
 .glue_7        0x08007e6c        0x0 linker stubs
 *(.glue_7t)
 .glue_7t       0x08007e6c        0x0 linker stubs
 *(.eh_frame)
 .eh_frame      0x08007e6c        0x0 f:/gcc_arm_none_eabi/version_10_3_1/bin/../lib/gcc/arm-none-eabi/10.3.1/thumb/v7e-m/nofp/crtbegin.o
 *(.init)
 .init          0x08007e6c        0x4 f:/gcc_arm_none_eabi/version_10_3_1/bin/../lib/gcc/arm-none-eabi/10.3.1/thumb/v7e-m/nofp/crti.o
                0x08007e6c                _init
 .init          0x08007e70        0x8 f:/gcc_arm_none_eabi/version_10_3_1/bin/../lib/gcc/arm-none-eabi/10.3.1/thumb/v7e-m/nofp/crtn.o
 *(.fini)
 .fini          0x08007e78        0x4 f:/gcc_arm_none_eabi/version_10_3_1/bin/../lib/gcc/arm-none-eabi/10.3.1/thumb/v7e-m/nofp/crti.o
                0x08007e78                _fini
 .fini          0x08007e7c        0x8 f:/gcc_arm_none_eabi/version_10_3_1/bin/../lib/gcc/arm-none-eabi/10.3.1/thumb/v7e-m/nofp/crtn.o
                0x08007e84                . = ALIGN (0x4)
                0x08007e84                _etext = .

.vfp11_veneer   0x08007e84        0x0
 .vfp11_veneer  0x08007e84        0x0 linker stubs

.v4_bx          0x08007e84        0x0
 .v4_bx         0x08007e84        0x0 linker stubs

.iplt           0x08007e84        0x0
 .iplt          0x08007e84        0x0 f:/gcc_arm_none_eabi/version_10_3_1/bin/../lib/gcc/arm-none-eabi/10.3.1/thumb/v7e-m/nofp/crtbegin.o

.rodata         0x08007e84      0x568
                0x08007e84                . = ALIGN (0x4)
 *(.rodata)
 .rodata        0x08007e84       0x18 CMakeFiles/infantry.elf.dir/infantry/imu.c.obj
 *(.rodata*)
 .rodata.CRC8_TAB
                0x08007e9c      0x100 CMakeFiles/infantry.elf.dir/infantry/referee.c.obj
                0x08007e9c                CRC8_TAB
 .rodata.Plist.4
                0x08007f9c       0x20 CMakeFiles/infantry.elf.dir/infantry/referee.c.obj
 .rodata.AHBPrescTable
                0x08007fbc       0x10 CMakeFiles/infantry.elf.dir/Core/Src/system_stm32f4xx.c.obj
                0x08007fbc                AHBPrescTable
 .rodata.APBPrescTable
                0x08007fcc        0x8 CMakeFiles/infantry.elf.dir/Core/Src/system_stm32f4xx.c.obj
                0x08007fcc                APBPrescTable
 .rodata.flagBitshiftOffset.0
                0x08007fd4        0x8 CMakeFiles/infantry.elf.dir/Drivers/STM32F4xx_HAL_Driver/Src/stm32f4xx_hal_dma.c.obj
 .rodata._global_impure_ptr
                0x08007fdc        0x4 f:/gcc_arm_none_eabi/version_10_3_1/bin/../lib/gcc/arm-none-eabi/10.3.1/../../../../arm-none-eabi/lib/thumb/v7e-m/nofp\libg.a(lib_a-impure.o)
                0x08007fdc                _global_impure_ptr
 .rodata.asinf.str1.4
                0x08007fe0        0x1 f:/gcc_arm_none_eabi/version_10_3_1/bin/../lib/gcc/arm-none-eabi/10.3.1/../../../../arm-none-eabi/lib/thumb/v7e-m/nofp\libm.a(lib_a-wf_asin.o)
 *fill*         0x08007fe1        0x3 
 .rodata.CSWTCH.8
                0x08007fe4        0xc f:/gcc_arm_none_eabi/version_10_3_1/bin/../lib/gcc/arm-none-eabi/10.3.1/../../../../arm-none-eabi/lib/thumb/v7e-m/nofp\libm.a(lib_a-ef_atan2.o)
 .rodata.CSWTCH.9
                0x08007ff0        0xc f:/gcc_arm_none_eabi/version_10_3_1/bin/../lib/gcc/arm-none-eabi/10.3.1/../../../../arm-none-eabi/lib/thumb/v7e-m/nofp\libm.a(lib_a-ef_atan2.o)
 .rodata.npio2_hw
                0x08007ffc       0x80 f:/gcc_arm_none_eabi/version_10_3_1/bin/../lib/gcc/arm-none-eabi/10.3.1/../../../../arm-none-eabi/lib/thumb/v7e-m/nofp\libm.a(lib_a-ef_rem_pio2.o)
 .rodata.two_over_pi
                0x0800807c      0x318 f:/gcc_arm_none_eabi/version_10_3_1/bin/../lib/gcc/arm-none-eabi/10.3.1/../../../../arm-none-eabi/lib/thumb/v7e-m/nofp\libm.a(lib_a-ef_rem_pio2.o)
 .rodata.PIo2   0x08008394       0x2c f:/gcc_arm_none_eabi/version_10_3_1/bin/../lib/gcc/arm-none-eabi/10.3.1/../../../../arm-none-eabi/lib/thumb/v7e-m/nofp\libm.a(lib_a-kf_rem_pio2.o)
 .rodata.init_jk
                0x080083c0        0xc f:/gcc_arm_none_eabi/version_10_3_1/bin/../lib/gcc/arm-none-eabi/10.3.1/../../../../arm-none-eabi/lib/thumb/v7e-m/nofp\libm.a(lib_a-kf_rem_pio2.o)
 .rodata.atanhi
                0x080083cc       0x10 f:/gcc_arm_none_eabi/version_10_3_1/bin/../lib/gcc/arm-none-eabi/10.3.1/../../../../arm-none-eabi/lib/thumb/v7e-m/nofp\libm.a(lib_a-sf_atan.o)
 .rodata.atanlo
                0x080083dc       0x10 f:/gcc_arm_none_eabi/version_10_3_1/bin/../lib/gcc/arm-none-eabi/10.3.1/../../../../arm-none-eabi/lib/thumb/v7e-m/nofp\libm.a(lib_a-sf_atan.o)
                0x080083ec                . = ALIGN (0x4)

.ARM.extab      0x080083ec        0x0
                0x080083ec                . = ALIGN (0x4)
 *(.ARM.extab* .gnu.linkonce.armextab.*)
                0x080083ec                . = ALIGN (0x4)

.ARM            0x080083ec        0x8
                0x080083ec                . = ALIGN (0x4)
                0x080083ec                __exidx_start = .
 *(.ARM.exidx*)
 .ARM.exidx     0x080083ec        0x8 f:/gcc_arm_none_eabi/version_10_3_1/bin/../lib/gcc/arm-none-eabi/10.3.1/thumb/v7e-m/nofp\libgcc.a(_udivmoddi4.o)
                0x080083f4                __exidx_end = .
                0x080083f4                . = ALIGN (0x4)

.rel.dyn        0x080083f4        0x0
 .rel.iplt      0x080083f4        0x0 f:/gcc_arm_none_eabi/version_10_3_1/bin/../lib/gcc/arm-none-eabi/10.3.1/thumb/v7e-m/nofp/crtbegin.o

.preinit_array  0x080083f4        0x0
                0x080083f4                . = ALIGN (0x4)
                0x080083f4                PROVIDE (__preinit_array_start = .)
 *(.preinit_array*)
                0x080083f4                PROVIDE (__preinit_array_end = .)
                0x080083f4                . = ALIGN (0x4)

.init_array     0x080083f4        0x8
                0x080083f4                . = ALIGN (0x4)
                0x080083f4                PROVIDE (__init_array_start = .)
 *(SORT_BY_NAME(.init_array.*))
 .init_array.00000
                0x080083f4        0x4 f:/gcc_arm_none_eabi/version_10_3_1/bin/../lib/gcc/arm-none-eabi/10.3.1/../../../../arm-none-eabi/lib/thumb/v7e-m/nofp\libg.a(lib_a-__call_atexit.o)
 *(.init_array*)
 .init_array    0x080083f8        0x4 f:/gcc_arm_none_eabi/version_10_3_1/bin/../lib/gcc/arm-none-eabi/10.3.1/thumb/v7e-m/nofp/crtbegin.o
                0x080083fc                PROVIDE (__init_array_end = .)
                0x080083fc                . = ALIGN (0x4)

.fini_array     0x080083fc        0x4
                0x080083fc                . = ALIGN (0x4)
                0x080083fc                PROVIDE (__fini_array_start = .)
 *(SORT_BY_NAME(.fini_array.*))
 *(.fini_array*)
 .fini_array    0x080083fc        0x4 f:/gcc_arm_none_eabi/version_10_3_1/bin/../lib/gcc/arm-none-eabi/10.3.1/thumb/v7e-m/nofp/crtbegin.o
                0x08008400                PROVIDE (__fini_array_end = .)
                0x08008400                . = ALIGN (0x4)
                0x08008400                _sidata = LOADADDR (.data)

.data           0x20000000      0x4bc load address 0x08008400
                0x20000000                . = ALIGN (0x4)
                0x20000000                _sdata = .
 *(.data)
 *(.data*)
 .data.Power_Limit
                0x20000000        0x2 CMakeFiles/infantry.elf.dir/infantry/chassis.c.obj
                0x20000000                Power_Limit
 *fill*         0x20000002        0x2 
 .data.chassis_rotate_level
                0x20000004        0x4 CMakeFiles/infantry.elf.dir/infantry/chassis.c.obj
                0x20000004                chassis_rotate_level
 .data.chassis_speed_level
                0x20000008        0x4 CMakeFiles/infantry.elf.dir/infantry/chassis.c.obj
                0x20000008                chassis_speed_level
 .data.follow.3
                0x2000000c        0x4 CMakeFiles/infantry.elf.dir/infantry/chassis.c.obj
 .data.mouse_load_speed
                0x20000010        0x4 CMakeFiles/infantry.elf.dir/infantry/gimbal.c.obj
                0x20000010                mouse_load_speed
 .data.rc_load_speed
                0x20000014        0x4 CMakeFiles/infantry.elf.dir/infantry/gimbal.c.obj
                0x20000014                rc_load_speed
 .data.q.2      0x20000018       0x10 CMakeFiles/infantry.elf.dir/infantry/imu.c.obj
 .data.chasM    0x20000028        0xc CMakeFiles/infantry.elf.dir/infantry/pid.c.obj
                0x20000028                chasM
 .data.chasZ    0x20000034        0xc CMakeFiles/infantry.elf.dir/infantry/pid.c.obj
                0x20000034                chasZ
 .data.loadV    0x20000040        0xc CMakeFiles/infantry.elf.dir/infantry/pid.c.obj
                0x20000040                loadV
 .data.pitchA   0x2000004c        0xc CMakeFiles/infantry.elf.dir/infantry/pid.c.obj
                0x2000004c                pitchA
 .data.pitchV   0x20000058        0xc CMakeFiles/infantry.elf.dir/infantry/pid.c.obj
                0x20000058                pitchV
 .data.yawA     0x20000064        0xc CMakeFiles/infantry.elf.dir/infantry/pid.c.obj
                0x20000064                yawA
 .data.yawV     0x20000070        0xc CMakeFiles/infantry.elf.dir/infantry/pid.c.obj
                0x20000070                yawV
 .data.HeadRx   0x2000007c        0x1 CMakeFiles/infantry.elf.dir/infantry/referee.c.obj
 *fill*         0x2000007d        0x1 
 .data.Power.5  0x2000007e        0x2 CMakeFiles/infantry.elf.dir/infantry/referee.c.obj
 .data.SystemCoreClock
                0x20000080        0x4 CMakeFiles/infantry.elf.dir/Core/Src/system_stm32f4xx.c.obj
                0x20000080                SystemCoreClock
 .data.uwTickFreq
                0x20000084        0x1 CMakeFiles/infantry.elf.dir/Drivers/STM32F4xx_HAL_Driver/Src/stm32f4xx_hal.c.obj
                0x20000084                uwTickFreq
 *fill*         0x20000085        0x3 
 .data.uwTickPrio
                0x20000088        0x4 CMakeFiles/infantry.elf.dir/Drivers/STM32F4xx_HAL_Driver/Src/stm32f4xx_hal.c.obj
                0x20000088                uwTickPrio
 .data._impure_ptr
                0x2000008c        0x4 f:/gcc_arm_none_eabi/version_10_3_1/bin/../lib/gcc/arm-none-eabi/10.3.1/../../../../arm-none-eabi/lib/thumb/v7e-m/nofp\libg.a(lib_a-impure.o)
                0x2000008c                _impure_ptr
 .data.impure_data
                0x20000090      0x428 f:/gcc_arm_none_eabi/version_10_3_1/bin/../lib/gcc/arm-none-eabi/10.3.1/../../../../arm-none-eabi/lib/thumb/v7e-m/nofp\libg.a(lib_a-impure.o)
 .data.__atexit_recursive_mutex
                0x200004b8        0x4 f:/gcc_arm_none_eabi/version_10_3_1/bin/../lib/gcc/arm-none-eabi/10.3.1/../../../../arm-none-eabi/lib/thumb/v7e-m/nofp\libg.a(lib_a-__call_atexit.o)
                0x200004b8                __atexit_recursive_mutex
 *(.RamFunc)
 *(.RamFunc*)
                0x200004bc                . = ALIGN (0x4)
                0x200004bc                _edata = .
                0x080088bc                _siccmram = LOADADDR (.ccmram)

.igot.plt       0x200004bc        0x0 load address 0x080088bc
 .igot.plt      0x200004bc        0x0 f:/gcc_arm_none_eabi/version_10_3_1/bin/../lib/gcc/arm-none-eabi/10.3.1/thumb/v7e-m/nofp/crtbegin.o

.ccmram         0x10000000        0x0 load address 0x080088bc
                0x10000000                . = ALIGN (0x4)
                0x10000000                _sccmram = .
 *(.ccmram)
 *(.ccmram*)
                0x10000000                . = ALIGN (0x4)
                0x10000000                _eccmram = .
                0x10000000                . = ALIGN (0x4)

.bss            0x200004bc      0x91c
                0x200004bc                _sbss = .
                0x200004bc                __bss_start__ = _sbss
 *(.bss)
 .bss           0x200004bc       0x1c f:/gcc_arm_none_eabi/version_10_3_1/bin/../lib/gcc/arm-none-eabi/10.3.1/thumb/v7e-m/nofp/crtbegin.o
 *(.bss*)
 .bss.RC_YAW.4  0x200004d8        0x4 CMakeFiles/infantry.elf.dir/infantry/chassis.c.obj
 .bss.Rotate_Z  0x200004dc        0x4 CMakeFiles/infantry.elf.dir/infantry/chassis.c.obj
 .bss.old.0     0x200004e0        0x4 CMakeFiles/infantry.elf.dir/infantry/chassis.c.obj
 .bss.x.1       0x200004e4        0x4 CMakeFiles/infantry.elf.dir/infantry/chassis.c.obj
 .bss.y.2       0x200004e8        0x4 CMakeFiles/infantry.elf.dir/infantry/chassis.c.obj
 .bss.old.0     0x200004ec        0x4 CMakeFiles/infantry.elf.dir/infantry/gimbal.c.obj
 .bss.rcAngle.1
                0x200004f0        0x4 CMakeFiles/infantry.elf.dir/infantry/gimbal.c.obj
 .bss.shootON.2
                0x200004f4        0x2 CMakeFiles/infantry.elf.dir/infantry/gimbal.c.obj
 *fill*         0x200004f6        0x2 
 .bss.Circle.0  0x200004f8        0x4 CMakeFiles/infantry.elf.dir/infantry/imu.c.obj
 .bss.Old_Yaw.1
                0x200004fc        0x4 CMakeFiles/infantry.elf.dir/infantry/imu.c.obj
 .bss.imu       0x20000500       0x10 CMakeFiles/infantry.elf.dir/infantry/imu.c.obj
                0x20000500                imu
 .bss.imu_raw_data
                0x20000510       0x18 CMakeFiles/infantry.elf.dir/infantry/imu.c.obj
 .bss.integralFBx
                0x20000528        0x4 CMakeFiles/infantry.elf.dir/infantry/imu.c.obj
                0x20000528                integralFBx
 .bss.integralFBy
                0x2000052c        0x4 CMakeFiles/infantry.elf.dir/infantry/imu.c.obj
                0x2000052c                integralFBy
 .bss.integralFBz
                0x20000530        0x4 CMakeFiles/infantry.elf.dir/infantry/imu.c.obj
                0x20000530                integralFBz
 .bss.read_value.3
                0x20000534        0x1 CMakeFiles/infantry.elf.dir/infantry/imu.c.obj
 .bss.read_value.4
                0x20000535        0x1 CMakeFiles/infantry.elf.dir/infantry/imu.c.obj
 *fill*         0x20000536        0x2 
 .bss.Chassis_M3508_Velocity
                0x20000538       0x10 CMakeFiles/infantry.elf.dir/infantry/motors.c.obj
                0x20000538                Chassis_M3508_Velocity
 .bss.GIM_CHAS_Angle
                0x20000548        0x4 CMakeFiles/infantry.elf.dir/infantry/motors.c.obj
                0x20000548                GIM_CHAS_Angle
 .bss.Loader_Velocity
                0x2000054c        0x4 CMakeFiles/infantry.elf.dir/infantry/motors.c.obj
                0x2000054c                Loader_Velocity
 .bss.Pitch6020
                0x20000550        0x8 CMakeFiles/infantry.elf.dir/infantry/motors.c.obj
                0x20000550                Pitch6020
 .bss.Shooter_Velocity
                0x20000558        0x8 CMakeFiles/infantry.elf.dir/infantry/motors.c.obj
                0x20000558                Shooter_Velocity
 .bss.iError.0  0x20000560        0x4 CMakeFiles/infantry.elf.dir/infantry/pid.c.obj
 .bss.iError.1  0x20000564        0x4 CMakeFiles/infantry.elf.dir/infantry/pid.c.obj
 .bss.iError.3  0x20000568        0x4 CMakeFiles/infantry.elf.dir/infantry/pid.c.obj
 .bss.iError.4  0x2000056c        0x4 CMakeFiles/infantry.elf.dir/infantry/pid.c.obj
 .bss.iError.7  0x20000570       0x10 CMakeFiles/infantry.elf.dir/infantry/pid.c.obj
 .bss.oldError.2
                0x20000580        0x4 CMakeFiles/infantry.elf.dir/infantry/pid.c.obj
 .bss.oldError.5
                0x20000584        0x4 CMakeFiles/infantry.elf.dir/infantry/pid.c.obj
 .bss.oldError.6
                0x20000588        0x4 CMakeFiles/infantry.elf.dir/infantry/pid.c.obj
 .bss.DbusRxBuf
                0x2000058c       0x48 CMakeFiles/infantry.elf.dir/infantry/rc.c.obj
                0x2000058c                DbusRxBuf
 .bss.rc        0x200005d4       0x28 CMakeFiles/infantry.elf.dir/infantry/rc.c.obj
                0x200005d4                rc
 .bss.rc_tick   0x200005fc        0x4 CMakeFiles/infantry.elf.dir/infantry/rc.c.obj
                0x200005fc                rc_tick
 .bss.this_time_rx_len.0
                0x20000600        0x2 CMakeFiles/infantry.elf.dir/infantry/rc.c.obj
 *fill*         0x20000602        0x2 
 .bss.head      0x20000604        0x6 CMakeFiles/infantry.elf.dir/infantry/referee.c.obj
                0x20000604                head
 *fill*         0x2000060a        0x2 
 .bss.head_buffer
                0x2000060c        0x7 CMakeFiles/infantry.elf.dir/infantry/referee.c.obj
 *fill*         0x20000613        0x1 
 .bss.refe      0x20000614       0x10 CMakeFiles/infantry.elf.dir/infantry/referee.c.obj
                0x20000614                refe
 .bss.refe_buffer
                0x20000624      0x400 CMakeFiles/infantry.elf.dir/infantry/referee.c.obj
 .bss.HAL_RCC_CAN1_CLK_ENABLED
                0x20000a24        0x4 CMakeFiles/infantry.elf.dir/Core/Src/can.c.obj
 .bss.hcan1     0x20000a28       0x28 CMakeFiles/infantry.elf.dir/Core/Src/can.c.obj
                0x20000a28                hcan1
 .bss.hcan2     0x20000a50       0x28 CMakeFiles/infantry.elf.dir/Core/Src/can.c.obj
                0x20000a50                hcan2
 .bss.hiwdg     0x20000a78        0xc CMakeFiles/infantry.elf.dir/Core/Src/iwdg.c.obj
                0x20000a78                hiwdg
 .bss.hspi1     0x20000a84       0x58 CMakeFiles/infantry.elf.dir/Core/Src/spi.c.obj
                0x20000a84                hspi1
 .bss.htim2     0x20000adc       0x48 CMakeFiles/infantry.elf.dir/Core/Src/tim.c.obj
                0x20000adc                htim2
 .bss.htim3     0x20000b24       0x48 CMakeFiles/infantry.elf.dir/Core/Src/tim.c.obj
                0x20000b24                htim3
 .bss.htim4     0x20000b6c       0x48 CMakeFiles/infantry.elf.dir/Core/Src/tim.c.obj
                0x20000b6c                htim4
 .bss.htim5     0x20000bb4       0x48 CMakeFiles/infantry.elf.dir/Core/Src/tim.c.obj
                0x20000bb4                htim5
 .bss.htim7     0x20000bfc       0x48 CMakeFiles/infantry.elf.dir/Core/Src/tim.c.obj
                0x20000bfc                htim7
 .bss.hdma_usart3_rx
                0x20000c44       0x60 CMakeFiles/infantry.elf.dir/Core/Src/usart.c.obj
                0x20000c44                hdma_usart3_rx
 .bss.hdma_usart6_rx
                0x20000ca4       0x60 CMakeFiles/infantry.elf.dir/Core/Src/usart.c.obj
                0x20000ca4                hdma_usart6_rx
 .bss.huart1    0x20000d04       0x44 CMakeFiles/infantry.elf.dir/Core/Src/usart.c.obj
                0x20000d04                huart1
 .bss.huart3    0x20000d48       0x44 CMakeFiles/infantry.elf.dir/Core/Src/usart.c.obj
                0x20000d48                huart3
 .bss.huart6    0x20000d8c       0x44 CMakeFiles/infantry.elf.dir/Core/Src/usart.c.obj
                0x20000d8c                huart6
 .bss.uwTick    0x20000dd0        0x4 CMakeFiles/infantry.elf.dir/Drivers/STM32F4xx_HAL_Driver/Src/stm32f4xx_hal.c.obj
                0x20000dd0                uwTick
 .bss.__lock___atexit_recursive_mutex
                0x20000dd4        0x1 f:/gcc_arm_none_eabi/version_10_3_1/bin/../lib/gcc/arm-none-eabi/10.3.1/../../../../arm-none-eabi/lib/thumb/v7e-m/nofp\libg.a(lib_a-lock.o)
                0x20000dd4                __lock___atexit_recursive_mutex
 *(COMMON)
                0x20000dd8                . = ALIGN (0x4)
 *fill*         0x20000dd5        0x3 
                0x20000dd8                _ebss = .
                0x20000dd8                __bss_end__ = _ebss

._user_heap_stack
                0x20000dd8      0x600
                0x20000dd8                . = ALIGN (0x8)
                [!provide]                PROVIDE (end = .)
                0x20000dd8                PROVIDE (_end = .)
                0x20000fd8                . = (. + _Min_Heap_Size)
 *fill*         0x20000dd8      0x200 
                0x200013d8                . = (. + _Min_Stack_Size)
 *fill*         0x20000fd8      0x400 
                0x200013d8                . = ALIGN (0x8)

/DISCARD/
 libc.a(*)
 libm.a(*)
 libgcc.a(*)

.ARM.attributes
                0x00000000       0x2a
 *(.ARM.attributes)
 .ARM.attributes
                0x00000000       0x1e f:/gcc_arm_none_eabi/version_10_3_1/bin/../lib/gcc/arm-none-eabi/10.3.1/thumb/v7e-m/nofp/crti.o
 .ARM.attributes
                0x0000001e       0x2e f:/gcc_arm_none_eabi/version_10_3_1/bin/../lib/gcc/arm-none-eabi/10.3.1/thumb/v7e-m/nofp/crtbegin.o
 .ARM.attributes
                0x0000004c       0x2e CMakeFiles/infantry.elf.dir/infantry/chassis.c.obj
 .ARM.attributes
                0x0000007a       0x2e CMakeFiles/infantry.elf.dir/infantry/gimbal.c.obj
 .ARM.attributes
                0x000000a8       0x2e CMakeFiles/infantry.elf.dir/infantry/imu.c.obj
 .ARM.attributes
                0x000000d6       0x2e CMakeFiles/infantry.elf.dir/infantry/motors.c.obj
 .ARM.attributes
                0x00000104       0x2e CMakeFiles/infantry.elf.dir/infantry/pid.c.obj
 .ARM.attributes
                0x00000132       0x2e CMakeFiles/infantry.elf.dir/infantry/rc.c.obj
 .ARM.attributes
                0x00000160       0x2e CMakeFiles/infantry.elf.dir/infantry/referee.c.obj
 .ARM.attributes
                0x0000018e       0x2e CMakeFiles/infantry.elf.dir/Core/Src/can.c.obj
 .ARM.attributes
                0x000001bc       0x2e CMakeFiles/infantry.elf.dir/Core/Src/dma.c.obj
 .ARM.attributes
                0x000001ea       0x2e CMakeFiles/infantry.elf.dir/Core/Src/gpio.c.obj
 .ARM.attributes
                0x00000218       0x2e CMakeFiles/infantry.elf.dir/Core/Src/iwdg.c.obj
 .ARM.attributes
                0x00000246       0x2e CMakeFiles/infantry.elf.dir/Core/Src/main.c.obj
 .ARM.attributes
                0x00000274       0x2e CMakeFiles/infantry.elf.dir/Core/Src/spi.c.obj
 .ARM.attributes
                0x000002a2       0x2e CMakeFiles/infantry.elf.dir/Core/Src/stm32f4xx_hal_msp.c.obj
 .ARM.attributes
                0x000002d0       0x2e CMakeFiles/infantry.elf.dir/Core/Src/stm32f4xx_it.c.obj
 .ARM.attributes
                0x000002fe       0x2e CMakeFiles/infantry.elf.dir/Core/Src/system_stm32f4xx.c.obj
 .ARM.attributes
                0x0000032c       0x2e CMakeFiles/infantry.elf.dir/Core/Src/tim.c.obj
 .ARM.attributes
                0x0000035a       0x2e CMakeFiles/infantry.elf.dir/Core/Src/usart.c.obj
 .ARM.attributes
                0x00000388       0x21 CMakeFiles/infantry.elf.dir/Core/Startup/startup_stm32f407ighx.s.obj
 .ARM.attributes
                0x000003a9       0x2e CMakeFiles/infantry.elf.dir/Drivers/STM32F4xx_HAL_Driver/Src/stm32f4xx_hal.c.obj
 .ARM.attributes
                0x000003d7       0x2e CMakeFiles/infantry.elf.dir/Drivers/STM32F4xx_HAL_Driver/Src/stm32f4xx_hal_can.c.obj
 .ARM.attributes
                0x00000405       0x2e CMakeFiles/infantry.elf.dir/Drivers/STM32F4xx_HAL_Driver/Src/stm32f4xx_hal_cortex.c.obj
 .ARM.attributes
                0x00000433       0x2e CMakeFiles/infantry.elf.dir/Drivers/STM32F4xx_HAL_Driver/Src/stm32f4xx_hal_dma.c.obj
 .ARM.attributes
                0x00000461       0x2e CMakeFiles/infantry.elf.dir/Drivers/STM32F4xx_HAL_Driver/Src/stm32f4xx_hal_gpio.c.obj
 .ARM.attributes
                0x0000048f       0x2e CMakeFiles/infantry.elf.dir/Drivers/STM32F4xx_HAL_Driver/Src/stm32f4xx_hal_iwdg.c.obj
 .ARM.attributes
                0x000004bd       0x2e CMakeFiles/infantry.elf.dir/Drivers/STM32F4xx_HAL_Driver/Src/stm32f4xx_hal_rcc.c.obj
 .ARM.attributes
                0x000004eb       0x2e CMakeFiles/infantry.elf.dir/Drivers/STM32F4xx_HAL_Driver/Src/stm32f4xx_hal_spi.c.obj
 .ARM.attributes
                0x00000519       0x2e CMakeFiles/infantry.elf.dir/Drivers/STM32F4xx_HAL_Driver/Src/stm32f4xx_hal_tim.c.obj
 .ARM.attributes
                0x00000547       0x2e CMakeFiles/infantry.elf.dir/Drivers/STM32F4xx_HAL_Driver/Src/stm32f4xx_hal_tim_ex.c.obj
 .ARM.attributes
                0x00000575       0x2e CMakeFiles/infantry.elf.dir/Drivers/STM32F4xx_HAL_Driver/Src/stm32f4xx_hal_uart.c.obj
 .ARM.attributes
                0x000005a3       0x1e f:/gcc_arm_none_eabi/version_10_3_1/bin/../lib/gcc/arm-none-eabi/10.3.1/thumb/v7e-m/nofp\libgcc.a(_arm_addsubdf3.o)
 .ARM.attributes
                0x000005c1       0x1e f:/gcc_arm_none_eabi/version_10_3_1/bin/../lib/gcc/arm-none-eabi/10.3.1/thumb/v7e-m/nofp\libgcc.a(_arm_cmpdf2.o)
 .ARM.attributes
                0x000005df       0x1e f:/gcc_arm_none_eabi/version_10_3_1/bin/../lib/gcc/arm-none-eabi/10.3.1/thumb/v7e-m/nofp\libgcc.a(_arm_truncdfsf2.o)
 .ARM.attributes
                0x000005fd       0x1e f:/gcc_arm_none_eabi/version_10_3_1/bin/../lib/gcc/arm-none-eabi/10.3.1/thumb/v7e-m/nofp\libgcc.a(_arm_addsubsf3.o)
 .ARM.attributes
                0x0000061b       0x1e f:/gcc_arm_none_eabi/version_10_3_1/bin/../lib/gcc/arm-none-eabi/10.3.1/thumb/v7e-m/nofp\libgcc.a(_arm_muldivsf3.o)
 .ARM.attributes
                0x00000639       0x1e f:/gcc_arm_none_eabi/version_10_3_1/bin/../lib/gcc/arm-none-eabi/10.3.1/thumb/v7e-m/nofp\libgcc.a(_arm_cmpsf2.o)
 .ARM.attributes
                0x00000657       0x1e f:/gcc_arm_none_eabi/version_10_3_1/bin/../lib/gcc/arm-none-eabi/10.3.1/thumb/v7e-m/nofp\libgcc.a(_arm_fixsfsi.o)
 .ARM.attributes
                0x00000675       0x1e f:/gcc_arm_none_eabi/version_10_3_1/bin/../lib/gcc/arm-none-eabi/10.3.1/thumb/v7e-m/nofp\libgcc.a(_aeabi_uldivmod.o)
 .ARM.attributes
                0x00000693       0x2e f:/gcc_arm_none_eabi/version_10_3_1/bin/../lib/gcc/arm-none-eabi/10.3.1/thumb/v7e-m/nofp\libgcc.a(_udivmoddi4.o)
 .ARM.attributes
                0x000006c1       0x1e f:/gcc_arm_none_eabi/version_10_3_1/bin/../lib/gcc/arm-none-eabi/10.3.1/thumb/v7e-m/nofp\libgcc.a(_dvmd_tls.o)
 .ARM.attributes
                0x000006df       0x2e f:/gcc_arm_none_eabi/version_10_3_1/bin/../lib/gcc/arm-none-eabi/10.3.1/../../../../arm-none-eabi/lib/thumb/v7e-m/nofp\libg.a(lib_a-errno.o)
 .ARM.attributes
                0x0000070d       0x2e f:/gcc_arm_none_eabi/version_10_3_1/bin/../lib/gcc/arm-none-eabi/10.3.1/../../../../arm-none-eabi/lib/thumb/v7e-m/nofp\libg.a(lib_a-impure.o)
 .ARM.attributes
                0x0000073b       0x2e f:/gcc_arm_none_eabi/version_10_3_1/bin/../lib/gcc/arm-none-eabi/10.3.1/../../../../arm-none-eabi/lib/thumb/v7e-m/nofp\libg.a(lib_a-init.o)
 .ARM.attributes
                0x00000769       0x2e f:/gcc_arm_none_eabi/version_10_3_1/bin/../lib/gcc/arm-none-eabi/10.3.1/../../../../arm-none-eabi/lib/thumb/v7e-m/nofp\libg.a(lib_a-memset.o)
 .ARM.attributes
                0x00000797       0x2e f:/gcc_arm_none_eabi/version_10_3_1/bin/../lib/gcc/arm-none-eabi/10.3.1/../../../../arm-none-eabi/lib/thumb/v7e-m/nofp\libg.a(lib_a-__call_atexit.o)
 .ARM.attributes
                0x000007c5       0x2e f:/gcc_arm_none_eabi/version_10_3_1/bin/../lib/gcc/arm-none-eabi/10.3.1/../../../../arm-none-eabi/lib/thumb/v7e-m/nofp\libg.a(lib_a-atexit.o)
 .ARM.attributes
                0x000007f3       0x2e f:/gcc_arm_none_eabi/version_10_3_1/bin/../lib/gcc/arm-none-eabi/10.3.1/../../../../arm-none-eabi/lib/thumb/v7e-m/nofp\libg.a(lib_a-fini.o)
 .ARM.attributes
                0x00000821       0x2e f:/gcc_arm_none_eabi/version_10_3_1/bin/../lib/gcc/arm-none-eabi/10.3.1/../../../../arm-none-eabi/lib/thumb/v7e-m/nofp\libg.a(lib_a-lock.o)
 .ARM.attributes
                0x0000084f       0x2e f:/gcc_arm_none_eabi/version_10_3_1/bin/../lib/gcc/arm-none-eabi/10.3.1/../../../../arm-none-eabi/lib/thumb/v7e-m/nofp\libg.a(lib_a-__atexit.o)
 .ARM.attributes
                0x0000087d       0x1e f:/gcc_arm_none_eabi/version_10_3_1/bin/../lib/gcc/arm-none-eabi/10.3.1/thumb/v7e-m/nofp/crtn.o
OUTPUT(infantry.elf elf32-littlearm)
LOAD linker stubs
LOAD f:/gcc_arm_none_eabi/version_10_3_1/bin/../lib/gcc/arm-none-eabi/10.3.1/../../../../arm-none-eabi/lib/thumb/v7e-m/nofp\libc.a
LOAD f:/gcc_arm_none_eabi/version_10_3_1/bin/../lib/gcc/arm-none-eabi/10.3.1/../../../../arm-none-eabi/lib/thumb/v7e-m/nofp\libm.a
LOAD f:/gcc_arm_none_eabi/version_10_3_1/bin/../lib/gcc/arm-none-eabi/10.3.1/thumb/v7e-m/nofp\libgcc.a

.debug_info     0x00000000    0x1d7b2
 .debug_info    0x00000000      0xcef CMakeFiles/infantry.elf.dir/infantry/chassis.c.obj
 .debug_info    0x00000cef      0x6a3 CMakeFiles/infantry.elf.dir/infantry/gimbal.c.obj
 .debug_info    0x00001392     0x1d60 CMakeFiles/infantry.elf.dir/infantry/imu.c.obj
 .debug_info    0x000030f2     0x15c4 CMakeFiles/infantry.elf.dir/infantry/motors.c.obj
 .debug_info    0x000046b6      0x868 CMakeFiles/infantry.elf.dir/infantry/pid.c.obj
 .debug_info    0x00004f1e      0xa4d CMakeFiles/infantry.elf.dir/infantry/rc.c.obj
 .debug_info    0x0000596b      0xaed CMakeFiles/infantry.elf.dir/infantry/referee.c.obj
 .debug_info    0x00006458      0xcb3 CMakeFiles/infantry.elf.dir/Core/Src/can.c.obj
 .debug_info    0x0000710b      0x54d CMakeFiles/infantry.elf.dir/Core/Src/dma.c.obj
 .debug_info    0x00007658      0x560 CMakeFiles/infantry.elf.dir/Core/Src/gpio.c.obj
 .debug_info    0x00007bb8      0x1d3 CMakeFiles/infantry.elf.dir/Core/Src/iwdg.c.obj
 .debug_info    0x00007d8b     0x111a CMakeFiles/infantry.elf.dir/Core/Src/main.c.obj
 .debug_info    0x00008ea5      0xa6e CMakeFiles/infantry.elf.dir/Core/Src/spi.c.obj
 .debug_info    0x00009913      0x2a4 CMakeFiles/infantry.elf.dir/Core/Src/stm32f4xx_hal_msp.c.obj
 .debug_info    0x00009bb7      0xfd4 CMakeFiles/infantry.elf.dir/Core/Src/stm32f4xx_it.c.obj
 .debug_info    0x0000ab8b      0x37d CMakeFiles/infantry.elf.dir/Core/Src/system_stm32f4xx.c.obj
 .debug_info    0x0000af08     0x1359 CMakeFiles/infantry.elf.dir/Core/Src/tim.c.obj
 .debug_info    0x0000c261      0xf23 CMakeFiles/infantry.elf.dir/Core/Src/usart.c.obj
 .debug_info    0x0000d184       0x22 CMakeFiles/infantry.elf.dir/Core/Startup/startup_stm32f407ighx.s.obj
 .debug_info    0x0000d1a6      0x9f0 CMakeFiles/infantry.elf.dir/Drivers/STM32F4xx_HAL_Driver/Src/stm32f4xx_hal.c.obj
 .debug_info    0x0000db96     0x1269 CMakeFiles/infantry.elf.dir/Drivers/STM32F4xx_HAL_Driver/Src/stm32f4xx_hal_can.c.obj
 .debug_info    0x0000edff     0x1098 CMakeFiles/infantry.elf.dir/Drivers/STM32F4xx_HAL_Driver/Src/stm32f4xx_hal_cortex.c.obj
 .debug_info    0x0000fe97      0xb3f CMakeFiles/infantry.elf.dir/Drivers/STM32F4xx_HAL_Driver/Src/stm32f4xx_hal_dma.c.obj
 .debug_info    0x000109d6      0x7b0 CMakeFiles/infantry.elf.dir/Drivers/STM32F4xx_HAL_Driver/Src/stm32f4xx_hal_gpio.c.obj
 .debug_info    0x00011186      0x20c CMakeFiles/infantry.elf.dir/Drivers/STM32F4xx_HAL_Driver/Src/stm32f4xx_hal_iwdg.c.obj
 .debug_info    0x00011392      0xb03 CMakeFiles/infantry.elf.dir/Drivers/STM32F4xx_HAL_Driver/Src/stm32f4xx_hal_rcc.c.obj
 .debug_info    0x00011e95     0x1e96 CMakeFiles/infantry.elf.dir/Drivers/STM32F4xx_HAL_Driver/Src/stm32f4xx_hal_spi.c.obj
 .debug_info    0x00013d2b     0x3d5b CMakeFiles/infantry.elf.dir/Drivers/STM32F4xx_HAL_Driver/Src/stm32f4xx_hal_tim.c.obj
 .debug_info    0x00017a86     0x1ade CMakeFiles/infantry.elf.dir/Drivers/STM32F4xx_HAL_Driver/Src/stm32f4xx_hal_tim_ex.c.obj
 .debug_info    0x00019564     0x424e CMakeFiles/infantry.elf.dir/Drivers/STM32F4xx_HAL_Driver/Src/stm32f4xx_hal_uart.c.obj

.debug_abbrev   0x00000000     0x3b9c
 .debug_abbrev  0x00000000      0x211 CMakeFiles/infantry.elf.dir/infantry/chassis.c.obj
 .debug_abbrev  0x00000211      0x20f CMakeFiles/infantry.elf.dir/infantry/gimbal.c.obj
 .debug_abbrev  0x00000420      0x325 CMakeFiles/infantry.elf.dir/infantry/imu.c.obj
 .debug_abbrev  0x00000745      0x266 CMakeFiles/infantry.elf.dir/infantry/motors.c.obj
 .debug_abbrev  0x000009ab      0x14b CMakeFiles/infantry.elf.dir/infantry/pid.c.obj
 .debug_abbrev  0x00000af6      0x293 CMakeFiles/infantry.elf.dir/infantry/rc.c.obj
 .debug_abbrev  0x00000d89      0x232 CMakeFiles/infantry.elf.dir/infantry/referee.c.obj
 .debug_abbrev  0x00000fbb      0x1f6 CMakeFiles/infantry.elf.dir/Core/Src/can.c.obj
 .debug_abbrev  0x000011b1      0x126 CMakeFiles/infantry.elf.dir/Core/Src/dma.c.obj
 .debug_abbrev  0x000012d7      0x14e CMakeFiles/infantry.elf.dir/Core/Src/gpio.c.obj
 .debug_abbrev  0x00001425      0x129 CMakeFiles/infantry.elf.dir/Core/Src/iwdg.c.obj
 .debug_abbrev  0x0000154e      0x287 CMakeFiles/infantry.elf.dir/Core/Src/main.c.obj
 .debug_abbrev  0x000017d5      0x1d3 CMakeFiles/infantry.elf.dir/Core/Src/spi.c.obj
 .debug_abbrev  0x000019a8       0xd1 CMakeFiles/infantry.elf.dir/Core/Src/stm32f4xx_hal_msp.c.obj
 .debug_abbrev  0x00001a79      0x1f1 CMakeFiles/infantry.elf.dir/Core/Src/stm32f4xx_it.c.obj
 .debug_abbrev  0x00001c6a      0x119 CMakeFiles/infantry.elf.dir/Core/Src/system_stm32f4xx.c.obj
 .debug_abbrev  0x00001d83      0x230 CMakeFiles/infantry.elf.dir/Core/Src/tim.c.obj
 .debug_abbrev  0x00001fb3      0x1f6 CMakeFiles/infantry.elf.dir/Core/Src/usart.c.obj
 .debug_abbrev  0x000021a9       0x12 CMakeFiles/infantry.elf.dir/Core/Startup/startup_stm32f407ighx.s.obj
 .debug_abbrev  0x000021bb      0x206 CMakeFiles/infantry.elf.dir/Drivers/STM32F4xx_HAL_Driver/Src/stm32f4xx_hal.c.obj
 .debug_abbrev  0x000023c1      0x267 CMakeFiles/infantry.elf.dir/Drivers/STM32F4xx_HAL_Driver/Src/stm32f4xx_hal_can.c.obj
 .debug_abbrev  0x00002628      0x36a CMakeFiles/infantry.elf.dir/Drivers/STM32F4xx_HAL_Driver/Src/stm32f4xx_hal_cortex.c.obj
 .debug_abbrev  0x00002992      0x2c2 CMakeFiles/infantry.elf.dir/Drivers/STM32F4xx_HAL_Driver/Src/stm32f4xx_hal_dma.c.obj
 .debug_abbrev  0x00002c54      0x1ef CMakeFiles/infantry.elf.dir/Drivers/STM32F4xx_HAL_Driver/Src/stm32f4xx_hal_gpio.c.obj
 .debug_abbrev  0x00002e43      0x118 CMakeFiles/infantry.elf.dir/Drivers/STM32F4xx_HAL_Driver/Src/stm32f4xx_hal_iwdg.c.obj
 .debug_abbrev  0x00002f5b      0x28a CMakeFiles/infantry.elf.dir/Drivers/STM32F4xx_HAL_Driver/Src/stm32f4xx_hal_rcc.c.obj
 .debug_abbrev  0x000031e5      0x24e CMakeFiles/infantry.elf.dir/Drivers/STM32F4xx_HAL_Driver/Src/stm32f4xx_hal_spi.c.obj
 .debug_abbrev  0x00003433      0x22b CMakeFiles/infantry.elf.dir/Drivers/STM32F4xx_HAL_Driver/Src/stm32f4xx_hal_tim.c.obj
 .debug_abbrev  0x0000365e      0x241 CMakeFiles/infantry.elf.dir/Drivers/STM32F4xx_HAL_Driver/Src/stm32f4xx_hal_tim_ex.c.obj
 .debug_abbrev  0x0000389f      0x2fd CMakeFiles/infantry.elf.dir/Drivers/STM32F4xx_HAL_Driver/Src/stm32f4xx_hal_uart.c.obj

.debug_loc      0x00000000    0x120a0
 .debug_loc     0x00000000      0x441 CMakeFiles/infantry.elf.dir/infantry/chassis.c.obj
 .debug_loc     0x00000441      0x112 CMakeFiles/infantry.elf.dir/infantry/gimbal.c.obj
 .debug_loc     0x00000553      0x7d3 CMakeFiles/infantry.elf.dir/infantry/imu.c.obj
 .debug_loc     0x00000d26      0x2b4 CMakeFiles/infantry.elf.dir/infantry/motors.c.obj
 .debug_loc     0x00000fda      0x51f CMakeFiles/infantry.elf.dir/infantry/pid.c.obj
 .debug_loc     0x000014f9       0x64 CMakeFiles/infantry.elf.dir/infantry/rc.c.obj
 .debug_loc     0x0000155d      0x3cb CMakeFiles/infantry.elf.dir/infantry/referee.c.obj
 .debug_loc     0x00001928       0xcb CMakeFiles/infantry.elf.dir/Core/Src/can.c.obj
 .debug_loc     0x000019f3       0x84 CMakeFiles/infantry.elf.dir/Core/Src/spi.c.obj
 .debug_loc     0x00001a77      0x158 CMakeFiles/infantry.elf.dir/Core/Src/system_stm32f4xx.c.obj
 .debug_loc     0x00001bcf      0x174 CMakeFiles/infantry.elf.dir/Core/Src/tim.c.obj
 .debug_loc     0x00001d43       0xec CMakeFiles/infantry.elf.dir/Core/Src/usart.c.obj
 .debug_loc     0x00001e2f      0x141 CMakeFiles/infantry.elf.dir/Drivers/STM32F4xx_HAL_Driver/Src/stm32f4xx_hal.c.obj
 .debug_loc     0x00001f70      0xde6 CMakeFiles/infantry.elf.dir/Drivers/STM32F4xx_HAL_Driver/Src/stm32f4xx_hal_can.c.obj
 .debug_loc     0x00002d56      0x744 CMakeFiles/infantry.elf.dir/Drivers/STM32F4xx_HAL_Driver/Src/stm32f4xx_hal_cortex.c.obj
 .debug_loc     0x0000349a      0xbf9 CMakeFiles/infantry.elf.dir/Drivers/STM32F4xx_HAL_Driver/Src/stm32f4xx_hal_dma.c.obj
 .debug_loc     0x00004093      0x520 CMakeFiles/infantry.elf.dir/Drivers/STM32F4xx_HAL_Driver/Src/stm32f4xx_hal_gpio.c.obj
 .debug_loc     0x000045b3       0x86 CMakeFiles/infantry.elf.dir/Drivers/STM32F4xx_HAL_Driver/Src/stm32f4xx_hal_iwdg.c.obj
 .debug_loc     0x00004639      0x58c CMakeFiles/infantry.elf.dir/Drivers/STM32F4xx_HAL_Driver/Src/stm32f4xx_hal_rcc.c.obj
 .debug_loc     0x00004bc5     0x1ded CMakeFiles/infantry.elf.dir/Drivers/STM32F4xx_HAL_Driver/Src/stm32f4xx_hal_spi.c.obj
 .debug_loc     0x000069b2     0x506c CMakeFiles/infantry.elf.dir/Drivers/STM32F4xx_HAL_Driver/Src/stm32f4xx_hal_tim.c.obj
 .debug_loc     0x0000ba1e     0x1cd7 CMakeFiles/infantry.elf.dir/Drivers/STM32F4xx_HAL_Driver/Src/stm32f4xx_hal_tim_ex.c.obj
 .debug_loc     0x0000d6f5     0x49ab CMakeFiles/infantry.elf.dir/Drivers/STM32F4xx_HAL_Driver/Src/stm32f4xx_hal_uart.c.obj

.debug_aranges  0x00000000     0x1270
 .debug_aranges
                0x00000000       0x48 CMakeFiles/infantry.elf.dir/infantry/chassis.c.obj
 .debug_aranges
                0x00000048       0x30 CMakeFiles/infantry.elf.dir/infantry/gimbal.c.obj
 .debug_aranges
                0x00000078       0x88 CMakeFiles/infantry.elf.dir/infantry/imu.c.obj
 .debug_aranges
                0x00000100       0x50 CMakeFiles/infantry.elf.dir/infantry/motors.c.obj
 .debug_aranges
                0x00000150       0x58 CMakeFiles/infantry.elf.dir/infantry/pid.c.obj
 .debug_aranges
                0x000001a8       0x30 CMakeFiles/infantry.elf.dir/infantry/rc.c.obj
 .debug_aranges
                0x000001d8       0x58 CMakeFiles/infantry.elf.dir/infantry/referee.c.obj
 .debug_aranges
                0x00000230       0x38 CMakeFiles/infantry.elf.dir/Core/Src/can.c.obj
 .debug_aranges
                0x00000268       0x20 CMakeFiles/infantry.elf.dir/Core/Src/dma.c.obj
 .debug_aranges
                0x00000288       0x20 CMakeFiles/infantry.elf.dir/Core/Src/gpio.c.obj
 .debug_aranges
                0x000002a8       0x20 CMakeFiles/infantry.elf.dir/Core/Src/iwdg.c.obj
 .debug_aranges
                0x000002c8       0x50 CMakeFiles/infantry.elf.dir/Core/Src/main.c.obj
 .debug_aranges
                0x00000318       0x30 CMakeFiles/infantry.elf.dir/Core/Src/spi.c.obj
 .debug_aranges
                0x00000348       0x20 CMakeFiles/infantry.elf.dir/Core/Src/stm32f4xx_hal_msp.c.obj
 .debug_aranges
                0x00000368       0xb0 CMakeFiles/infantry.elf.dir/Core/Src/stm32f4xx_it.c.obj
 .debug_aranges
                0x00000418       0x28 CMakeFiles/infantry.elf.dir/Core/Src/system_stm32f4xx.c.obj
 .debug_aranges
                0x00000440       0x58 CMakeFiles/infantry.elf.dir/Core/Src/tim.c.obj
 .debug_aranges
                0x00000498       0x40 CMakeFiles/infantry.elf.dir/Core/Src/usart.c.obj
 .debug_aranges