Archive member included to satisfy reference by file (symbol)

f:/gcc_arm_none_eabi/version_10_3_1/bin/../lib/gcc/arm-none-eabi/10.3.1/thumb/v7e-m/nofp\libgcc.a(_arm_mulsf3.o)
                              CMakeFiles/NewGim.elf.dir/infantry/chassis.c.obj (__aeabi_fmul)
f:/gcc_arm_none_eabi/version_10_3_1/bin/../lib/gcc/arm-none-eabi/10.3.1/thumb/v7e-m/nofp\libgcc.a(_arm_addsubdf3.o)
                              CMakeFiles/NewGim.elf.dir/infantry/chassis.c.obj (__aeabi_dsub)
f:/gcc_arm_none_eabi/version_10_3_1/bin/../lib/gcc/arm-none-eabi/10.3.1/thumb/v7e-m/nofp\libgcc.a(_arm_cmpdf2.o)
                              CMakeFiles/NewGim.elf.dir/infantry/chassis.c.obj (__aeabi_dcmplt)
f:/gcc_arm_none_eabi/version_10_3_1/bin/../lib/gcc/arm-none-eabi/10.3.1/thumb/v7e-m/nofp\libgcc.a(_arm_truncdfsf2.o)
                              CMakeFiles/NewGim.elf.dir/infantry/chassis.c.obj (__aeabi_d2f)
f:/gcc_arm_none_eabi/version_10_3_1/bin/../lib/gcc/arm-none-eabi/10.3.1/thumb/v7e-m/nofp\libgcc.a(_arm_addsubsf3.o)
                              CMakeFiles/NewGim.elf.dir/infantry/chassis.c.obj (__aeabi_fsub)
f:/gcc_arm_none_eabi/version_10_3_1/bin/../lib/gcc/arm-none-eabi/10.3.1/thumb/v7e-m/nofp\libgcc.a(_arm_muldivsf3.o)
                              CMakeFiles/NewGim.elf.dir/infantry/chassis.c.obj (__aeabi_fdiv)
f:/gcc_arm_none_eabi/version_10_3_1/bin/../lib/gcc/arm-none-eabi/10.3.1/thumb/v7e-m/nofp\libgcc.a(_arm_cmpsf2.o)
                              CMakeFiles/NewGim.elf.dir/infantry/chassis.c.obj (__aeabi_fcmpeq)
f:/gcc_arm_none_eabi/version_10_3_1/bin/../lib/gcc/arm-none-eabi/10.3.1/thumb/v7e-m/nofp\libgcc.a(_arm_fixsfsi.o)
                              CMakeFiles/NewGim.elf.dir/infantry/pid.c.obj (__aeabi_f2iz)
f:/gcc_arm_none_eabi/version_10_3_1/bin/../lib/gcc/arm-none-eabi/10.3.1/thumb/v7e-m/nofp\libgcc.a(_aeabi_uldivmod.o)
                              CMakeFiles/NewGim.elf.dir/Drivers/STM32F4xx_HAL_Driver/Src/stm32f4xx_hal_rcc.c.obj (__aeabi_uldivmod)
f:/gcc_arm_none_eabi/version_10_3_1/bin/../lib/gcc/arm-none-eabi/10.3.1/thumb/v7e-m/nofp\libgcc.a(_udivmoddi4.o)
                              f:/gcc_arm_none_eabi/version_10_3_1/bin/../lib/gcc/arm-none-eabi/10.3.1/thumb/v7e-m/nofp\libgcc.a(_aeabi_uldivmod.o) (__udivmoddi4)
f:/gcc_arm_none_eabi/version_10_3_1/bin/../lib/gcc/arm-none-eabi/10.3.1/thumb/v7e-m/nofp\libgcc.a(_dvmd_tls.o)
                              f:/gcc_arm_none_eabi/version_10_3_1/bin/../lib/gcc/arm-none-eabi/10.3.1/thumb/v7e-m/nofp\libgcc.a(_aeabi_uldivmod.o) (__aeabi_ldiv0)
f:/gcc_arm_none_eabi/version_10_3_1/bin/../lib/gcc/arm-none-eabi/10.3.1/../../../../arm-none-eabi/lib/thumb/v7e-m/nofp\libg.a(lib_a-errno.o)
                              CMakeFiles/NewGim.elf.dir/Core/Src/syscalls.c.obj (__errno)
f:/gcc_arm_none_eabi/version_10_3_1/bin/../lib/gcc/arm-none-eabi/10.3.1/../../../../arm-none-eabi/lib/thumb/v7e-m/nofp\libg.a(lib_a-exit.o)
                              f:/gcc_arm_none_eabi/version_10_3_1/bin/../lib/gcc/arm-none-eabi/10.3.1/../../../../arm-none-eabi/lib/thumb/v7e-m/nofp/crt0.o (exit)
f:/gcc_arm_none_eabi/version_10_3_1/bin/../lib/gcc/arm-none-eabi/10.3.1/../../../../arm-none-eabi/lib/thumb/v7e-m/nofp\libg.a(lib_a-impure.o)
                              f:/gcc_arm_none_eabi/version_10_3_1/bin/../lib/gcc/arm-none-eabi/10.3.1/../../../../arm-none-eabi/lib/thumb/v7e-m/nofp\libg.a(lib_a-exit.o) (_global_impure_ptr)
f:/gcc_arm_none_eabi/version_10_3_1/bin/../lib/gcc/arm-none-eabi/10.3.1/../../../../arm-none-eabi/lib/thumb/v7e-m/nofp\libg.a(lib_a-init.o)
                              f:/gcc_arm_none_eabi/version_10_3_1/bin/../lib/gcc/arm-none-eabi/10.3.1/../../../../arm-none-eabi/lib/thumb/v7e-m/nofp/crt0.o (__libc_init_array)
f:/gcc_arm_none_eabi/version_10_3_1/bin/../lib/gcc/arm-none-eabi/10.3.1/../../../../arm-none-eabi/lib/thumb/v7e-m/nofp\libg.a(lib_a-memset.o)
                              f:/gcc_arm_none_eabi/version_10_3_1/bin/../lib/gcc/arm-none-eabi/10.3.1/../../../../arm-none-eabi/lib/thumb/v7e-m/nofp/crt0.o (memset)
f:/gcc_arm_none_eabi/version_10_3_1/bin/../lib/gcc/arm-none-eabi/10.3.1/../../../../arm-none-eabi/lib/thumb/v7e-m/nofp\libg.a(lib_a-__call_atexit.o)
                              f:/gcc_arm_none_eabi/version_10_3_1/bin/../lib/gcc/arm-none-eabi/10.3.1/../../../../arm-none-eabi/lib/thumb/v7e-m/nofp\libg.a(lib_a-exit.o) (__call_exitprocs)
f:/gcc_arm_none_eabi/version_10_3_1/bin/../lib/gcc/arm-none-eabi/10.3.1/../../../../arm-none-eabi/lib/thumb/v7e-m/nofp\libg.a(lib_a-atexit.o)
                              f:/gcc_arm_none_eabi/version_10_3_1/bin/../lib/gcc/arm-none-eabi/10.3.1/../../../../arm-none-eabi/lib/thumb/v7e-m/nofp\libg.a(lib_a-__call_atexit.o) (atexit)
f:/gcc_arm_none_eabi/version_10_3_1/bin/../lib/gcc/arm-none-eabi/10.3.1/../../../../arm-none-eabi/lib/thumb/v7e-m/nofp\libg.a(lib_a-fini.o)
[...]
Memory Configuration

Name             Origin             Length             Attributes
CCMRAM           0x10000000         0x00010000         xrw
RAM              0x20000000         0x00020000         xrw
FLASH            0x08000000         0x00100000         xr
*default*        0x00000000         0xffffffff

Linker script and memory map

LOAD f:/gcc_arm_none_eabi/version_10_3_1/bin/../lib/gcc/arm-none-eabi/10.3.1/thumb/v7e-m/nofp/crti.o
LOAD f:/gcc_arm_none_eabi/version_10_3_1/bin/../lib/gcc/arm-none-eabi/10.3.1/thumb/v7e-m/nofp/crtbegin.o
LOAD f:/gcc_arm_none_eabi/version_10_3_1/bin/../lib/gcc/arm-none-eabi/10.3.1/../../../../arm-none-eabi/lib/thumb/v7e-m/nofp/crt0.o
LOAD CMakeFiles/NewGim.elf.dir/infantry/chassis.c.obj
LOAD CMakeFiles/NewGim.elf.dir/infantry/gimbal.c.obj
LOAD CMakeFiles/NewGim.elf.dir/infantry/imu.c.obj
LOAD CMakeFiles/NewGim.elf.dir/infantry/motors.c.obj
LOAD CMakeFiles/NewGim.elf.dir/infantry/pid.c.obj
LOAD CMakeFiles/NewGim.elf.dir/infantry/rc.c.obj
LOAD CMakeFiles/NewGim.elf.dir/infantry/referee.c.obj
LOAD CMakeFiles/NewGim.elf.dir/Core/Src/can.c.obj
LOAD CMakeFiles/NewGim.elf.dir/Core/Src/dma.c.obj
LOAD CMakeFiles/NewGim.elf.dir/Core/Src/gpio.c.obj
LOAD CMakeFiles/NewGim.elf.dir/Core/Src/iwdg.c.obj
LOAD CMakeFiles/NewGim.elf.dir/Core/Src/main.c.obj
LOAD CMakeFiles/NewGim.elf.dir/Core/Src/spi.c.obj
LOAD CMakeFiles/NewGim.elf.dir/Core/Src/stm32f4xx_hal_msp.c.obj
LOAD CMakeFiles/NewGim.elf.dir/Core/Src/stm32f4xx_it.c.obj
LOAD CMakeFiles/NewGim.elf.dir/Core/Src/syscalls.c.obj
LOAD CMakeFiles/NewGim.elf.dir/Core/Src/sysmem.c.obj
LOAD CMakeFiles/NewGim.elf.dir/Core/Src/system_stm32f4xx.c.obj
LOAD CMakeFiles/NewGim.elf.dir/Core/Src/tim.c.obj
LOAD CMakeFiles/NewGim.elf.dir/Core/Src/usart.c.obj
LOAD CMakeFiles/NewGim.elf.dir/Core/Startup/startup_stm32f407ighx.s.obj
LOAD CMakeFiles/NewGim.elf.dir/Drivers/STM32F4xx_HAL_Driver/Src/stm32f4xx_hal.c.obj
LOAD CMakeFiles/NewGim.elf.dir/Drivers/STM32F4xx_HAL_Driver/Src/stm32f4xx_hal_can.c.obj
LOAD CMakeFiles/NewGim.elf.dir/Drivers/STM32F4xx_HAL_Driver/Src/stm32f4xx_hal_cortex.c.obj
LOAD CMakeFiles/NewGim.elf.dir/Drivers/STM32F4xx_HAL_Driver/Src/stm32f4xx_hal_dma.c.obj
LOAD CMakeFiles/NewGim.elf.dir/Drivers/STM32F4xx_HAL_Driver/Src/stm32f4xx_hal_dma_ex.c.obj
LOAD CMakeFiles/NewGim.elf.dir/Drivers/STM32F4xx_HAL_Driver/Src/stm32f4xx_hal_exti.c.obj
LOAD CMakeFiles/NewGim.elf.dir/Drivers/STM32F4xx_HAL_Driver/Src/stm32f4xx_hal_flash.c.obj
LOAD CMakeFiles/NewGim.elf.dir/Drivers/STM32F4xx_HAL_Driver/Src/stm32f4xx_hal_flash_ex.c.obj
LOAD CMakeFiles/NewGim.elf.dir/Drivers/STM32F4xx_HAL_Driver/Src/stm32f4xx_hal_flash_ramfunc.c.obj
LOAD CMakeFiles/NewGim.elf.dir/Drivers/STM32F4xx_HAL_Driver/Src/stm32f4xx_hal_gpio.c.obj
LOAD CMakeFiles/NewGim.elf.dir/Drivers/STM32F4xx_HAL_Driver/Src/stm32f4xx_hal_iwdg.c.obj
LOAD CMakeFiles/NewGim.elf.dir/Drivers/STM32F4xx_HAL_Driver/Src/stm32f4xx_hal_pwr.c.obj
LOAD CMakeFiles/NewGim.elf.dir/Drivers/STM32F4xx_HAL_Driver/Src/stm32f4xx_hal_pwr_ex.c.obj
LOAD CMakeFiles/NewGim.elf.dir/Drivers/STM32F4xx_HAL_Driver/Src/stm32f4xx_hal_rcc.c.obj
LOAD CMakeFiles/NewGim.elf.dir/Drivers/STM32F4xx_HAL_Driver/Src/stm32f4xx_hal_rcc_ex.c.obj
LOAD CMakeFiles/NewGim.elf.dir/Drivers/STM32F4xx_HAL_Driver/Src/stm32f4xx_hal_spi.c.obj
LOAD CMakeFiles/NewGim.elf.dir/Drivers/STM32F4xx_HAL_Driver/Src/stm32f4xx_hal_tim.c.obj
LOAD CMakeFiles/NewGim.elf.dir/Drivers/STM32F4xx_HAL_Driver/Src/stm32f4xx_hal_tim_ex.c.obj
LOAD CMakeFiles/NewGim.elf.dir/Drivers/STM32F4xx_HAL_Driver/Src/stm32f4xx_hal_uart.c.obj
START GROUP
LOAD f:/gcc_arm_none_eabi/version_10_3_1/bin/../lib/gcc/arm-none-eabi/10.3.1/thumb/v7e-m/nofp\libgcc.a
LOAD f:/gcc_arm_none_eabi/version_10_3_1/bin/../lib/gcc/arm-none-eabi/10.3.1/../../../../arm-none-eabi/lib/thumb/v7e-m/nofp\libg.a
LOAD f:/gcc_arm_none_eabi/version_10_3_1/bin/../lib/gcc/arm-none-eabi/10.3.1/../../../../arm-none-eabi/lib/thumb/v7e-m/nofp\libc.a
END GROUP
LOAD f:/gcc_arm_none_eabi/version_10_3_1/bin/../lib/gcc/arm-none-eabi/10.3.1/thumb/v7e-m/nofp/crtend.o
LOAD f:/gcc_arm_none_eabi/version_10_3_1/bin/../lib/gcc/arm-none-eabi/10.3.1/thumb/v7e-m/nofp/crtn.o
                0x20020000                _estack = (ORIGIN (RAM) + LENGTH (RAM))
                0x00000200                _Min_Heap_Size = 0x200
                0x00000400                _Min_Stack_Size = 0x400

.isr_vector     0x08000000      0x188
                0x08000000                . = ALIGN (0x4)
 *(.isr_vector)
 .isr_vector    0x08000000      0x188 CMakeFiles/NewGim.elf.dir/Core/Startup/startup_stm32f407ighx.s.obj
                0x08000000                g_pfnVectors
                0x08000188                . = ALIGN (0x4)

.text           0x08000188     0x7790
                0x08000188                . = ALIGN (0x4)
 *(.text)
 .text          0x08000188       0x40 f:/gcc_arm_none_eabi/version_10_3_1/bin/../lib/gcc/arm-none-eabi/10.3.1/thumb/v7e-m/nofp/crtbegin.o
 .text          0x080001c8      0x378 f:/gcc_arm_none_eabi/version_10_3_1/bin/../lib/gcc/arm-none-eabi/10.3.1/thumb/v7e-m/nofp\libgcc.a(_arm_addsubdf3.o)
                0x080001c8                __aeabi_drsub
                0x080001d0                __aeabi_dsub
                0x080001d0                __subdf3
                0x080001d4                __aeabi_dadd
                0x080001d4                __adddf3
                0x0800044c                __floatunsidf
                0x0800044c                __aeabi_ui2d
                0x0800046c                __floatsidf
                0x0800046c                __aeabi_i2d
                0x08000490                __aeabi_f2d
                0x08000490                __extendsfdf2
                0x080004d4                __floatundidf
                0x080004d4                __aeabi_ul2d
                0x080004e4                __floatdidf
                0x080004e4                __aeabi_l2d
 .text          0x08000540      0x110 f:/gcc_arm_none_eabi/version_10_3_1/bin/../lib/gcc/arm-none-eabi/10.3.1/thumb/v7e-m/nofp\libgcc.a(_arm_cmpdf2.o)
                0x08000540                __gtdf2
                0x08000540                __gedf2
                0x08000548                __ltdf2
                0x08000548                __ledf2
                0x08000550                __nedf2
                0x08000550                __eqdf2
                0x08000550                __cmpdf2
                0x080005cc                __aeabi_cdrcmple
                0x080005dc                __aeabi_cdcmpeq
                0x080005dc                __aeabi_cdcmple
                0x080005ec                __aeabi_dcmpeq
                0x08000600                __aeabi_dcmplt
                0x08000614                __aeabi_dcmple
                0x08000628                __aeabi_dcmpge
                0x0800063c                __aeabi_dcmpgt
 .text          0x08000650       0xa0 f:/gcc_arm_none_eabi/version_10_3_1/bin/../lib/gcc/arm-none-eabi/10.3.1/thumb/v7e-m/nofp\libgcc.a(_arm_truncdfsf2.o)
                0x08000650                __truncdfsf2
                0x08000650                __aeabi_d2f
 .text          0x080006f0      0x21c f:/gcc_arm_none_eabi/version_10_3_1/bin/../lib/gcc/arm-none-eabi/10.3.1/thumb/v7e-m/nofp\libgcc.a(_arm_addsubsf3.o)
                0x080006f0                __aeabi_frsub
                0x080006f8                __subsf3
                0x080006f8                __aeabi_fsub
                0x080006fc                __aeabi_fadd
                0x080006fc                __addsf3
                0x0800085c                __aeabi_ui2f
                0x0800085c                __floatunsisf
                0x08000864                __aeabi_i2f
                0x08000864                __floatsisf
                0x08000880                __aeabi_ul2f
                0x08000880                __floatundisf
                0x08000890                __aeabi_l2f
                0x08000890                __floatdisf
 .text          0x0800090c      0x2a0 f:/gcc_arm_none_eabi/version_10_3_1/bin/../lib/gcc/arm-none-eabi/10.3.1/thumb/v7e-m/nofp\libgcc.a(_arm_muldivsf3.o)
                0x0800090c                __mulsf3
                0x0800090c                __aeabi_fmul
                0x08000a74                __aeabi_fdiv
                0x08000a74                __divsf3
 .text          0x08000bac       0xec f:/gcc_arm_none_eabi/version_10_3_1/bin/../lib/gcc/arm-none-eabi/10.3.1/thumb/v7e-m/nofp\libgcc.a(_arm_cmpsf2.o)
                0x08000bac                __gesf2
                0x08000bac                __gtsf2
                0x08000bb4                __lesf2
                0x08000bb4                __ltsf2
                0x08000bbc                __nesf2
                0x08000bbc                __eqsf2
                0x08000bbc                __cmpsf2
                0x08000c1c                __aeabi_cfrcmple
                0x08000c24                __aeabi_cfcmpeq
                0x08000c24                __aeabi_cfcmple
                0x08000c34                __aeabi_fcmpeq
                0x08000c48                __aeabi_fcmplt
                0x08000c5c                __aeabi_fcmple
                0x08000c70                __aeabi_fcmpge
                0x08000c84                __aeabi_fcmpgt
 .text          0x08000c98       0x4c f:/gcc_arm_none_eabi/version_10_3_1/bin/../lib/gcc/arm-none-eabi/10.3.1/thumb/v7e-m/nofp\libgcc.a(_arm_fixsfsi.o)
                0x08000c98                __aeabi_f2iz
                0x08000c98                __fixsfsi
 .text          0x08000ce4       0x30 f:/gcc_arm_none_eabi/version_10_3_1/bin/../lib/gcc/arm-none-eabi/10.3.1/thumb/v7e-m/nofp\libgcc.a(_aeabi_uldivmod.o)
                0x08000ce4                __aeabi_uldivmod
 .text          0x08000d14      0x2d0 f:/gcc_arm_none_eabi/version_10_3_1/bin/../lib/gcc/arm-none-eabi/10.3.1/thumb/v7e-m/nofp\libgcc.a(_udivmoddi4.o)
                0x08000d14                __udivmoddi4
 .text          0x08000fe4        0x4 f:/gcc_arm_none_eabi/version_10_3_1/bin/../lib/gcc/arm-none-eabi/10.3.1/thumb/v7e-m/nofp\libgcc.a(_dvmd_tls.o)
                0x08000fe4                __aeabi_idiv0
                0x08000fe4                __aeabi_ldiv0
 .text          0x08000fe8       0x2c f:/gcc_arm_none_eabi/version_10_3_1/bin/../lib/gcc/arm-none-eabi/10.3.1/thumb/v7e-m/nofp\libgcc.a(_arm_unordsf2.o)
                0x08000fe8                __unordsf2
                0x08000fe8                __aeabi_fcmpun
 *(.text*)
 .text.Chassis_Yaw6020_CMD
                0x08001014       0xd4 CMakeFiles/NewGim.elf.dir/infantry/chassis.c.obj
                0x08001014                Chassis_Yaw6020_CMD
 .text.yHandler
                0x080010e8       0xf4 CMakeFiles/NewGim.elf.dir/infantry/chassis.c.obj
                0x080010e8                yHandler
 *fill*         0x080011dc        0x4 
 .text.xHandler
                0x080011e0       0xf4 CMakeFiles/NewGim.elf.dir/infantry/chassis.c.obj
                0x080011e0                xHandler
 .text.Chassis_M3508_CMD
                0x080012d4      0x2b0 CMakeFiles/NewGim.elf.dir/infantry/chassis.c.obj
                0x080012d4                Chassis_M3508_CMD
 .text.shooter_stop
                0x08001584        0x4 CMakeFiles/NewGim.elf.dir/infantry/gimbal.c.obj
                0x08001584                shooter_stop
 .text.Gimbal_Task
                0x08001588      0x1d8 CMakeFiles/NewGim.elf.dir/infantry/gimbal.c.obj
                0x08001588                Gimbal_Task
 .text.BMI088_Write_Gyro_Single_Reg
                0x08001760       0x60 CMakeFiles/NewGim.elf.dir/infantry/imu.c.obj
                0x08001760                BMI088_Write_Gyro_Single_Reg
 .text.BMI088_Read_Gyro_Single_Reg
                0x080017c0       0x5c CMakeFiles/NewGim.elf.dir/infantry/imu.c.obj
                0x080017c0                BMI088_Read_Gyro_Single_Reg
 .text.BMI088_Read_Gyro_Multi_Reg
                0x0800181c       0x64 CMakeFiles/NewGim.elf.dir/infantry/imu.c.obj
                0x0800181c                BMI088_Read_Gyro_Multi_Reg
 .text.BMI088_Write_Acc_Single_Reg
                0x08001880       0x60 CMakeFiles/NewGim.elf.dir/infantry/imu.c.obj
                0x08001880                BMI088_Write_Acc_Single_Reg
 .text.BMI088_Read_Acc_Single_Reg
                0x080018e0       0x74 CMakeFiles/NewGim.elf.dir/infantry/imu.c.obj
                0x080018e0                BMI088_Read_Acc_Single_Reg
 .text.BMI088_Read_Acc_Multi_Reg
                0x08001954       0x78 CMakeFiles/NewGim.elf.dir/infantry/imu.c.obj
                0x08001954                BMI088_Read_Acc_Multi_Reg
 .text.IMU_Get_Data
                0x080019cc       0xf4 CMakeFiles/NewGim.elf.dir/infantry/imu.c.obj
                0x080019cc                IMU_Get_Data
 .text.bmi_delay_us
                0x08001ac0       0x38 CMakeFiles/NewGim.elf.dir/infantry/imu.c.obj
                0x08001ac0                bmi_delay_us
 .text.BMI088_Gyro_Init
                0x08001af8       0x98 CMakeFiles/NewGim.elf.dir/infantry/imu.c.obj
                0x08001af8                BMI088_Gyro_Init
 .text.BMI088_Acc_Init
                0x08001b90       0xa8 CMakeFiles/NewGim.elf.dir/infantry/imu.c.obj
                0x08001b90                BMI088_Acc_Init
 .text.BMI088_Init
                0x08001c38       0x34 CMakeFiles/NewGim.elf.dir/infantry/imu.c.obj
                0x08001c38                BMI088_Init
 .text.invSqrt  0x08001c6c       0x3c CMakeFiles/NewGim.elf.dir/infantry/imu.c.obj
                0x08001c6c                invSqrt
 .text.MahonyAHRSupdateIMU
                0x08001ca8      0x330 CMakeFiles/NewGim.elf.dir/infantry/imu.c.obj
                0x08001ca8                MahonyAHRSupdateIMU
 .text.Get_IMU_Yaw
                0x08001fd8      0x104 CMakeFiles/NewGim.elf.dir/infantry/imu.c.obj
                0x08001fd8                Get_IMU_Yaw
 .text.Enable_Motors
                0x080020dc       0xac CMakeFiles/NewGim.elf.dir/infantry/motors.c.obj
                0x080020dc                Enable_Motors
 .text.Gimbal_CAN_Tx
                0x08002188       0x7c CMakeFiles/NewGim.elf.dir/infantry/motors.c.obj
                0x08002188                Gimbal_CAN_Tx
 .text.Chassis_M3508_Tx
                0x08002204       0x8c CMakeFiles/NewGim.elf.dir/infantry/motors.c.obj
                0x08002204                Chassis_M3508_Tx
 .text.Chassis_GM6020_Tx
                0x08002290       0x54 CMakeFiles/NewGim.elf.dir/infantry/motors.c.obj
                0x08002290                Chassis_GM6020_Tx
 .text.HAL_CAN_RxFifo0MsgPendingCallback
                0x080022e4      0x114 CMakeFiles/NewGim.elf.dir/infantry/motors.c.obj
                0x080022e4                HAL_CAN_RxFifo0MsgPendingCallback
 .text.HAL_CAN_RxFifo1MsgPendingCallback
                0x080023f8       0xc0 CMakeFiles/NewGim.elf.dir/infantry/motors.c.obj
                0x080023f8                HAL_CAN_RxFifo1MsgPendingCallback
 .text.Chassis_M3508_PID
                0x080024b8       0xa4 CMakeFiles/NewGim.elf.dir/infantry/pid.c.obj
                0x080024b8                Chassis_M3508_PID
 .text.Chas_Calc_Z
                0x0800255c       0x58 CMakeFiles/NewGim.elf.dir/infantry/pid.c.obj
                0x0800255c                Chas_Calc_Z
 .text.yaw6020_velocity_to_voltage
                0x080025b4       0x84 CMakeFiles/NewGim.elf.dir/infantry/pid.c.obj
                0x080025b4                yaw6020_velocity_to_voltage
 .text.Yaw6020_PID
                0x08002638       0x84 CMakeFiles/NewGim.elf.dir/infantry/pid.c.obj
                0x08002638                Yaw6020_PID
 .text.pitch6020_velocity_to_voltage
                0x080026bc       0x80 CMakeFiles/NewGim.elf.dir/infantry/pid.c.obj
                0x080026bc                pitch6020_velocity_to_voltage
 .text.Pitch6020_PID
                0x0800273c       0xb4 CMakeFiles/NewGim.elf.dir/infantry/pid.c.obj
                0x0800273c                Pitch6020_PID
 .text.Loader_M2006_PID
                0x080027f0       0x84 CMakeFiles/NewGim.elf.dir/infantry/pid.c.obj
                0x080027f0                Loader_M2006_PID
 .text.Dbus_Init
                0x08002874       0x7c CMakeFiles/NewGim.elf.dir/infantry/rc.c.obj
                0x08002874                Dbus_Init
 .text.Dbus_Data_Process
                0x080028f0      0x124 CMakeFiles/NewGim.elf.dir/infantry/rc.c.obj
                0x080028f0                Dbus_Data_Process
 .text.Dbus_UART_IRQHandler
                0x08002a14       0xf8 CMakeFiles/NewGim.elf.dir/infantry/rc.c.obj
                0x08002a14                Dbus_UART_IRQHandler
 .text.Start_Referee_Rx
                0x08002b0c       0x18 CMakeFiles/NewGim.elf.dir/infantry/referee.c.obj
                0x08002b0c                Start_Referee_Rx
 .text.HAL_UART_RxCpltCallback
                0x08002b24       0x74 CMakeFiles/NewGim.elf.dir/infantry/referee.c.obj
                0x08002b24                HAL_UART_RxCpltCallback
 .text.MX_CAN1_Init
                0x08002b98       0x40 CMakeFiles/NewGim.elf.dir/Core/Src/can.c.obj
                0x08002b98                MX_CAN1_Init
 .text.MX_CAN2_Init
                0x08002bd8       0x40 CMakeFiles/NewGim.elf.dir/Core/Src/can.c.obj
                0x08002bd8                MX_CAN2_Init
 .text.HAL_CAN_MspInit
                0x08002c18      0x120 CMakeFiles/NewGim.elf.dir/Core/Src/can.c.obj
                0x08002c18                HAL_CAN_MspInit
 .text.MX_DMA_Init
                0x08002d38       0x58 CMakeFiles/NewGim.elf.dir/Core/Src/dma.c.obj
                0x08002d38                MX_DMA_Init
 .text.MX_GPIO_Init
                0x08002d90      0x130 CMakeFiles/NewGim.elf.dir/Core/Src/gpio.c.obj
                0x08002d90                MX_GPIO_Init
 .text.MX_IWDG_Init
                0x08002ec0       0x28 CMakeFiles/NewGim.elf.dir/Core/Src/iwdg.c.obj
                0x08002ec0                MX_IWDG_Init
 .text.MCU_Beep_Up
                0x08002ee8       0x28 CMakeFiles/NewGim.elf.dir/Core/Src/main.c.obj
                0x08002ee8                MCU_Beep_Up
 .text.Error_Handler
                0x08002f10        0x4 CMakeFiles/NewGim.elf.dir/Core/Src/main.c.obj
                0x08002f10                Error_Handler
 .text.SystemClock_Config
                0x08002f14       0xac CMakeFiles/NewGim.elf.dir/Core/Src/main.c.obj
                0x08002f14                SystemClock_Config
 .text.main     0x08002fc0       0x88 CMakeFiles/NewGim.elf.dir/Core/Src/main.c.obj
                0x08002fc0                main
 .text.MX_SPI1_Init
                0x08003048       0x48 CMakeFiles/NewGim.elf.dir/Core/Src/spi.c.obj
                0x08003048                MX_SPI1_Init
 .text.HAL_SPI_MspInit
                0x08003090       0x98 CMakeFiles/NewGim.elf.dir/Core/Src/spi.c.obj
                0x08003090                HAL_SPI_MspInit
 .text.HAL_MspInit
                0x08003128       0x38 CMakeFiles/NewGim.elf.dir/Core/Src/stm32f4xx_hal_msp.c.obj
                0x08003128                HAL_MspInit
 .text.NMI_Handler
                0x08003160        0x2 CMakeFiles/NewGim.elf.dir/Core/Src/stm32f4xx_it.c.obj
                0x08003160                NMI_Handler
 .text.HardFault_Handler
                0x08003162        0x2 CMakeFiles/NewGim.elf.dir/Core/Src/stm32f4xx_it.c.obj
                0x08003162                HardFault_Handler
 .text.MemManage_Handler
                0x08003164        0x2 CMakeFiles/NewGim.elf.dir/Core/Src/stm32f4xx_it.c.obj
                0x08003164                MemManage_Handler
 .text.BusFault_Handler
                0x08003166        0x2 CMakeFiles/NewGim.elf.dir/Core/Src/stm32f4xx_it.c.obj
                0x08003166                BusFault_Handler
 .text.UsageFault_Handler
                0x08003168        0x2 CMakeFiles/NewGim.elf.dir/Core/Src/stm32f4xx_it.c.obj
                0x08003168                UsageFault_Handler
 .text.SVC_Handler
                0x0800316a        0x2 CMakeFiles/NewGim.elf.dir/Core/Src/stm32f4xx_it.c.obj
                0x0800316a                SVC_Handler
 .text.DebugMon_Handler
                0x0800316c        0x2 CMakeFiles/NewGim.elf.dir/Core/Src/stm32f4xx_it.c.obj
                0x0800316c                DebugMon_Handler
 .text.PendSV_Handler
                0x0800316e        0x2 CMakeFiles/NewGim.elf.dir/Core/Src/stm32f4xx_it.c.obj
                0x0800316e                PendSV_Handler
 .text.SysTick_Handler
                0x08003170        0x8 CMakeFiles/NewGim.elf.dir/Core/Src/stm32f4xx_it.c.obj
                0x08003170                SysTick_Handler
 .text.DMA1_Stream1_IRQHandler
                0x08003178       0x10 CMakeFiles/NewGim.elf.dir/Core/Src/stm32f4xx_it.c.obj
                0x08003178                DMA1_Stream1_IRQHandler
 .text.CAN1_RX0_IRQHandler
                0x08003188       0x10 CMakeFiles/NewGim.elf.dir/Core/Src/stm32f4xx_it.c.obj
                0x08003188                CAN1_RX0_IRQHandler
 .text.TIM2_IRQHandler
                0x08003198       0x14 CMakeFiles/NewGim.elf.dir/Core/Src/stm32f4xx_it.c.obj
                0x08003198                TIM2_IRQHandler
 .text.TIM3_IRQHandler
                0x080031ac       0x18 CMakeFiles/NewGim.elf.dir/Core/Src/stm32f4xx_it.c.obj
                0x080031ac                TIM3_IRQHandler
 .text.USART3_IRQHandler
                0x080031c4       0x14 CMakeFiles/NewGim.elf.dir/Core/Src/stm32f4xx_it.c.obj
                0x080031c4                USART3_IRQHandler
 .text.TIM5_IRQHandler
                0x080031d8       0x14 CMakeFiles/NewGim.elf.dir/Core/Src/stm32f4xx_it.c.obj
                0x080031d8                TIM5_IRQHandler
 .text.TIM7_IRQHandler
                0x080031ec       0x10 CMakeFiles/NewGim.elf.dir/Core/Src/stm32f4xx_it.c.obj
                0x080031ec                TIM7_IRQHandler
 .text.DMA2_Stream1_IRQHandler
                0x080031fc       0x10 CMakeFiles/NewGim.elf.dir/Core/Src/stm32f4xx_it.c.obj
                0x080031fc                DMA2_Stream1_IRQHandler
 .text.CAN2_RX1_IRQHandler
                0x0800320c       0x10 CMakeFiles/NewGim.elf.dir/Core/Src/stm32f4xx_it.c.obj
                0x0800320c                CAN2_RX1_IRQHandler
 .text.USART6_IRQHandler
                0x0800321c       0x10 CMakeFiles/NewGim.elf.dir/Core/Src/stm32f4xx_it.c.obj
                0x0800321c                USART6_IRQHandler
 .text.SystemInit
                0x0800322c        0x2 CMakeFiles/NewGim.elf.dir/Core/Src/system_stm32f4xx.c.obj
                0x0800322c                SystemInit
 *fill*         0x0800322e        0x2 
 .text.MX_TIM2_Init
                0x08003230       0x6c CMakeFiles/NewGim.elf.dir/Core/Src/tim.c.obj
                0x08003230                MX_TIM2_Init
 .text.MX_TIM3_Init
                0x0800329c       0x70 CMakeFiles/NewGim.elf.dir/Core/Src/tim.c.obj
                0x0800329c                MX_TIM3_Init
 .text.MX_TIM5_Init
                0x0800330c       0x70 CMakeFiles/NewGim.elf.dir/Core/Src/tim.c.obj
                0x0800330c                MX_TIM5_Init
 .text.MX_TIM7_Init
                0x0800337c       0x50 CMakeFiles/NewGim.elf.dir/Core/Src/tim.c.obj
                0x0800337c                MX_TIM7_Init
 .text.HAL_TIM_Base_MspInit
                0x080033cc       0xfc CMakeFiles/NewGim.elf.dir/Core/Src/tim.c.obj
                0x080033cc                HAL_TIM_Base_MspInit
 .text.HAL_TIM_MspPostInit
                0x080034c8       0x58 CMakeFiles/NewGim.elf.dir/Core/Src/tim.c.obj
                0x080034c8                HAL_TIM_MspPostInit
 .text.MX_TIM4_Init
                0x08003520       0xb0 CMakeFiles/NewGim.elf.dir/Core/Src/tim.c.obj
                0x08003520                MX_TIM4_Init
 .text.MX_USART1_UART_Init
                0x080035d0       0x34 CMakeFiles/NewGim.elf.dir/Core/Src/usart.c.obj
                0x080035d0                MX_USART1_UART_Init
 .text.MX_USART3_UART_Init
                0x08003604       0x38 CMakeFiles/NewGim.elf.dir/Core/Src/usart.c.obj
                0x08003604                MX_USART3_UART_Init
 .text.MX_USART6_UART_Init
                0x0800363c       0x34 CMakeFiles/NewGim.elf.dir/Core/Src/usart.c.obj
                0x0800363c                MX_USART6_UART_Init
 .text.HAL_UART_MspInit
                0x08003670      0x1ec CMakeFiles/NewGim.elf.dir/Core/Src/usart.c.obj
                0x08003670                HAL_UART_MspInit
 .text.Reset_Handler
                0x0800385c       0x50 CMakeFiles/NewGim.elf.dir/Core/Startup/startup_stm32f407ighx.s.obj
                0x0800385c                Reset_Handler
 .text.Default_Handler
                0x080038ac        0x2 CMakeFiles/NewGim.elf.dir/Core/Startup/startup_stm32f407ighx.s.obj
                0x080038ac                RTC_Alarm_IRQHandler
                0x080038ac                HASH_RNG_IRQHandler
                0x080038ac                EXTI2_IRQHandler
                0x080038ac                TIM8_CC_IRQHandler
                0x080038ac                TIM1_CC_IRQHandler
                0x080038ac                DMA2_Stream5_IRQHandler
                0x080038ac                DMA1_Stream5_IRQHandler
                0x080038ac                PVD_IRQHandler
                0x080038ac                SDIO_IRQHandler
                0x080038ac                TAMP_STAMP_IRQHandler
                0x080038ac                EXTI3_IRQHandler
                0x080038ac                TIM8_TRG_COM_TIM14_IRQHandler
                0x080038ac                TIM1_UP_TIM10_IRQHandler
                0x080038ac                TIM8_UP_TIM13_IRQHandler
                0x080038ac                I2C3_ER_IRQHandler
                0x080038ac                EXTI0_IRQHandler
                0x080038ac                I2C2_EV_IRQHandler
                0x080038ac                DMA1_Stream2_IRQHandler
                0x080038ac                FPU_IRQHandler
                0x080038ac                OTG_HS_WKUP_IRQHandler
                0x080038ac                CAN2_SCE_IRQHandler
                0x080038ac                DMA2_Stream2_IRQHandler
                0x080038ac                SPI1_IRQHandler
                0x080038ac                TIM6_DAC_IRQHandler
                0x080038ac                TIM1_BRK_TIM9_IRQHandler
                0x080038ac                DCMI_IRQHandler
                0x080038ac                CAN2_RX0_IRQHandler
                0x080038ac                DMA2_Stream3_IRQHandler
                0x080038ac                CAN1_RX1_IRQHandler
                0x080038ac                UART5_IRQHandler
                0x080038ac                DMA2_Stream0_IRQHandler
                0x080038ac                TIM4_IRQHandler
                0x080038ac                I2C1_EV_IRQHandler
                0x080038ac                DMA1_Stream6_IRQHandler
                0x080038ac                UART4_IRQHandler
                0x080038ac                RCC_IRQHandler
                0x080038ac                TIM8_BRK_TIM12_IRQHandler
                0x080038ac                Default_Handler
                0x080038ac                EXTI15_10_IRQHandler
                0x080038ac                ADC_IRQHandler
                0x080038ac                DMA1_Stream7_IRQHandler
                0x080038ac                CAN2_TX_IRQHandler
                0x080038ac                DMA2_Stream7_IRQHandler
                0x080038ac                I2C3_EV_IRQHandler
                0x080038ac                EXTI9_5_IRQHandler
                0x080038ac                RTC_WKUP_IRQHandler
                0x080038ac                ETH_WKUP_IRQHandler
                0x080038ac                SPI2_IRQHandler
                0x080038ac                OTG_HS_EP1_IN_IRQHandler
                0x080038ac                DMA1_Stream0_IRQHandler
                0x080038ac                CAN1_TX_IRQHandler
                0x080038ac                EXTI4_IRQHandler
                0x080038ac                FSMC_IRQHandler
                0x080038ac                ETH_IRQHandler
                0x080038ac                OTG_HS_EP1_OUT_IRQHandler
                0x080038ac                WWDG_IRQHandler
                0x080038ac                OTG_FS_WKUP_IRQHandler
                0x080038ac                TIM1_TRG_COM_TIM11_IRQHandler
                0x080038ac                OTG_HS_IRQHandler
                0x080038ac                EXTI1_IRQHandler
                0x080038ac                USART2_IRQHandler
                0x080038ac                I2C2_ER_IRQHandler
                0x080038ac                CAN1_SCE_IRQHandler
                0x080038ac                FLASH_IRQHandler
                0x080038ac                DMA2_Stream4_IRQHandler
                0x080038ac                USART1_IRQHandler
                0x080038ac                OTG_FS_IRQHandler
                0x080038ac                SPI3_IRQHandler
                0x080038ac                DMA1_Stream4_IRQHandler
                0x080038ac                I2C1_ER_IRQHandler
                0x080038ac                DMA2_Stream6_IRQHandler
                0x080038ac                DMA1_Stream3_IRQHandler
 *fill*         0x080038ae        0x2 
 .text.HAL_InitTick
                0x080038b0       0x4c CMakeFiles/NewGim.elf.dir/Drivers/STM32F4xx_HAL_Driver/Src/stm32f4xx_hal.c.obj
                0x080038b0                HAL_InitTick
 .text.HAL_Init
                0x080038fc       0x34 CMakeFiles/NewGim.elf.dir/Drivers/STM32F4xx_HAL_Driver/Src/stm32f4xx_hal.c.obj
                0x080038fc                HAL_Init
 .text.HAL_IncTick
                0x08003930       0x18 CMakeFiles/NewGim.elf.dir/Drivers/STM32F4xx_HAL_Driver/Src/stm32f4xx_hal.c.obj
                0x08003930                HAL_IncTick
 .text.HAL_GetTick
                0x08003948        0xc CMakeFiles/NewGim.elf.dir/Drivers/STM32F4xx_HAL_Driver/Src/stm32f4xx_hal.c.obj
                0x08003948                HAL_GetTick
 .text.HAL_Delay
                0x08003954       0x28 CMakeFiles/NewGim.elf.dir/Drivers/STM32F4xx_HAL_Driver/Src/stm32f4xx_hal.c.obj
                0x08003954                HAL_Delay
 .text.HAL_CAN_Init
                0x0800397c      0x14c CMakeFiles/NewGim.elf.dir/Drivers/STM32F4xx_HAL_Driver/Src/stm32f4xx_hal_can.c.obj
                0x0800397c                HAL_CAN_Init
 .text.HAL_CAN_ConfigFilter
                0x08003ac8      0x13c CMakeFiles/NewGim.elf.dir/Drivers/STM32F4xx_HAL_Driver/Src/stm32f4xx_hal_can.c.obj
                0x08003ac8                HAL_CAN_ConfigFilter
 .text.HAL_CAN_Start
                0x08003c04       0x5c CMakeFiles/NewGim.elf.dir/Drivers/STM32F4xx_HAL_Driver/Src/stm32f4xx_hal_can.c.obj
                0x08003c04                HAL_CAN_Start
 .text.HAL_CAN_AddTxMessage
                0x08003c60       0xfc CMakeFiles/NewGim.elf.dir/Drivers/STM32F4xx_HAL_Driver/Src/stm32f4xx_hal_can.c.obj
                0x08003c60                HAL_CAN_AddTxMessage
 .text.HAL_CAN_GetRxMessage
                0x08003d5c      0x156 CMakeFiles/NewGim.elf.dir/Drivers/STM32F4xx_HAL_Driver/Src/stm32f4xx_hal_can.c.obj
                0x08003d5c                HAL_CAN_GetRxMessage
 .text.HAL_CAN_ActivateNotification
                0x08003eb2       0x24 CMakeFiles/NewGim.elf.dir/Drivers/STM32F4xx_HAL_Driver/Src/stm32f4xx_hal_can.c.obj
                0x08003eb2                HAL_CAN_ActivateNotification
 .text.HAL_CAN_TxMailbox0CompleteCallback
                0x08003ed6        0x2 CMakeFiles/NewGim.elf.dir/Drivers/STM32F4xx_HAL_Driver/Src/stm32f4xx_hal_can.c.obj
                0x08003ed6                HAL_CAN_TxMailbox0CompleteCallback
 .text.HAL_CAN_TxMailbox1CompleteCallback
                0x08003ed8        0x2 CMakeFiles/NewGim.elf.dir/Drivers/STM32F4xx_HAL_Driver/Src/stm32f4xx_hal_can.c.obj
                0x08003ed8                HAL_CAN_TxMailbox1CompleteCallback
 .text.HAL_CAN_TxMailbox2CompleteCallback
                0x08003eda        0x2 CMakeFiles/NewGim.elf.dir/Drivers/STM32F4xx_HAL_Driver/Src/stm32f4xx_hal_can.c.obj
                0x08003eda                HAL_CAN_TxMailbox2CompleteCallback
 .text.HAL_CAN_TxMailbox0AbortCallback
                0x08003edc        0x2 CMakeFiles/NewGim.elf.dir/Drivers/STM32F4xx_HAL_Driver/Src/stm32f4xx_hal_can.c.obj
                0x08003edc                HAL_CAN_TxMailbox0AbortCallback
 .text.HAL_CAN_TxMailbox1AbortCallback
                0x08003ede        0x2 CMakeFiles/NewGim.elf.dir/Drivers/STM32F4xx_HAL_Driver/Src/stm32f4xx_hal_can.c.obj
                0x08003ede                HAL_CAN_TxMailbox1AbortCallback
 .text.HAL_CAN_TxMailbox2AbortCallback
                0x08003ee0        0x2 CMakeFiles/NewGim.elf.dir/Drivers/STM32F4xx_HAL_Driver/Src/stm32f4xx_hal_can.c.obj
                0x08003ee0                HAL_CAN_TxMailbox2AbortCallback
 .text.HAL_CAN_RxFifo0FullCallback
                0x08003ee2        0x2 CMakeFiles/NewGim.elf.dir/Drivers/STM32F4xx_HAL_Driver/Src/stm32f4xx_hal_can.c.obj
                0x08003ee2                HAL_CAN_RxFifo0FullCallback
 .text.HAL_CAN_RxFifo1FullCallback
                0x08003ee4        0x2 CMakeFiles/NewGim.elf.dir/Drivers/STM32F4xx_HAL_Driver/Src/stm32f4xx_hal_can.c.obj
                0x08003ee4                HAL_CAN_RxFifo1FullCallback
 .text.HAL_CAN_SleepCallback
                0x08003ee6        0x2 CMakeFiles/NewGim.elf.dir/Drivers/STM32F4xx_HAL_Driver/Src/stm32f4xx_hal_can.c.obj
                0x08003ee6                HAL_CAN_SleepCallback
 .text.HAL_CAN_WakeUpFromRxMsgCallback
                0x08003ee8        0x2 CMakeFiles/NewGim.elf.dir/Drivers/STM32F4xx_HAL_Driver/Src/stm32f4xx_hal_can.c.obj
                0x08003ee8                HAL_CAN_WakeUpFromRxMsgCallback
 .text.HAL_CAN_ErrorCallback
                0x08003eea        0x2 CMakeFiles/NewGim.elf.dir/Drivers/STM32F4xx_HAL_Driver/Src/stm32f4xx_hal_can.c.obj
                0x08003eea                HAL_CAN_ErrorCallback
 .text.HAL_CAN_IRQHandler
                0x08003eec      0x24a CMakeFiles/NewGim.elf.dir/Drivers/STM32F4xx_HAL_Driver/Src/stm32f4xx_hal_can.c.obj
                0x08003eec                HAL_CAN_IRQHandler
 *fill*         0x08004136        0x2 
 .text.HAL_NVIC_SetPriorityGrouping
                0x08004138       0x24 CMakeFiles/NewGim.elf.dir/Drivers/STM32F4xx_HAL_Driver/Src/stm32f4xx_hal_cortex.c.obj
                0x08004138                HAL_NVIC_SetPriorityGrouping
 .text.HAL_NVIC_SetPriority
                0x0800415c       0x70 CMakeFiles/NewGim.elf.dir/Drivers/STM32F4xx_HAL_Driver/Src/stm32f4xx_hal_cortex.c.obj
                0x0800415c                HAL_NVIC_SetPriority
 .text.HAL_NVIC_EnableIRQ
                0x080041cc       0x1c CMakeFiles/NewGim.elf.dir/Drivers/STM32F4xx_HAL_Driver/Src/stm32f4xx_hal_cortex.c.obj
                0x080041cc                HAL_NVIC_EnableIRQ
 .text.HAL_SYSTICK_Config
                0x080041e8       0x28 CMakeFiles/NewGim.elf.dir/Drivers/STM32F4xx_HAL_Driver/Src/stm32f4xx_hal_cortex.c.obj
                0x080041e8                HAL_SYSTICK_Config
 .text.DMA_SetConfig
                0x08004210       0x2c CMakeFiles/NewGim.elf.dir/Drivers/STM32F4xx_HAL_Driver/Src/stm32f4xx_hal_dma.c.obj
 .text.DMA_CalcBaseAndBitshift
                0x0800423c       0x40 CMakeFiles/NewGim.elf.dir/Drivers/STM32F4xx_HAL_Driver/Src/stm32f4xx_hal_dma.c.obj
 .text.DMA_CheckFifoParam
                0x0800427c       0x8e CMakeFiles/NewGim.elf.dir/Drivers/STM32F4xx_HAL_Driver/Src/stm32f4xx_hal_dma.c.obj
 *fill*         0x0800430a        0x2 
 .text.HAL_DMA_Init
                0x0800430c       0xcc CMakeFiles/NewGim.elf.dir/Drivers/STM32F4xx_HAL_Driver/Src/stm32f4xx_hal_dma.c.obj
                0x0800430c                HAL_DMA_Init
 .text.HAL_DMA_Start_IT
                0x080043d8       0x6a CMakeFiles/NewGim.elf.dir/Drivers/STM32F4xx_HAL_Driver/Src/stm32f4xx_hal_dma.c.obj
                0x080043d8                HAL_DMA_Start_IT
 .text.HAL_DMA_Abort
                0x08004442       0x94 CMakeFiles/NewGim.elf.dir/Drivers/STM32F4xx_HAL_Driver/Src/stm32f4xx_hal_dma.c.obj
                0x08004442                HAL_DMA_Abort
 .text.HAL_DMA_Abort_IT
                0x080044d6       0x26 CMakeFiles/NewGim.elf.dir/Drivers/STM32F4xx_HAL_Driver/Src/stm32f4xx_hal_dma.c.obj
                0x080044d6                HAL_DMA_Abort_IT
 .text.HAL_DMA_IRQHandler
                0x080044fc      0x1dc CMakeFiles/NewGim.elf.dir/Drivers/STM32F4xx_HAL_Driver/Src/stm32f4xx_hal_dma.c.obj
                0x080044fc                HAL_DMA_IRQHandler
 .text.HAL_GPIO_Init
                0x080046d8      0x1e4 CMakeFiles/NewGim.elf.dir/Drivers/STM32F4xx_HAL_Driver/Src/stm32f4xx_hal_gpio.c.obj
                0x080046d8                HAL_GPIO_Init
 .text.HAL_GPIO_WritePin
                0x080048bc        0xc CMakeFiles/NewGim.elf.dir/Drivers/STM32F4xx_HAL_Driver/Src/stm32f4xx_hal_gpio.c.obj
                0x080048bc                HAL_GPIO_WritePin
 .text.HAL_GPIO_TogglePin
                0x080048c8       0x12 CMakeFiles/NewGim.elf.dir/Drivers/STM32F4xx_HAL_Driver/Src/stm32f4xx_hal_gpio.c.obj
                0x080048c8                HAL_GPIO_TogglePin
 .text.HAL_IWDG_Init
                0x080048da       0x58 CMakeFiles/NewGim.elf.dir/Drivers/STM32F4xx_HAL_Driver/Src/stm32f4xx_hal_iwdg.c.obj
                0x080048da                HAL_IWDG_Init
 .text.HAL_IWDG_Refresh
                0x08004932        0xc CMakeFiles/NewGim.elf.dir/Drivers/STM32F4xx_HAL_Driver/Src/stm32f4xx_hal_iwdg.c.obj
                0x08004932                HAL_IWDG_Refresh
 *fill*         0x0800493e        0x2 
 .text.HAL_RCC_OscConfig
                0x08004940      0x3f8 CMakeFiles/NewGim.elf.dir/Drivers/STM32F4xx_HAL_Driver/Src/stm32f4xx_hal_rcc.c.obj
                0x08004940                HAL_RCC_OscConfig
 .text.HAL_RCC_GetSysClockFreq
                0x08004d38       0xa4 CMakeFiles/NewGim.elf.dir/Drivers/STM32F4xx_HAL_Driver/Src/stm32f4xx_hal_rcc.c.obj
                0x08004d38                HAL_RCC_GetSysClockFreq
 .text.HAL_RCC_ClockConfig
                0x08004ddc      0x160 CMakeFiles/NewGim.elf.dir/Drivers/STM32F4xx_HAL_Driver/Src/stm32f4xx_hal_rcc.c.obj
                0x08004ddc                HAL_RCC_ClockConfig
 .text.HAL_RCC_GetHCLKFreq
                0x08004f3c        0xc CMakeFiles/NewGim.elf.dir/Drivers/STM32F4xx_HAL_Driver/Src/stm32f4xx_hal_rcc.c.obj
                0x08004f3c                HAL_RCC_GetHCLKFreq
 .text.HAL_RCC_GetPCLK1Freq
                0x08004f48       0x20 CMakeFiles/NewGim.elf.dir/Drivers/STM32F4xx_HAL_Driver/Src/stm32f4xx_hal_rcc.c.obj
                0x08004f48                HAL_RCC_GetPCLK1Freq
 .text.HAL_RCC_GetPCLK2Freq
                0x08004f68       0x20 CMakeFiles/NewGim.elf.dir/Drivers/STM32F4xx_HAL_Driver/Src/stm32f4xx_hal_rcc.c.obj
                0x08004f68                HAL_RCC_GetPCLK2Freq
 .text.SPI_WaitFlagStateUntilTimeout
                0x08004f88       0xd4 CMakeFiles/NewGim.elf.dir/Drivers/STM32F4xx_HAL_Driver/Src/stm32f4xx_hal_spi.c.obj
 .text.SPI_EndRxTxTransaction
                0x0800505c       0x68 CMakeFiles/NewGim.elf.dir/Drivers/STM32F4xx_HAL_Driver/Src/stm32f4xx_hal_spi.c.obj
 .text.HAL_SPI_Init
                0x080050c4       0xbe CMakeFiles/NewGim.elf.dir/Drivers/STM32F4xx_HAL_Driver/Src/stm32f4xx_hal_spi.c.obj
                0x080050c4                HAL_SPI_Init
 .text.HAL_SPI_TransmitReceive
                0x08005182      0x238 CMakeFiles/NewGim.elf.dir/Drivers/STM32F4xx_HAL_Driver/Src/stm32f4xx_hal_spi.c.obj
                0x08005182                HAL_SPI_TransmitReceive
 *fill*         0x080053ba        0x2 
 .text.TIM_OC1_SetConfig
                0x080053bc       0x68 CMakeFiles/NewGim.elf.dir/Drivers/STM32F4xx_HAL_Driver/Src/stm32f4xx_hal_tim.c.obj
 .text.TIM_OC3_SetConfig
                0x08005424       0x70 CMakeFiles/NewGim.elf.dir/Drivers/STM32F4xx_HAL_Driver/Src/stm32f4xx_hal_tim.c.obj
 .text.TIM_OC4_SetConfig
                0x08005494       0x50 CMakeFiles/NewGim.elf.dir/Drivers/STM32F4xx_HAL_Driver/Src/stm32f4xx_hal_tim.c.obj
 .text.TIM_TI1_ConfigInputStage
                0x080054e4       0x24 CMakeFiles/NewGim.elf.dir/Drivers/STM32F4xx_HAL_Driver/Src/stm32f4xx_hal_tim.c.obj
 .text.TIM_TI2_ConfigInputStage
                0x08005508       0x26 CMakeFiles/NewGim.elf.dir/Drivers/STM32F4xx_HAL_Driver/Src/stm32f4xx_hal_tim.c.obj
 .text.TIM_ITRx_SetConfig
                0x0800552e       0x10 CMakeFiles/NewGim.elf.dir/Drivers/STM32F4xx_HAL_Driver/Src/stm32f4xx_hal_tim.c.obj
 *fill*         0x0800553e        0x2 
 .text.HAL_TIM_Base_Start_IT
                0x08005540       0x88 CMakeFiles/NewGim.elf.dir/Drivers/STM32F4xx_HAL_Driver/Src/stm32f4xx_hal_tim.c.obj
                0x08005540                HAL_TIM_Base_Start_IT
 .text.HAL_TIM_PWM_MspInit
                0x080055c8        0x2 CMakeFiles/NewGim.elf.dir/Drivers/STM32F4xx_HAL_Driver/Src/stm32f4xx_hal_tim.c.obj
                0x080055c8                HAL_TIM_PWM_MspInit
 .text.HAL_TIM_PeriodElapsedCallback
                0x080055ca        0x2 CMakeFiles/NewGim.elf.dir/Drivers/STM32F4xx_HAL_Driver/Src/stm32f4xx_hal_tim.c.obj
                0x080055ca                HAL_TIM_PeriodElapsedCallback
 .text.HAL_TIM_OC_DelayElapsedCallback
                0x080055cc        0x2 CMakeFiles/NewGim.elf.dir/Drivers/STM32F4xx_HAL_Driver/Src/stm32f4xx_hal_tim.c.obj
                0x080055cc                HAL_TIM_OC_DelayElapsedCallback
 .text.HAL_TIM_IC_CaptureCallback
                0x080055ce        0x2 CMakeFiles/NewGim.elf.dir/Drivers/STM32F4xx_HAL_Driver/Src/stm32f4xx_hal_tim.c.obj
                0x080055ce                HAL_TIM_IC_CaptureCallback
 .text.HAL_TIM_PWM_PulseFinishedCallback
                0x080055d0        0x2 CMakeFiles/NewGim.elf.dir/Drivers/STM32F4xx_HAL_Driver/Src/stm32f4xx_hal_tim.c.obj
                0x080055d0                HAL_TIM_PWM_PulseFinishedCallback
 .text.HAL_TIM_TriggerCallback
                0x080055d2        0x2 CMakeFiles/NewGim.elf.dir/Drivers/STM32F4xx_HAL_Driver/Src/stm32f4xx_hal_tim.c.obj
                0x080055d2                HAL_TIM_TriggerCallback
 .text.HAL_TIM_IRQHandler
                0x080055d4      0x17a CMakeFiles/NewGim.elf.dir/Drivers/STM32F4xx_HAL_Driver/Src/stm32f4xx_hal_tim.c.obj
                0x080055d4                HAL_TIM_IRQHandler
 *fill*         0x0800574e        0x2 
 .text.TIM_Base_SetConfig
                0x08005750       0xc8 CMakeFiles/NewGim.elf.dir/Drivers/STM32F4xx_HAL_Driver/Src/stm32f4xx_hal_tim.c.obj
                0x08005750                TIM_Base_SetConfig
 .text.HAL_TIM_Base_Init
                0x08005818       0x58 CMakeFiles/NewGim.elf.dir/Drivers/STM32F4xx_HAL_Driver/Src/stm32f4xx_hal_tim.c.obj
                0x08005818                HAL_TIM_Base_Init
 .text.HAL_TIM_PWM_Init
                0x08005870       0x58 CMakeFiles/NewGim.elf.dir/Drivers/STM32F4xx_HAL_Driver/Src/stm32f4xx_hal_tim.c.obj
                0x08005870                HAL_TIM_PWM_Init
 .text.TIM_OC2_SetConfig
                0x080058c8       0x70 CMakeFiles/NewGim.elf.dir/Drivers/STM32F4xx_HAL_Driver/Src/stm32f4xx_hal_tim.c.obj
                0x080058c8                TIM_OC2_SetConfig
 .text.HAL_TIM_PWM_ConfigChannel
                0x08005938       0xdc CMakeFiles/NewGim.elf.dir/Drivers/STM32F4xx_HAL_Driver/Src/stm32f4xx_hal_tim.c.obj
                0x08005938                HAL_TIM_PWM_ConfigChannel
 .text.TIM_ETR_SetConfig
                0x08005a14       0x18 CMakeFiles/NewGim.elf.dir/Drivers/STM32F4xx_HAL_Driver/Src/stm32f4xx_hal_tim.c.obj
                0x08005a14                TIM_ETR_SetConfig
 .text.HAL_TIM_ConfigClockSource
                0x08005a2c       0xfe CMakeFiles/NewGim.elf.dir/Drivers/STM32F4xx_HAL_Driver/Src/stm32f4xx_hal_tim.c.obj
                0x08005a2c                HAL_TIM_ConfigClockSource
 .text.TIM_CCxChannelCmd
                0x08005b2a       0x1e CMakeFiles/NewGim.elf.dir/Drivers/STM32F4xx_HAL_Driver/Src/stm32f4xx_hal_tim.c.obj
                0x08005b2a                TIM_CCxChannelCmd
 .text.HAL_TIM_PWM_Start
                0x08005b48      0x104 CMakeFiles/NewGim.elf.dir/Drivers/STM32F4xx_HAL_Driver/Src/stm32f4xx_hal_tim.c.obj
                0x08005b48                HAL_TIM_PWM_Start
 .text.HAL_TIMEx_MasterConfigSynchronization
                0x08005c4c       0x8c CMakeFiles/NewGim.elf.dir/Drivers/STM32F4xx_HAL_Driver/Src/stm32f4xx_hal_tim_ex.c.obj
                0x08005c4c                HAL_TIMEx_MasterConfigSynchronization
 .text.HAL_TIMEx_CommutCallback
                0x08005cd8        0x2 CMakeFiles/NewGim.elf.dir/Drivers/STM32F4xx_HAL_Driver/Src/stm32f4xx_hal_tim_ex.c.obj
                0x08005cd8                HAL_TIMEx_CommutCallback
 .text.HAL_TIMEx_BreakCallback
                0x08005cda        0x2 CMakeFiles/NewGim.elf.dir/Drivers/STM32F4xx_HAL_Driver/Src/stm32f4xx_hal_tim_ex.c.obj
                0x08005cda                HAL_TIMEx_BreakCallback
 .text.UART_EndTxTransfer
                0x08005cdc       0x20 CMakeFiles/NewGim.elf.dir/Drivers/STM32F4xx_HAL_Driver/Src/stm32f4xx_hal_uart.c.obj
 .text.UART_EndRxTransfer
                0x08005cfc       0x5c CMakeFiles/NewGim.elf.dir/Drivers/STM32F4xx_HAL_Driver/Src/stm32f4xx_hal_uart.c.obj
 .text.UART_Transmit_IT
                0x08005d58       0x60 CMakeFiles/NewGim.elf.dir/Drivers/STM32F4xx_HAL_Driver/Src/stm32f4xx_hal_uart.c.obj
 .text.UART_SetConfig
                0x08005db8      0x110 CMakeFiles/NewGim.elf.dir/Drivers/STM32F4xx_HAL_Driver/Src/stm32f4xx_hal_uart.c.obj
 .text.HAL_UART_Init
                0x08005ec8       0x5e CMakeFiles/NewGim.elf.dir/Drivers/STM32F4xx_HAL_Driver/Src/stm32f4xx_hal_uart.c.obj
                0x08005ec8                HAL_UART_Init
 .text.HAL_UART_TxCpltCallback
                0x08005f26        0x2 CMakeFiles/NewGim.elf.dir/Drivers/STM32F4xx_HAL_Driver/Src/stm32f4xx_hal_uart.c.obj
                0x08005f26                HAL_UART_TxCpltCallback
 .text.UART_EndTransmit_IT
                0x08005f28       0x1a CMakeFiles/NewGim.elf.dir/Drivers/STM32F4xx_HAL_Driver/Src/stm32f4xx_hal_uart.c.obj
 .text.HAL_UART_RxHalfCpltCallback
                0x08005f42        0x2 CMakeFiles/NewGim.elf.dir/Drivers/STM32F4xx_HAL_Driver/Src/stm32f4xx_hal_uart.c.obj
                0x08005f42                HAL_UART_RxHalfCpltCallback
 .text.HAL_UART_ErrorCallback
                0x08005f44        0x2 CMakeFiles/NewGim.elf.dir/Drivers/STM32F4xx_HAL_Driver/Src/stm32f4xx_hal_uart.c.obj
                0x08005f44                HAL_UART_ErrorCallback
 .text.UART_DMAError
                0x08005f46       0x58 CMakeFiles/NewGim.elf.dir/Drivers/STM32F4xx_HAL_Driver/Src/stm32f4xx_hal_uart.c.obj
 .text.UART_DMAAbortOnError
                0x08005f9e       0x10 CMakeFiles/NewGim.elf.dir/Drivers/STM32F4xx_HAL_Driver/Src/stm32f4xx_hal_uart.c.obj
 .text.HAL_UARTEx_RxEventCallback
                0x08005fae        0x2 CMakeFiles/NewGim.elf.dir/Drivers/STM32F4xx_HAL_Driver/Src/stm32f4xx_hal_uart.c.obj
                0x08005fae                HAL_UARTEx_RxEventCallback
 .text.UART_Receive_IT
                0x08005fb0       0xe2 CMakeFiles/NewGim.elf.dir/Drivers/STM32F4xx_HAL_Driver/Src/stm32f4xx_hal_uart.c.obj
 *fill*         0x08006092        0x2 
 .text.HAL_UART_IRQHandler
                0x08006094      0x280 CMakeFiles/NewGim.elf.dir/Drivers/STM32F4xx_HAL_Driver/Src/stm32f4xx_hal_uart.c.obj
                0x08006094                HAL_UART_IRQHandler
 .text.UART_DMARxHalfCplt
                0x08006314       0x1a CMakeFiles/NewGim.elf.dir/Drivers/STM32F4xx_HAL_Driver/Src/stm32f4xx_hal_uart.c.obj
 .text.UART_DMAReceiveCplt
                0x0800632e       0x96 CMakeFiles/NewGim.elf.dir/Drivers/STM32F4xx_HAL_Driver/Src/stm32f4xx_hal_uart.c.obj
 .text.UART_Start_Receive_DMA
                0x080063c4       0xa8 CMakeFiles/NewGim.elf.dir/Drivers/STM32F4xx_HAL_Driver/Src/stm32f4xx_hal_uart.c.obj
                0x080063c4                UART_Start_Receive_DMA
 .text.HAL_UART_Receive_DMA
                0x0800646c       0x38 CMakeFiles/NewGim.elf.dir/Drivers/STM32F4xx_HAL_Driver/Src/stm32f4xx_hal_uart.c.obj
                0x0800646c                HAL_UART_Receive_DMA
 .text.__errno  0x080064a4        0xc f:/gcc_arm_none_eabi/version_10_3_1/bin/../lib/gcc/arm-none-eabi/10.3.1/../../../../arm-none-eabi/lib/thumb/v7e-m/nofp\libg.a(lib_a-errno.o)
                0x080064a4                __errno
 .text.__libc_init_array
                0x080064b0       0x48 f:/gcc_arm_none_eabi/version_10_3_1/bin/../lib/gcc/arm-none-eabi/10.3.1/../../../../arm-none-eabi/lib/thumb/v7e-m/nofp\libg.a(lib_a-init.o)
                0x080064b0                __libc_init_array
 .text.memset   0x080064f8       0xa4 f:/gcc_arm_none_eabi/version_10_3_1/bin/../lib/gcc/arm-none-eabi/10.3.1/../../../../arm-none-eabi/lib/thumb/v7e-m/nofp\libg.a(lib_a-memset.o)
                0x080064f8                memset
 .text.startup.register_fini
                0x0800659c       0x14 f:/gcc_arm_none_eabi/version_10_3_1/bin/../lib/gcc/arm-none-eabi/10.3.1/../../../../arm-none-eabi/lib/thumb/v7e-m/nofp\libg.a(lib_a-__call_atexit.o)
 .text.atexit   0x080065b0        0xc f:/gcc_arm_none_eabi/version_10_3_1/bin/../lib/gcc/arm-none-eabi/10.3.1/../../../../arm-none-eabi/lib/thumb/v7e-m/nofp\libg.a(lib_a-atexit.o)
                0x080065b0                atexit
 .text.__libc_fini_array
                0x080065bc       0x2c f:/gcc_arm_none_eabi/version_10_3_1/bin/../lib/gcc/arm-none-eabi/10.3.1/../../../../arm-none-eabi/lib/thumb/v7e-m/nofp\libg.a(lib_a-fini.o)
                0x080065bc                __libc_fini_array
 .text.__retarget_lock_acquire_recursive
                0x080065e8        0x4 f:/gcc_arm_none_eabi/version_10_3_1/bin/../lib/gcc/arm-none-eabi/10.3.1/../../../../arm-none-eabi/lib/thumb/v7e-m/nofp\libg.a(lib_a-lock.o)
                0x080065e8                __retarget_lock_acquire_recursive
 .text.__retarget_lock_release_recursive
                0x080065ec        0x4 f:/gcc_arm_none_eabi/version_10_3_1/bin/../lib/gcc/arm-none-eabi/10.3.1/../../../../arm-none-eabi/lib/thumb/v7e-m/nofp\libg.a(lib_a-lock.o)
                0x080065ec                __retarget_lock_release_recursive
 .text.__register_exitproc
                0x080065f0       0x8c f:/gcc_arm_none_eabi/version_10_3_1/bin/../lib/gcc/arm-none-eabi/10.3.1/../../../../arm-none-eabi/lib/thumb/v7e-m/nofp\libg.a(lib_a-__atexit.o)
                0x080065f0                __register_exitproc
 .text.cosf     0x0800667c       0x64 f:/gcc_arm_none_eabi/version_10_3_1/bin/../lib/gcc/arm-none-eabi/10.3.1/../../../../arm-none-eabi/lib/thumb/v7e-m/nofp\libm.a(lib_a-sf_cos.o)
                0x0800667c                cosf
 .text.sinf     0x080066e0       0x70 f:/gcc_arm_none_eabi/version_10_3_1/bin/../lib/gcc/arm-none-eabi/10.3.1/../../../../arm-none-eabi/lib/thumb/v7e-m/nofp\libm.a(lib_a-sf_sin.o)
                0x080066e0                sinf
 .text.atan2f   0x08006750        0x4 f:/gcc_arm_none_eabi/version_10_3_1/bin/../lib/gcc/arm-none-eabi/10.3.1/../../../../arm-none-eabi/lib/thumb/v7e-m/nofp\libm.a(lib_a-wf_atan2.o)
                0x08006750                atan2f
 .text.sqrtf    0x08006754       0x38 f:/gcc_arm_none_eabi/version_10_3_1/bin/../lib/gcc/arm-none-eabi/10.3.1/../../../../arm-none-eabi/lib/thumb/v7e-m/nofp\libm.a(lib_a-wf_sqrt.o)
                0x08006754                sqrtf
 .text.__ieee754_atan2f
                0x0800678c      0x110 f:/gcc_arm_none_eabi/version_10_3_1/bin/../lib/gcc/arm-none-eabi/10.3.1/../../../../arm-none-eabi/lib/thumb/v7e-m/nofp\libm.a(lib_a-ef_atan2.o)
                0x0800678c                __ieee754_atan2f
 .text.__ieee754_rem_pio2f
                0x0800689c      0x2e8 f:/gcc_arm_none_eabi/version_10_3_1/bin/../lib/gcc/arm-none-eabi/10.3.1/../../../../arm-none-eabi/lib/thumb/v7e-m/nofp\libm.a(lib_a-ef_rem_pio2.o)
                0x0800689c                __ieee754_rem_pio2f
 .text.__ieee754_sqrtf
                0x08006b84       0xb0 f:/gcc_arm_none_eabi/version_10_3_1/bin/../lib/gcc/arm-none-eabi/10.3.1/../../../../arm-none-eabi/lib/thumb/v7e-m/nofp\libm.a(lib_a-ef_sqrt.o)
                0x08006b84                __ieee754_sqrtf
 .text.__kernel_cosf
                0x08006c34      0x18c f:/gcc_arm_none_eabi/version_10_3_1/bin/../lib/gcc/arm-none-eabi/10.3.1/../../../../arm-none-eabi/lib/thumb/v7e-m/nofp\libm.a(lib_a-kf_cos.o)
                0x08006c34                __kernel_cosf
 .text.__kernel_rem_pio2f
                0x08006dc0      0x6e0 f:/gcc_arm_none_eabi/version_10_3_1/bin/../lib/gcc/arm-none-eabi/10.3.1/../../../../arm-none-eabi/lib/thumb/v7e-m/nofp\libm.a(lib_a-kf_rem_pio2.o)
                0x08006dc0                __kernel_rem_pio2f
 .text.__kernel_sinf
                0x080074a0       0xec f:/gcc_arm_none_eabi/version_10_3_1/bin/../lib/gcc/arm-none-eabi/10.3.1/../../../../arm-none-eabi/lib/thumb/v7e-m/nofp\libm.a(lib_a-kf_sin.o)
                0x080074a0                __kernel_sinf
 .text.atanf    0x0800758c      0x230 f:/gcc_arm_none_eabi/version_10_3_1/bin/../lib/gcc/arm-none-eabi/10.3.1/../../../../arm-none-eabi/lib/thumb/v7e-m/nofp\libm.a(lib_a-sf_atan.o)
                0x0800758c                atanf
 .text.fabsf    0x080077bc        0x8 f:/gcc_arm_none_eabi/version_10_3_1/bin/../lib/gcc/arm-none-eabi/10.3.1/../../../../arm-none-eabi/lib/thumb/v7e-m/nofp\libm.a(lib_a-sf_fabs.o)
                0x080077bc                fabsf
 .text.floorf   0x080077c4       0x80 f:/gcc_arm_none_eabi/version_10_3_1/bin/../lib/gcc/arm-none-eabi/10.3.1/../../../../arm-none-eabi/lib/thumb/v7e-m/nofp\libm.a(lib_a-sf_floor.o)
                0x080077c4                floorf
 .text.scalbnf  0x08007844       0xbc f:/gcc_arm_none_eabi/version_10_3_1/bin/../lib/gcc/arm-none-eabi/10.3.1/../../../../arm-none-eabi/lib/thumb/v7e-m/nofp\libm.a(lib_a-sf_scalbn.o)
                0x08007844                scalbnf
 *(.glue_7)
 .glue_7        0x08007900        0x0 linker stubs
 *(.glue_7t)
 .glue_7t       0x08007900        0x0 linker stubs
 *(.eh_frame)
 .eh_frame      0x08007900        0x0 f:/gcc_arm_none_eabi/version_10_3_1/bin/../lib/gcc/arm-none-eabi/10.3.1/thumb/v7e-m/nofp/crtbegin.o
 *(.init)
 .init          0x08007900        0x4 f:/gcc_arm_none_eabi/version_10_3_1/bin/../lib/gcc/arm-none-eabi/10.3.1/thumb/v7e-m/nofp/crti.o
                0x08007900                _init
 .init          0x08007904        0x8 f:/gcc_arm_none_eabi/version_10_3_1/bin/../lib/gcc/arm-none-eabi/10.3.1/thumb/v7e-m/nofp/crtn.o
 *(.fini)
 .fini          0x0800790c        0x4 f:/gcc_arm_none_eabi/version_10_3_1/bin/../lib/gcc/arm-none-eabi/10.3.1/thumb/v7e-m/nofp/crti.o
                0x0800790c                _fini
 .fini          0x08007910        0x8 f:/gcc_arm_none_eabi/version_10_3_1/bin/../lib/gcc/arm-none-eabi/10.3.1/thumb/v7e-m/nofp/crtn.o
                0x08007918                . = ALIGN (0x4)
                0x08007918                _etext = .

.vfp11_veneer   0x08007918        0x0
 .vfp11_veneer  0x08007918        0x0 linker stubs

.v4_bx          0x08007918        0x0
 .v4_bx         0x08007918        0x0 linker stubs

.iplt           0x08007918        0x0
 .iplt          0x08007918        0x0 f:/gcc_arm_none_eabi/version_10_3_1/bin/../lib/gcc/arm-none-eabi/10.3.1/thumb/v7e-m/nofp/crtbegin.o

.rodata         0x08007918      0x444
                0x08007918                . = ALIGN (0x4)
 *(.rodata)
 .rodata        0x08007918       0x18 CMakeFiles/NewGim.elf.dir/infantry/imu.c.obj
 *(.rodata*)
 .rodata.AHBPrescTable
                0x08007930       0x10 CMakeFiles/NewGim.elf.dir/Core/Src/system_stm32f4xx.c.obj
                0x08007930                AHBPrescTable
 .rodata.APBPrescTable
                0x08007940        0x8 CMakeFiles/NewGim.elf.dir/Core/Src/system_stm32f4xx.c.obj
                0x08007940                APBPrescTable
 .rodata.flagBitshiftOffset.0
                0x08007948        0x8 CMakeFiles/NewGim.elf.dir/Drivers/STM32F4xx_HAL_Driver/Src/stm32f4xx_hal_dma.c.obj
 .rodata._global_impure_ptr
                0x08007950        0x4 f:/gcc_arm_none_eabi/version_10_3_1/bin/../lib/gcc/arm-none-eabi/10.3.1/../../../../arm-none-eabi/lib/thumb/v7e-m/nofp\libg.a(lib_a-impure.o)
                0x08007950                _global_impure_ptr
 .rodata.CSWTCH.8
                0x08007954        0xc f:/gcc_arm_none_eabi/version_10_3_1/bin/../lib/gcc/arm-none-eabi/10.3.1/../../../../arm-none-eabi/lib/thumb/v7e-m/nofp\libm.a(lib_a-ef_atan2.o)
 .rodata.CSWTCH.9
                0x08007960        0xc f:/gcc_arm_none_eabi/version_10_3_1/bin/../lib/gcc/arm-none-eabi/10.3.1/../../../../arm-none-eabi/lib/thumb/v7e-m/nofp\libm.a(lib_a-ef_atan2.o)
 .rodata.npio2_hw
                0x0800796c       0x80 f:/gcc_arm_none_eabi/version_10_3_1/bin/../lib/gcc/arm-none-eabi/10.3.1/../../../../arm-none-eabi/lib/thumb/v7e-m/nofp\libm.a(lib_a-ef_rem_pio2.o)
 .rodata.two_over_pi
                0x080079ec      0x318 f:/gcc_arm_none_eabi/version_10_3_1/bin/../lib/gcc/arm-none-eabi/10.3.1/../../../../arm-none-eabi/lib/thumb/v7e-m/nofp\libm.a(lib_a-ef_rem_pio2.o)
 .rodata.PIo2   0x08007d04       0x2c f:/gcc_arm_none_eabi/version_10_3_1/bin/../lib/gcc/arm-none-eabi/10.3.1/../../../../arm-none-eabi/lib/thumb/v7e-m/nofp\libm.a(lib_a-kf_rem_pio2.o)
 .rodata.init_jk
                0x08007d30        0xc f:/gcc_arm_none_eabi/version_10_3_1/bin/../lib/gcc/arm-none-eabi/10.3.1/../../../../arm-none-eabi/lib/thumb/v7e-m/nofp\libm.a(lib_a-kf_rem_pio2.o)
 .rodata.atanhi
                0x08007d3c       0x10 f:/gcc_arm_none_eabi/version_10_3_1/bin/../lib/gcc/arm-none-eabi/10.3.1/../../../../arm-none-eabi/lib/thumb/v7e-m/nofp\libm.a(lib_a-sf_atan.o)
 .rodata.atanlo
                0x08007d4c       0x10 f:/gcc_arm_none_eabi/version_10_3_1/bin/../lib/gcc/arm-none-eabi/10.3.1/../../../../arm-none-eabi/lib/thumb/v7e-m/nofp\libm.a(lib_a-sf_atan.o)
                0x08007d5c                . = ALIGN (0x4)

.ARM.extab      0x08007d5c        0x0
                0x08007d5c                . = ALIGN (0x4)
 *(.ARM.extab* .gnu.linkonce.armextab.*)
                0x08007d5c                . = ALIGN (0x4)

.ARM            0x08007d5c        0x8
                0x08007d5c                . = ALIGN (0x4)
                0x08007d5c                __exidx_start = .
 *(.ARM.exidx*)
 .ARM.exidx     0x08007d5c        0x8 f:/gcc_arm_none_eabi/version_10_3_1/bin/../lib/gcc/arm-none-eabi/10.3.1/thumb/v7e-m/nofp\libgcc.a(_udivmoddi4.o)
                0x08007d64                __exidx_end = .
                0x08007d64                . = ALIGN (0x4)

.rel.dyn        0x08007d64        0x0
 .rel.iplt      0x08007d64        0x0 f:/gcc_arm_none_eabi/version_10_3_1/bin/../lib/gcc/arm-none-eabi/10.3.1/thumb/v7e-m/nofp/crtbegin.o

.preinit_array  0x08007d64        0x0
                0x08007d64                . = ALIGN (0x4)
                0x08007d64                PROVIDE (__preinit_array_start = .)
 *(.preinit_array*)
                0x08007d64                PROVIDE (__preinit_array_end = .)
                0x08007d64                . = ALIGN (0x4)

.init_array     0x08007d64        0x8
                0x08007d64                . = ALIGN (0x4)
                0x08007d64                PROVIDE (__init_array_start = .)
 *(SORT_BY_NAME(.init_array.*))
 .init_array.00000
                0x08007d64        0x4 f:/gcc_arm_none_eabi/version_10_3_1/bin/../lib/gcc/arm-none-eabi/10.3.1/../../../../arm-none-eabi/lib/thumb/v7e-m/nofp\libg.a(lib_a-__call_atexit.o)
 *(.init_array*)
 .init_array    0x08007d68        0x4 f:/gcc_arm_none_eabi/version_10_3_1/bin/../lib/gcc/arm-none-eabi/10.3.1/thumb/v7e-m/nofp/crtbegin.o
                0x08007d6c                PROVIDE (__init_array_end = .)
                0x08007d6c                . = ALIGN (0x4)

.fini_array     0x08007d6c        0x4
                0x08007d6c                . = ALIGN (0x4)
                0x08007d6c                PROVIDE (__fini_array_start = .)
 *(SORT_BY_NAME(.fini_array.*))
 *(.fini_array*)
 .fini_array    0x08007d6c        0x4 f:/gcc_arm_none_eabi/version_10_3_1/bin/../lib/gcc/arm-none-eabi/10.3.1/thumb/v7e-m/nofp/crtbegin.o
                0x08007d70                PROVIDE (__fini_array_end = .)
                0x08007d70                . = ALIGN (0x4)
                0x08007d70                _sidata = LOADADDR (.data)

.data           0x20000000      0x4b4 load address 0x08007d70
                0x20000000                . = ALIGN (0x4)
                0x20000000                _sdata = .
 *(.data)
 *(.data*)
 .data.chassis_rotate_level
                0x20000000        0x4 CMakeFiles/NewGim.elf.dir/infantry/chassis.c.obj
                0x20000000                chassis_rotate_level
 .data.chassis_speed_level
                0x20000004        0x4 CMakeFiles/NewGim.elf.dir/infantry/chassis.c.obj
                0x20000004                chassis_speed_level
 .data.follow.2
                0x20000008        0x4 CMakeFiles/NewGim.elf.dir/infantry/chassis.c.obj
 .data.loader_speed_level
                0x2000000c        0x4 CMakeFiles/NewGim.elf.dir/infantry/gimbal.c.obj
                0x2000000c                loader_speed_level
 .data.q.2      0x20000010       0x10 CMakeFiles/NewGim.elf.dir/infantry/imu.c.obj
 .data.chasM    0x20000020        0xc CMakeFiles/NewGim.elf.dir/infantry/pid.c.obj
                0x20000020                chasM
 .data.chasZ    0x2000002c        0xc CMakeFiles/NewGim.elf.dir/infantry/pid.c.obj
                0x2000002c                chasZ
 .data.loadV    0x20000038        0xc CMakeFiles/NewGim.elf.dir/infantry/pid.c.obj
                0x20000038                loadV
 .data.pitchA   0x20000044        0xc CMakeFiles/NewGim.elf.dir/infantry/pid.c.obj
                0x20000044                pitchA
 .data.pitchV   0x20000050        0xc CMakeFiles/NewGim.elf.dir/infantry/pid.c.obj
                0x20000050                pitchV
 .data.yawA     0x2000005c        0xc CMakeFiles/NewGim.elf.dir/infantry/pid.c.obj
                0x2000005c                yawA
 .data.yawV     0x20000068        0xc CMakeFiles/NewGim.elf.dir/infantry/pid.c.obj
                0x20000068                yawV
 .data.HeadRx   0x20000074        0x1 CMakeFiles/NewGim.elf.dir/infantry/referee.c.obj
                0x20000074                HeadRx
 *fill*         0x20000075        0x3 
 .data.SystemCoreClock
                0x20000078        0x4 CMakeFiles/NewGim.elf.dir/Core/Src/system_stm32f4xx.c.obj
                0x20000078                SystemCoreClock
 .data.uwTickFreq
                0x2000007c        0x1 CMakeFiles/NewGim.elf.dir/Drivers/STM32F4xx_HAL_Driver/Src/stm32f4xx_hal.c.obj
                0x2000007c                uwTickFreq
 *fill*         0x2000007d        0x3 
 .data.uwTickPrio
                0x20000080        0x4 CMakeFiles/NewGim.elf.dir/Drivers/STM32F4xx_HAL_Driver/Src/stm32f4xx_hal.c.obj
                0x20000080                uwTickPrio
 .data._impure_ptr
                0x20000084        0x4 f:/gcc_arm_none_eabi/version_10_3_1/bin/../lib/gcc/arm-none-eabi/10.3.1/../../../../arm-none-eabi/lib/thumb/v7e-m/nofp\libg.a(lib_a-impure.o)
                0x20000084                _impure_ptr
 .data.impure_data
                0x20000088      0x428 f:/gcc_arm_none_eabi/version_10_3_1/bin/../lib/gcc/arm-none-eabi/10.3.1/../../../../arm-none-eabi/lib/thumb/v7e-m/nofp\libg.a(lib_a-impure.o)
 .data.__atexit_recursive_mutex
                0x200004b0        0x4 f:/gcc_arm_none_eabi/version_10_3_1/bin/../lib/gcc/arm-none-eabi/10.3.1/../../../../arm-none-eabi/lib/thumb/v7e-m/nofp\libg.a(lib_a-__call_atexit.o)
                0x200004b0                __atexit_recursive_mutex
 *(.RamFunc)
 *(.RamFunc*)
                0x200004b4                . = ALIGN (0x4)
                0x200004b4                _edata = .
                0x08008224                _siccmram = LOADADDR (.ccmram)

.igot.plt       0x200004b4        0x0 load address 0x08008224
 .igot.plt      0x200004b4        0x0 f:/gcc_arm_none_eabi/version_10_3_1/bin/../lib/gcc/arm-none-eabi/10.3.1/thumb/v7e-m/nofp/crtbegin.o

.ccmram         0x10000000        0x0 load address 0x08008224
                0x10000000                . = ALIGN (0x4)
                0x10000000                _sccmram = .
 *(.ccmram)
 *(.ccmram*)
                0x10000000                . = ALIGN (0x4)
                0x10000000                _eccmram = .
                0x10000000                . = ALIGN (0x4)

.bss            0x200004b4      0x5fc
                0x200004b4                _sbss = .
                0x200004b4                __bss_start__ = _sbss
 *(.bss)
 .bss           0x200004b4       0x1c f:/gcc_arm_none_eabi/version_10_3_1/bin/../lib/gcc/arm-none-eabi/10.3.1/thumb/v7e-m/nofp/crtbegin.o
 *(.bss*)
 .bss.RC_YAW.3  0x200004d0        0x4 CMakeFiles/NewGim.elf.dir/infantry/chassis.c.obj
 .bss.Rotate_Z  0x200004d4        0x4 CMakeFiles/NewGim.elf.dir/infantry/chassis.c.obj
 .bss.x.0       0x200004d8        0x4 CMakeFiles/NewGim.elf.dir/infantry/chassis.c.obj
 .bss.y.1       0x200004dc        0x4 CMakeFiles/NewGim.elf.dir/infantry/chassis.c.obj
 .bss.rcAngle.0
                0x200004e0        0x4 CMakeFiles/NewGim.elf.dir/infantry/gimbal.c.obj
 .bss.shootON.1
                0x200004e4        0x2 CMakeFiles/NewGim.elf.dir/infantry/gimbal.c.obj
 *fill*         0x200004e6        0x2 
 .bss.Circle.0  0x200004e8        0x4 CMakeFiles/NewGim.elf.dir/infantry/imu.c.obj
 .bss.Old_Yaw.1
                0x200004ec        0x4 CMakeFiles/NewGim.elf.dir/infantry/imu.c.obj
 .bss.imu       0x200004f0        0x8 CMakeFiles/NewGim.elf.dir/infantry/imu.c.obj
                0x200004f0                imu
 .bss.imu_raw_data
                0x200004f8       0x18 CMakeFiles/NewGim.elf.dir/infantry/imu.c.obj
 .bss.integralFBx
                0x20000510        0x4 CMakeFiles/NewGim.elf.dir/infantry/imu.c.obj
                0x20000510                integralFBx
 .bss.integralFBy
                0x20000514        0x4 CMakeFiles/NewGim.elf.dir/infantry/imu.c.obj
                0x20000514                integralFBy
 .bss.integralFBz
                0x20000518        0x4 CMakeFiles/NewGim.elf.dir/infantry/imu.c.obj
                0x20000518                integralFBz
 .bss.read_value.3
                0x2000051c        0x1 CMakeFiles/NewGim.elf.dir/infantry/imu.c.obj
 .bss.read_value.4
                0x2000051d        0x1 CMakeFiles/NewGim.elf.dir/infantry/imu.c.obj
 *fill*         0x2000051e        0x2 
 .bss.Chassis_M3508_Velocity
                0x20000520       0x10 CMakeFiles/NewGim.elf.dir/infantry/motors.c.obj
                0x20000520                Chassis_M3508_Velocity
 .bss.GIM_CHAS_Angle
                0x20000530        0x4 CMakeFiles/NewGim.elf.dir/infantry/motors.c.obj
                0x20000530                GIM_CHAS_Angle
 .bss.Loader_Velocity
                0x20000534        0x4 CMakeFiles/NewGim.elf.dir/infantry/motors.c.obj
                0x20000534                Loader_Velocity
 .bss.Pitch6020
                0x20000538        0x8 CMakeFiles/NewGim.elf.dir/infantry/motors.c.obj
                0x20000538                Pitch6020
 .bss.Shooter_Velocity
                0x20000540        0x8 CMakeFiles/NewGim.elf.dir/infantry/motors.c.obj
                0x20000540                Shooter_Velocity
 .bss.iError.0  0x20000548        0x4 CMakeFiles/NewGim.elf.dir/infantry/pid.c.obj
 .bss.iError.1  0x2000054c        0x4 CMakeFiles/NewGim.elf.dir/infantry/pid.c.obj
 .bss.iError.3  0x20000550        0x4 CMakeFiles/NewGim.elf.dir/infantry/pid.c.obj
 .bss.iError.4  0x20000554        0x4 CMakeFiles/NewGim.elf.dir/infantry/pid.c.obj
 .bss.iError.7  0x20000558       0x10 CMakeFiles/NewGim.elf.dir/infantry/pid.c.obj
 .bss.oldError.2
                0x20000568        0x4 CMakeFiles/NewGim.elf.dir/infantry/pid.c.obj
 .bss.oldError.5
                0x2000056c        0x4 CMakeFiles/NewGim.elf.dir/infantry/pid.c.obj
 .bss.oldError.6
                0x20000570        0x4 CMakeFiles/NewGim.elf.dir/infantry/pid.c.obj
 .bss.DbusRxBuf
                0x20000574       0x48 CMakeFiles/NewGim.elf.dir/infantry/rc.c.obj
                0x20000574                DbusRxBuf
 .bss.rc        0x200005bc       0x28 CMakeFiles/NewGim.elf.dir/infantry/rc.c.obj
                0x200005bc                rc
 .bss.rc_tick   0x200005e4        0x4 CMakeFiles/NewGim.elf.dir/infantry/rc.c.obj
                0x200005e4                rc_tick
 .bss.this_time_rx_len.0
                0x200005e8        0x2 CMakeFiles/NewGim.elf.dir/infantry/rc.c.obj
 *fill*         0x200005ea        0x2 
 .bss.head      0x200005ec        0x6 CMakeFiles/NewGim.elf.dir/infantry/referee.c.obj
                0x200005ec                head
 *fill*         0x200005f2        0x2 
 .bss.head_buffer
                0x200005f4        0x7 CMakeFiles/NewGim.elf.dir/infantry/referee.c.obj
                0x200005f4                head_buffer
 *fill*         0x200005fb        0x1 
 .bss.refe_buffer
                0x200005fc      0x100 CMakeFiles/NewGim.elf.dir/infantry/referee.c.obj
                0x200005fc                refe_buffer
 .bss.HAL_RCC_CAN1_CLK_ENABLED
                0x200006fc        0x4 CMakeFiles/NewGim.elf.dir/Core/Src/can.c.obj
 .bss.hcan1     0x20000700       0x28 CMakeFiles/NewGim.elf.dir/Core/Src/can.c.obj
                0x20000700                hcan1
 .bss.hcan2     0x20000728       0x28 CMakeFiles/NewGim.elf.dir/Core/Src/can.c.obj
                0x20000728                hcan2
 .bss.hiwdg     0x20000750        0xc CMakeFiles/NewGim.elf.dir/Core/Src/iwdg.c.obj
                0x20000750                hiwdg
 .bss.hspi1     0x2000075c       0x58 CMakeFiles/NewGim.elf.dir/Core/Src/spi.c.obj
                0x2000075c                hspi1
 .bss.htim2     0x200007b4       0x48 CMakeFiles/NewGim.elf.dir/Core/Src/tim.c.obj
                0x200007b4                htim2
 .bss.htim3     0x200007fc       0x48 CMakeFiles/NewGim.elf.dir/Core/Src/tim.c.obj
                0x200007fc                htim3
 .bss.htim4     0x20000844       0x48 CMakeFiles/NewGim.elf.dir/Core/Src/tim.c.obj
                0x20000844                htim4
 .bss.htim5     0x2000088c       0x48 CMakeFiles/NewGim.elf.dir/Core/Src/tim.c.obj
                0x2000088c                htim5
 .bss.htim7     0x200008d4       0x48 CMakeFiles/NewGim.elf.dir/Core/Src/tim.c.obj
                0x200008d4                htim7
 .bss.hdma_usart3_rx
                0x2000091c       0x60 CMakeFiles/NewGim.elf.dir/Core/Src/usart.c.obj
                0x2000091c                hdma_usart3_rx
 .bss.hdma_usart6_rx
                0x2000097c       0x60 CMakeFiles/NewGim.elf.dir/Core/Src/usart.c.obj
                0x2000097c                hdma_usart6_rx
 .bss.huart1    0x200009dc       0x44 CMakeFiles/NewGim.elf.dir/Core/Src/usart.c.obj
                0x200009dc                huart1
 .bss.huart3    0x20000a20       0x44 CMakeFiles/NewGim.elf.dir/Core/Src/usart.c.obj
                0x20000a20                huart3
 .bss.huart6    0x20000a64       0x44 CMakeFiles/NewGim.elf.dir/Core/Src/usart.c.obj
                0x20000a64                huart6
 .bss.uwTick    0x20000aa8        0x4 CMakeFiles/NewGim.elf.dir/Drivers/STM32F4xx_HAL_Driver/Src/stm32f4xx_hal.c.obj
                0x20000aa8                uwTick
 .bss.__lock___atexit_recursive_mutex
                0x20000aac        0x1 f:/gcc_arm_none_eabi/version_10_3_1/bin/../lib/gcc/arm-none-eabi/10.3.1/../../../../arm-none-eabi/lib/thumb/v7e-m/nofp\libg.a(lib_a-lock.o)
                0x20000aac                __lock___atexit_recursive_mutex
 *(COMMON)
                0x20000ab0                . = ALIGN (0x4)
 *fill*         0x20000aad        0x3 
                0x20000ab0                _ebss = .
                0x20000ab0                __bss_end__ = _ebss

._user_heap_stack
                0x20000ab0      0x600
                0x20000ab0                . = ALIGN (0x8)
                [!provide]                PROVIDE (end = .)
                0x20000ab0                PROVIDE (_end = .)
                0x20000cb0                . = (. + _Min_Heap_Size)
 *fill*         0x20000ab0      0x200 
                0x200010b0                . = (. + _Min_Stack_Size)
 *fill*         0x20000cb0      0x400 
                0x200010b0                . = ALIGN (0x8)

/DISCARD/
 libc.a(*)
 libm.a(*)
 libgcc.a(*)

.ARM.attributes
                0x00000000       0x2a
 *(.ARM.attributes)
 .ARM.attributes
                0x00000000       0x1e f:/gcc_arm_none_eabi/version_10_3_1/bin/../lib/gcc/arm-none-eabi/10.3.1/thumb/v7e-m/nofp/crti.o
 .ARM.attributes
                0x0000001e       0x2e f:/gcc_arm_none_eabi/version_10_3_1/bin/../lib/gcc/arm-none-eabi/10.3.1/thumb/v7e-m/nofp/crtbegin.o
 .ARM.attributes
                0x0000004c       0x2e CMakeFiles/NewGim.elf.dir/infantry/chassis.c.obj
 .ARM.attributes
                0x0000007a       0x2e CMakeFiles/NewGim.elf.dir/infantry/gimbal.c.obj
 .ARM.attributes
                0x000000a8       0x2e CMakeFiles/NewGim.elf.dir/infantry/imu.c.obj
 .ARM.attributes
                0x000000d6       0x2e CMakeFiles/NewGim.elf.dir/infantry/motors.c.obj
 .ARM.attributes
                0x00000104       0x2e CMakeFiles/NewGim.elf.dir/infantry/pid.c.obj
 .ARM.attributes
                0x00000132       0x2e CMakeFiles/NewGim.elf.dir/infantry/rc.c.obj
 .ARM.attributes
                0x00000160       0x2e CMakeFiles/NewGim.elf.dir/infantry/referee.c.obj
 .ARM.attributes
                0x0000018e       0x2e CMakeFiles/NewGim.elf.dir/Core/Src/can.c.obj
 .ARM.attributes
                0x000001bc       0x2e CMakeFiles/NewGim.elf.dir/Core/Src/dma.c.obj
 .ARM.attributes
                0x000001ea       0x2e CMakeFiles/NewGim.elf.dir/Core/Src/gpio.c.obj
 .ARM.attributes
                0x00000218       0x2e CMakeFiles/NewGim.elf.dir/Core/Src/iwdg.c.obj
 .ARM.attributes
                0x00000246       0x2e CMakeFiles/NewGim.elf.dir/Core/Src/main.c.obj
 .ARM.attributes
                0x00000274       0x2e CMakeFiles/NewGim.elf.dir/Core/Src/spi.c.obj
 .ARM.attributes
                0x000002a2       0x2e CMakeFiles/NewGim.elf.dir/Core/Src/stm32f4xx_hal_msp.c.obj
 .ARM.attributes
                0x000002d0       0x2e CMakeFiles/NewGim.elf.dir/Core/Src/stm32f4xx_it.c.obj
 .ARM.attributes
                0x000002fe       0x2e CMakeFiles/NewGim.elf.dir/Core/Src/system_stm32f4xx.c.obj
 .ARM.attributes
                0x0000032c       0x2e CMakeFiles/NewGim.elf.dir/Core/Src/tim.c.obj
 .ARM.attributes
                0x0000035a       0x2e CMakeFiles/NewGim.elf.dir/Core/Src/usart.c.obj
 .ARM.attributes
                0x00000388       0x21 CMakeFiles/NewGim.elf.dir/Core/Startup/startup_stm32f407ighx.s.obj
 .ARM.attributes
                0x000003a9       0x2e CMakeFiles/NewGim.elf.dir/Drivers/STM32F4xx_HAL_Driver/Src/stm32f4xx_hal.c.obj
 .ARM.attributes
                0x000003d7       0x2e CMakeFiles/NewGim.elf.dir/Drivers/STM32F4xx_HAL_Driver/Src/stm32f4xx_hal_can.c.obj
 .ARM.attributes
                0x00000405       0x2e CMakeFiles/NewGim.elf.dir/Drivers/STM32F4xx_HAL_Driver/Src/stm32f4xx_hal_cortex.c.obj
 .ARM.attributes
                0x00000433       0x2e CMakeFiles/NewGim.elf.dir/Drivers/STM32F4xx_HAL_Driver/Src/stm32f4xx_hal_dma.c.obj
 .ARM.attributes
                0x00000461       0x2e CMakeFiles/NewGim.elf.dir/Drivers/STM32F4xx_HAL_Driver/Src/stm32f4xx_hal_gpio.c.obj
 .ARM.attributes
                0x0000048f       0x2e CMakeFiles/NewGim.elf.dir/Drivers/STM32F4xx_HAL_Driver/Src/stm32f4xx_hal_iwdg.c.obj
 .ARM.attributes
                0x000004bd       0x2e CMakeFiles/NewGim.elf.dir/Drivers/STM32F4xx_HAL_Driver/Src/stm32f4xx_hal_rcc.c.obj
 .ARM.attributes
                0x000004eb       0x2e CMakeFiles/NewGim.elf.dir/Drivers/STM32F4xx_HAL_Driver/Src/stm32f4xx_hal_spi.c.obj
 .ARM.attributes
                0x00000519       0x2e CMakeFiles/NewGim.elf.dir/Drivers/STM32F4xx_HAL_Driver/Src/stm32f4xx_hal_tim.c.obj
 .ARM.attributes
                0x00000547       0x2e CMakeFiles/NewGim.elf.dir/Drivers/STM32F4xx_HAL_Driver/Src/stm32f4xx_hal_tim_ex.c.obj
 .ARM.attributes
                0x00000575       0x2e CMakeFiles/NewGim.elf.dir/Drivers/STM32F4xx_HAL_Driver/Src/stm32f4xx_hal_uart.c.obj
 .ARM.attributes
                0x000005a3       0x1e f:/gcc_arm_none_eabi/version_10_3_1/bin/../lib/gcc/arm-none-eabi/10.3.1/thumb/v7e-m/nofp\libgcc.a(_arm_addsubdf3.o)
 .ARM.attributes
                0x000005c1       0x1e f:/gcc_arm_none_eabi/version_10_3_1/bin/../lib/gcc/arm-none-eabi/10.3.1/thumb/v7e-m/nofp\libgcc.a(_arm_cmpdf2.o)
 .ARM.attributes
                0x000005df       0x1e f:/gcc_arm_none_eabi/version_10_3_1/bin/../lib/gcc/arm-none-eabi/10.3.1/thumb/v7e-m/nofp\libgcc.a(_arm_truncdfsf2.o)
 .ARM.attributes
                0x000005fd       0x1e f:/gcc_arm_none_eabi/version_10_3_1/bin/../lib/gcc/arm-none-eabi/10.3.1/thumb/v7e-m/nofp\libgcc.a(_arm_addsubsf3.o)
 .ARM.attributes
                0x0000061b       0x1e f:/gcc_arm_none_eabi/version_10_3_1/bin/../lib/gcc/arm-none-eabi/10.3.1/thumb/v7e-m/nofp\libgcc.a(_arm_muldivsf3.o)
 .ARM.attributes
                0x00000639       0x1e f:/gcc_arm_none_eabi/version_10_3_1/bin/../lib/gcc/arm-none-eabi/10.3.1/thumb/v7e-m/nofp\libgcc.a(_arm_cmpsf2.o)
 .ARM.attributes
                0x00000657       0x1e f:/gcc_arm_none_eabi/version_10_3_1/bin/../lib/gcc/arm-none-eabi/10.3.1/thumb/v7e-m/nofp\libgcc.a(_arm_fixsfsi.o)
 .ARM.attributes
                0x00000675       0x1e f:/gcc_arm_none_eabi/version_10_3_1/bin/../lib/gcc/arm-none-eabi/10.3.1/thumb/v7e-m/nofp\libgcc.a(_aeabi_uldivmod.o)
 .ARM.attributes
                0x00000693       0x2e f:/gcc_arm_none_eabi/version_10_3_1/bin/../lib/gcc/arm-none-eabi/10.3.1/thumb/v7e-m/nofp\libgcc.a(_udivmoddi4.o)
 .ARM.attributes
                0x000006c1       0x1e f:/gcc_arm_none_eabi/version_10_3_1/bin/../lib/gcc/arm-none-eabi/10.3.1/thumb/v7e-m/nofp\libgcc.a(_dvmd_tls.o)
 .ARM.attributes
                0x000006df       0x2e f:/gcc_arm_none_eabi/version_10_3_1/bin/../lib/gcc/arm-none-eabi/10.3.1/../../../../arm-none-eabi/lib/thumb/v7e-m/nofp\libg.a(lib_a-errno.o)
 .ARM.attributes
                0x0000070d       0x2e f:/gcc_arm_none_eabi/version_10_3_1/bin/../lib/gcc/arm-none-eabi/10.3.1/../../../../arm-none-eabi/lib/thumb/v7e-m/nofp\libg.a(lib_a-impure.o)
 .ARM.attributes
                0x0000073b       0x2e f:/gcc_arm_none_eabi/version_10_3_1/bin/../lib/gcc/arm-none-eabi/10.3.1/../../../../arm-none-eabi/lib/thumb/v7e-m/nofp\libg.a(lib_a-init.o)
 .ARM.attributes
                0x00000769       0x2e f:/gcc_arm_none_eabi/version_10_3_1/bin/../lib/gcc/arm-none-eabi/10.3.1/../../../../arm-none-eabi/lib/thumb/v7e-m/nofp\libg.a(lib_a-memset.o)
 .ARM.attributes
                0x00000797       0x2e f:/gcc_arm_none_eabi/version_10_3_1/bin/../lib/gcc/arm-none-eabi/10.3.1/../../../../arm-none-eabi/lib/thumb/v7e-m/nofp\libg.a(lib_a-__call_atexit.o)
 .ARM.attributes
                0x000007c5       0x2e f:/gcc_arm_none_eabi/version_10_3_1/bin/../lib/gcc/arm-none-eabi/10.3.1/../../../../arm-none-eabi/lib/thumb/v7e-m/nofp\libg.a(lib_a-atexit.o)
 .ARM.attributes
                0x000007f3       0x2e f:/gcc_arm_none_eabi/version_10_3_1/bin/../lib/gcc/arm-none-eabi/10.3.1/../../../../arm-none-eabi/lib/thumb/v7e-m/nofp\libg.a(lib_a-fini.o)
 .ARM.attributes
                0x00000821       0x2e f:/gcc_arm_none_eabi/version_10_3_1/bin/../lib/gcc/arm-none-eabi/10.3.1/../../../../arm-none-eabi/lib/thumb/v7e-m/nofp\libg.a(lib_a-lock.o)
 .ARM.attributes
                0x0000084f       0x2e f:/gcc_arm_none_eabi/version_10_3_1/bin/../lib/gcc/arm-none-eabi/10.3.1/../../../../arm-none-eabi/lib/thumb/v7e-m/nofp\libg.a(lib_a-__atexit.o)
 .ARM.attributes
                0x0000087d       0x1e f:/gcc_arm_none_eabi/version_10_3_1/bin/../lib/gcc/arm-none-eabi/10.3.1/thumb/v7e-m/nofp/crtn.o
OUTPUT(NewGim.elf elf32-littlearm)
LOAD linker stubs
LOAD f:/gcc_arm_none_eabi/version_10_3_1/bin/../lib/gcc/arm-none-eabi/10.3.1/../../../../arm-none-eabi/lib/thumb/v7e-m/nofp\libc.a
LOAD f:/gcc_arm_none_eabi/version_10_3_1/bin/../lib/gcc/arm-none-eabi/10.3.1/../../../../arm-none-eabi/lib/thumb/v7e-m/nofp\libm.a
LOAD f:/gcc_arm_none_eabi/version_10_3_1/bin/../lib/gcc/arm-none-eabi/10.3.1/thumb/v7e-m/nofp\libgcc.a

.debug_info     0x00000000    0x1ce8f
 .debug_info    0x00000000      0xb59 CMakeFiles/NewGim.elf.dir/infantry/chassis.c.obj
 .debug_info    0x00000b59      0x6a1 CMakeFiles/NewGim.elf.dir/infantry/gimbal.c.obj
 .debug_info    0x000011fa     0x1d0c CMakeFiles/NewGim.elf.dir/infantry/imu.c.obj
 .debug_info    0x00002f06     0x156d CMakeFiles/NewGim.elf.dir/infantry/motors.c.obj
 .debug_info    0x00004473      0x7bc CMakeFiles/NewGim.elf.dir/infantry/pid.c.obj
 .debug_info    0x00004c2f      0xa4d CMakeFiles/NewGim.elf.dir/infantry/rc.c.obj
 .debug_info    0x0000567c      0x77e CMakeFiles/NewGim.elf.dir/infantry/referee.c.obj
 .debug_info    0x00005dfa      0xcb3 CMakeFiles/NewGim.elf.dir/Core/Src/can.c.obj
 .debug_info    0x00006aad      0x54d CMakeFiles/NewGim.elf.dir/Core/Src/dma.c.obj
 .debug_info    0x00006ffa      0x560 CMakeFiles/NewGim.elf.dir/Core/Src/gpio.c.obj
 .debug_info    0x0000755a      0x1d3 CMakeFiles/NewGim.elf.dir/Core/Src/iwdg.c.obj
 .debug_info    0x0000772d      0xe6a CMakeFiles/NewGim.elf.dir/Core/Src/main.c.obj
 .debug_info    0x00008597      0xa6e CMakeFiles/NewGim.elf.dir/Core/Src/spi.c.obj
 .debug_info    0x00009005      0x2a4 CMakeFiles/NewGim.elf.dir/Core/Src/stm32f4xx_hal_msp.c.obj
 .debug_info    0x000092a9      0xfbf CMakeFiles/NewGim.elf.dir/Core/Src/stm32f4xx_it.c.obj
 .debug_info    0x0000a268      0x37d CMakeFiles/NewGim.elf.dir/Core/Src/system_stm32f4xx.c.obj
 .debug_info    0x0000a5e5     0x1359 CMakeFiles/NewGim.elf.dir/Core/Src/tim.c.obj
 .debug_info    0x0000b93e      0xf23 CMakeFiles/NewGim.elf.dir/Core/Src/usart.c.obj
 .debug_info    0x0000c861       0x22 CMakeFiles/NewGim.elf.dir/Core/Startup/startup_stm32f407ighx.s.obj
 .debug_info    0x0000c883      0x9f0 CMakeFiles/NewGim.elf.dir/Drivers/STM32F4xx_HAL_Driver/Src/stm32f4xx_hal.c.obj
 .debug_info    0x0000d273     0x1269 CMakeFiles/NewGim.elf.dir/Drivers/STM32F4xx_HAL_Driver/Src/stm32f4xx_hal_can.c.obj
 .debug_info    0x0000e4dc     0x1098 CMakeFiles/NewGim.elf.dir/Drivers/STM32F4xx_HAL_Driver/Src/stm32f4xx_hal_cortex.c.obj
 .debug_info    0x0000f574      0xb3f CMakeFiles/NewGim.elf.dir/Drivers/STM32F4xx_HAL_Driver/Src/stm32f4xx_hal_dma.c.obj
 .debug_info    0x000100b3      0x7b0 CMakeFiles/NewGim.elf.dir/Drivers/STM32F4xx_HAL_Driver/Src/stm32f4xx_hal_gpio.c.obj
 .debug_info    0x00010863      0x20c CMakeFiles/NewGim.elf.dir/Drivers/STM32F4xx_HAL_Driver/Src/stm32f4xx_hal_iwdg.c.obj
 .debug_info    0x00010a6f      0xb03 CMakeFiles/NewGim.elf.dir/Drivers/STM32F4xx_HAL_Driver/Src/stm32f4xx_hal_rcc.c.obj
 .debug_info    0x00011572     0x1e96 CMakeFiles/NewGim.elf.dir/Drivers/STM32F4xx_HAL_Driver/Src/stm32f4xx_hal_spi.c.obj
 .debug_info    0x00013408     0x3d5b CMakeFiles/NewGim.elf.dir/Drivers/STM32F4xx_HAL_Driver/Src/stm32f4xx_hal_tim.c.obj
 .debug_info    0x00017163     0x1ade CMakeFiles/NewGim.elf.dir/Drivers/STM32F4xx_HAL_Driver/Src/stm32f4xx_hal_tim_ex.c.obj
 .debug_info    0x00018c41     0x424e CMakeFiles/NewGim.elf.dir/Drivers/STM32F4xx_HAL_Driver/Src/stm32f4xx_hal_uart.c.obj

.debug_abbrev   0x00000000     0x3aa7
 .debug_abbrev  0x00000000      0x211 CMakeFiles/NewGim.elf.dir/infantry/chassis.c.obj
 .debug_abbrev  0x00000211      0x226 CMakeFiles/NewGim.elf.dir/infantry/gimbal.c.obj
 .debug_abbrev  0x00000437      0x325 CMakeFiles/NewGim.elf.dir/infantry/imu.c.obj
 .debug_abbrev  0x0000075c      0x266 CMakeFiles/NewGim.elf.dir/infantry/motors.c.obj
 .debug_abbrev  0x000009c2      0x11a CMakeFiles/NewGim.elf.dir/infantry/pid.c.obj
 .debug_abbrev  0x00000adc      0x293 CMakeFiles/NewGim.elf.dir/infantry/rc.c.obj
 .debug_abbrev  0x00000d6f      0x1c5 CMakeFiles/NewGim.elf.dir/infantry/referee.c.obj
 .debug_abbrev  0x00000f34      0x1f6 CMakeFiles/NewGim.elf.dir/Core/Src/can.c.obj
 .debug_abbrev  0x0000112a      0x126 CMakeFiles/NewGim.elf.dir/Core/Src/dma.c.obj
 .debug_abbrev  0x00001250      0x14e CMakeFiles/NewGim.elf.dir/Core/Src/gpio.c.obj
 .debug_abbrev  0x0000139e      0x129 CMakeFiles/NewGim.elf.dir/Core/Src/iwdg.c.obj
 .debug_abbrev  0x000014c7      0x219 CMakeFiles/NewGim.elf.dir/Core/Src/main.c.obj
 .debug_abbrev  0x000016e0      0x1d3 CMakeFiles/NewGim.elf.dir/Core/Src/spi.c.obj
 .debug_abbrev  0x000018b3       0xd1 CMakeFiles/NewGim.elf.dir/Core/Src/stm32f4xx_hal_msp.c.obj
 .debug_abbrev  0x00001984      0x1f1 CMakeFiles/NewGim.elf.dir/Core/Src/stm32f4xx_it.c.obj
 .debug_abbrev  0x00001b75      0x119 CMakeFiles/NewGim.elf.dir/Core/Src/system_stm32f4xx.c.obj
 .debug_abbrev  0x00001c8e      0x230 CMakeFiles/NewGim.elf.dir/Core/Src/tim.c.obj
 .debug_abbrev  0x00001ebe      0x1f6 CMakeFiles/NewGim.elf.dir/Core/Src/usart.c.obj
 .debug_abbrev  0x000020b4       0x12 CMakeFiles/NewGim.elf.dir/Core/Startup/startup_stm32f407ighx.s.obj
 .debug_abbrev  0x000020c6      0x206 CMakeFiles/NewGim.elf.dir/Drivers/STM32F4xx_HAL_Driver/Src/stm32f4xx_hal.c.obj
 .debug_abbrev  0x000022cc      0x267 CMakeFiles/NewGim.elf.dir/Drivers/STM32F4xx_HAL_Driver/Src/stm32f4xx_hal_can.c.obj
 .debug_abbrev  0x00002533      0x36a CMakeFiles/NewGim.elf.dir/Drivers/STM32F4xx_HAL_Driver/Src/stm32f4xx_hal_cortex.c.obj
 .debug_abbrev  0x0000289d      0x2c2 CMakeFiles/NewGim.elf.dir/Drivers/STM32F4xx_HAL_Driver/Src/stm32f4xx_hal_dma.c.obj
 .debug_abbrev  0x00002b5f      0x1ef CMakeFiles/NewGim.elf.dir/Drivers/STM32F4xx_HAL_Driver/Src/stm32f4xx_hal_gpio.c.obj
 .debug_abbrev  0x00002d4e      0x118 CMakeFiles/NewGim.elf.dir/Drivers/STM32F4xx_HAL_Driver/Src/stm32f4xx_hal_iwdg.c.obj
 .debug_abbrev  0x00002e66      0x28a CMakeFiles/NewGim.elf.dir/Drivers/STM32F4xx_HAL_Driver/Src/stm32f4xx_hal_rcc.c.obj
 .debug_abbrev  0x000030f0      0x24e CMakeFiles/NewGim.elf.dir/Drivers/STM32F4xx_HAL_Driver/Src/stm32f4xx_hal_spi.c.obj
 .debug_abbrev  0x0000333e      0x22b CMakeFiles/NewGim.elf.dir/Drivers/STM32F4xx_HAL_Driver/Src/stm32f4xx_hal_tim.c.obj
 .debug_abbrev  0x00003569      0x241 CMakeFiles/NewGim.elf.dir/Drivers/STM32F4xx_HAL_Driver/Src/stm32f4xx_hal_tim_ex.c.obj
 .debug_abbrev  0x000037aa      0x2fd CMakeFiles/NewGim.elf.dir/Drivers/STM32F4xx_HAL_Driver/Src/stm32f4xx_hal_uart.c.obj

.debug_loc      0x00000000    0x11d01
 .debug_loc     0x00000000      0x402 CMakeFiles/NewGim.elf.dir/infantry/chassis.c.obj
 .debug_loc     0x00000402       0xf8 CMakeFiles/NewGim.elf.dir/infantry/gimbal.c.obj
 .debug_loc     0x000004fa      0x7d3 CMakeFiles/NewGim.elf.dir/infantry/imu.c.obj
 .debug_loc     0x00000ccd      0x296 CMakeFiles/NewGim.elf.dir/infantry/motors.c.obj
 .debug_loc     0x00000f63      0x517 CMakeFiles/NewGim.elf.dir/infantry/pid.c.obj
 .debug_loc     0x0000147a       0x64 CMakeFiles/NewGim.elf.dir/infantry/rc.c.obj
 .debug_loc     0x000014de       0xab CMakeFiles/NewGim.elf.dir/infantry/referee.c.obj
 .debug_loc     0x00001589       0xcb CMakeFiles/NewGim.elf.dir/Core/Src/can.c.obj
 .debug_loc     0x00001654       0x84 CMakeFiles/NewGim.elf.dir/Core/Src/spi.c.obj
 .debug_loc     0x000016d8      0x158 CMakeFiles/NewGim.elf.dir/Core/Src/system_stm32f4xx.c.obj
 .debug_loc     0x00001830      0x174 CMakeFiles/NewGim.elf.dir/Core/Src/tim.c.obj
 .debug_loc     0x000019a4       0xec CMakeFiles/NewGim.elf.dir/Core/Src/usart.c.obj
 .debug_loc     0x00001a90      0x141 CMakeFiles/NewGim.elf.dir/Drivers/STM32F4xx_HAL_Driver/Src/stm32f4xx_hal.c.obj
 .debug_loc     0x00001bd1      0xde6 CMakeFiles/NewGim.elf.dir/Drivers/STM32F4xx_HAL_Driver/Src/stm32f4xx_hal_can.c.obj
 .debug_loc     0x000029b7      0x744 CMakeFiles/NewGim.elf.dir/Drivers/STM32F4xx_HAL_Driver/Src/stm32f4xx_hal_cortex.c.obj
 .debug_loc     0x000030fb      0xbf9 CMakeFiles/NewGim.elf.dir/Drivers/STM32F4xx_HAL_Driver/Src/stm32f4xx_hal_dma.c.obj
 .debug_loc     0x00003cf4      0x520 CMakeFiles/NewGim.elf.dir/Drivers/STM32F4xx_HAL_Driver/Src/stm32f4xx_hal_gpio.c.obj
 .debug_loc     0x00004214       0x86 CMakeFiles/NewGim.elf.dir/Drivers/STM32F4xx_HAL_Driver/Src/stm32f4xx_hal_iwdg.c.obj
 .debug_loc     0x0000429a      0x58c CMakeFiles/NewGim.elf.dir/Drivers/STM32F4xx_HAL_Driver/Src/stm32f4xx_hal_rcc.c.obj
 .debug_loc     0x00004826     0x1ded CMakeFiles/NewGim.elf.dir/Drivers/STM32F4xx_HAL_Driver/Src/stm32f4xx_hal_spi.c.obj
 .debug_loc     0x00006613     0x506c CMakeFiles/NewGim.elf.dir/Drivers/STM32F4xx_HAL_Driver/Src/stm32f4xx_hal_tim.c.obj
 .debug_loc     0x0000b67f     0x1cd7 CMakeFiles/NewGim.elf.dir/Drivers/STM32F4xx_HAL_Driver/Src/stm32f4xx_hal_tim_ex.c.obj
 .debug_loc     0x0000d356     0x49ab CMakeFiles/NewGim.elf.dir/Drivers/STM32F4xx_HAL_Driver/Src/stm32f4xx_hal_uart.c.obj

.debug_aranges  0x00000000     0x1208
 .debug_aranges
                0x00000000       0x38 CMakeFiles/NewGim.elf.dir/infantry/chassis.c.obj
 .debug_aranges
                0x00000038       0x28 CMakeFiles/NewGim.elf.dir/infantry/gimbal.c.obj
 .debug_aranges
                0x00000060       0x88 CMakeFiles/NewGim.elf.dir/infantry/imu.c.obj
 .debug_aranges
                0x000000e8       0x50 CMakeFiles/NewGim.elf.dir/infantry/motors.c.obj
 .debug_aranges
                0x00000138       0x50 CMakeFiles/NewGim.elf.dir/infantry/pid.c.obj
 .debug_aranges
                0x00000188       0x30 CMakeFiles/NewGim.elf.dir/infantry/rc.c.obj
 .debug_aranges
                0x000001b8       0x28 CMakeFiles/NewGim.elf.dir/infantry/referee.c.obj
 .debug_aranges
                0x000001e0       0x38 CMakeFiles/NewGim.elf.dir/Core/Src/can.c.obj
 .debug_aranges
                0x00000218       0x20 CMakeFiles/NewGim.elf.dir/Core/Src/dma.c.obj
 .debug_aranges
                0x00000238       0x20 CMakeFiles/NewGim.elf.dir/Core/Src/gpio.c.obj
 .debug_aranges
                0x00000258       0x20 CMakeFiles/NewGim.elf.dir/Core/Src/iwdg.c.obj
 .debug_aranges
                0x00000278       0x38 CMakeFiles/NewGim.elf.dir/Core/Src/main.c.obj
 .debug_aranges
                0x000002b0       0x30 CMakeFiles/NewGim.elf.dir/Core/Src/spi.c.obj
 .debug_aranges
                0x000002e0       0x20 CMakeFiles/NewGim.elf.dir/Core/Src/stm32f4xx_hal_msp.c.obj
 .debug_aranges
                0x00000300       0xb0 CMakeFiles/NewGim.elf.dir/Core/Src/stm32f4xx_it.c.obj
 .debug_aranges
                0x000003b0       0x28 CMakeFiles/NewGim.elf.dir/Core/Src/system_stm32f4xx.c.obj
 .debug_aranges
                0x000003d8       0x58 CMakeFiles/NewGim.elf.dir/Core/Src/tim.c.obj
 .debug_aranges
                0x00000430       0x40 CMakeFiles/NewGim.elf.dir/Core/Src/usart.c.obj
 .debug_aranges
                0x00000470       0x28 CMakeFiles/NewGim.elf.dir/Core/Startup/startup_stm32f407ighx.s.obj
 .debug_aranges
                0x00000498       0xf0 CMakeFiles/NewGim.elf.dir/Drivers/STM32F4xx_HAL_Driver/Src/stm32f4xx_hal.c.obj
 .debug_aranges
                0x00000588      0x138 CMakeFiles/NewGim.elf.dir/Drivers/STM32F4xx_HAL_Driver/Src/stm32f4xx_hal_can.c.obj
 .debug_aranges
                0x000006c0       0xa8 CMakeFiles/NewGim.elf.dir/Drivers/STM32F4xx_HAL_Driver/Src/stm32f4xx_hal_cortex.c.obj
 .debug_aranges
                0x00000768       0x90 CMakeFiles/NewGim.elf.dir/Drivers/STM32F4xx_HAL_Driver/Src/stm32f4xx_hal_dma.c.obj
 .debug_aranges
                0x000007f8       0x58 CMakeFiles/NewGim.elf.dir/Drivers/STM32F4xx_HAL_Driver/Src/stm32f4xx_hal_gpio.c.obj
 .debug_aranges
                0x00000850       0x28 CMakeFiles/NewGim.elf.dir/Drivers/STM32F4xx_HAL_Driver/Src/stm32f4xx_hal_iwdg.c.obj
 .debug_aranges
                0x00000878       0x88 CMakeFiles/NewGim.elf.dir/Drivers/STM32F4xx_HAL_Driver/Src/stm32f4xx_hal_rcc.c.obj
 .debug_aranges
                0x00000900      0x1d0 CMakeFiles/NewGim.elf.dir/Drivers/STM32F4xx_HAL_Driver/Src/stm32f4xx_hal_spi.c.obj
 .debug_aranges
                0x00000ad0      0x3d0 CMakeFiles/NewGim.elf.dir/Drivers/STM32F4xx_HAL_Driver/Src/stm32f4xx_hal_tim.c.obj
 .debug_aranges
                0x00000ea0      0x168 CMakeFiles/NewGim.elf.dir/Drivers/STM32F4xx_HAL_Driver/Src/stm32f4xx_hal_tim_ex.c.obj
 .debug_aranges
                0x00001008      0x200 CMakeFiles/NewGim.elf.dir/Drivers/STM32F4xx_HAL_Driver/Src/stm32f4xx_hal_uart.c.obj

.debug_ranges   0x00000000     0x10d8
 .debug_ranges  0x00000000       0x28 CMakeFiles/NewGim.elf.dir/infantry/chassis.c.obj
 .debug_ranges  0x00000028       0x18 CMakeFiles/NewGim.elf.dir/infantry/gimbal.c.obj
 .debug_ranges  0x00000040       0x78 CMakeFiles/NewGim.elf.dir/infantry/imu.c.obj
 .debug_ranges  0x000000b8       0x40 CMakeFiles/NewGim.elf.dir/infantry/motors.c.obj
 .debug_ranges  0x000000f8       0x40 CMakeFiles/NewGim.elf.dir/infantry/pid.c.obj
 .debug_ranges  0x00000138       0x38 CMakeFiles/NewGim.elf.dir/infantry/rc.c.obj
 .debug_ranges  0x00000170       0x18 CMakeFiles/NewGim.elf.dir/infantry/referee.c.obj
 .debug_ranges  0x00000188       0x28 CMakeFiles/NewGim.elf.dir/Core/Src/can.c.obj
 .debug_ranges  0x000001b0       0x10 CMakeFiles/NewGim.elf.dir/Core/Src/dma.c.obj
 .debug_ranges  0x000001c0       0x10 CMakeFiles/NewGim.elf.dir/Core/Src/gpio.c.obj
 .debug_ranges  0x000001d0       0x10 CMakeFiles/NewGim.elf.dir/Core/Src/iwdg.c.obj
 .debug_ranges  0x000001e0       0x28 CMakeFiles/NewGim.elf.dir/Core/Src/main.c.obj
 .debug_ranges  0x00000208       0x20 CMakeFiles/NewGim.elf.dir/Core/Src/spi.c.obj
 .debug_ranges  0x00000228       0x10 CMakeFiles/NewGim.elf.dir/Core/Src/stm32f4xx_hal_msp.c.obj
 .debug_ranges  0x00000238       0xa0 CMakeFiles/NewGim.elf.dir/Core/Src/stm32f4xx_it.c.obj
 .debug_ranges  0x000002d8       0x18 CMakeFiles/NewGim.elf.dir/Core/Src/system_stm32f4xx.c.obj
 .debug_ranges  0x000002f0       0x48 CMakeFiles/NewGim.elf.dir/Core/Src/tim.c.obj
 .debug_ranges  0x00000338       0x30 CMakeFiles/NewGim.elf.dir/Core/Src/usart.c.obj
 .debug_ranges  0x00000368       0x20 CMakeFiles/NewGim.elf.dir/Core/Startup/startup_stm32f407ighx.s.obj
 .debug_ranges  0x00000388       0xe0 CMakeFiles/NewGim.elf.dir/Drivers/STM32F4xx_HAL_Driver/Src/stm32f4xx_hal.c.obj
 .debug_ranges  0x00000468      0x128 CMakeFiles/NewGim.elf.dir/Drivers/STM32F4xx_HAL_Driver/Src/stm32f4xx_hal_can.c.obj
 .debug_ranges  0x00000590       0xf8 CMakeFiles/NewGim.elf.dir/Drivers/STM32F4xx_HAL_Driver/Src/stm32f4xx_hal_cortex.c.obj
 .debug_ranges  0x00000688       0x80 CMakeFiles/NewGim.elf.dir/Drivers/STM32F4xx_HAL_Driver/Src/stm32f4xx_hal_dma.c.obj
 .debug_ranges  0x00000708       0x48 CMakeFiles/NewGim.elf.dir/Drivers/STM32F4xx_HAL_Driver/Src/stm32f4xx_hal_gpio.c.obj
 .debug_ranges  0x00000750       0x18 CMakeFiles/NewGim.elf.dir/Drivers/STM32F4xx_HAL_Driver/Src/stm32f4xx_hal_iwdg.c.obj
 .debug_ranges  0x00000768       0x90 CMakeFiles/NewGim.elf.dir/Drivers/STM32F4xx_HAL_Driver/Src/stm32f4xx_hal_rcc.c.obj
 .debug_ranges  0x000007f8      0x1c0 CMakeFiles/NewGim.elf.dir/Drivers/STM32F4xx_HAL_Driver/Src/stm32f4xx_hal_spi.c.obj